Archive member included to satisfy reference by file (symbol)

app/libapp.a(main.c.obj)      (--whole-archive)
app/libapp.a(dummy_partition.c.obj)
                              (--whole-archive)
zephyr/libzephyr.a(cbprintf.c.obj)
                              (--whole-archive)
zephyr/libzephyr.a(cbprintf_packaged.c.obj)
                              (--whole-archive)
zephyr/libzephyr.a(crc32c_sw.c.obj)
                              (--whole-archive)
zephyr/libzephyr.a(crc32_sw.c.obj)
                              (--whole-archive)
zephyr/libzephyr.a(crc16_sw.c.obj)
                              (--whole-archive)
zephyr/libzephyr.a(crc8_sw.c.obj)
                              (--whole-archive)
zephyr/libzephyr.a(crc7_sw.c.obj)
                              (--whole-archive)
zephyr/libzephyr.a(dec.c.obj)
                              (--whole-archive)
zephyr/libzephyr.a(fdtable.c.obj)
                              (--whole-archive)
zephyr/libzephyr.a(hex.c.obj)
                              (--whole-archive)
zephyr/libzephyr.a(notify.c.obj)
                              (--whole-archive)
zephyr/libzephyr.a(printk.c.obj)
                              (--whole-archive)
zephyr/libzephyr.a(onoff.c.obj)
                              (--whole-archive)
zephyr/libzephyr.a(rb.c.obj)  (--whole-archive)
zephyr/libzephyr.a(sem.c.obj)
                              (--whole-archive)
zephyr/libzephyr.a(thread_entry.c.obj)
                              (--whole-archive)
zephyr/libzephyr.a(timeutil.c.obj)
                              (--whole-archive)
zephyr/libzephyr.a(heap.c.obj)
                              (--whole-archive)
zephyr/libzephyr.a(heap-validate.c.obj)
                              (--whole-archive)
zephyr/libzephyr.a(bitarray.c.obj)
                              (--whole-archive)
zephyr/libzephyr.a(multi_heap.c.obj)
                              (--whole-archive)
zephyr/libzephyr.a(cbprintf_complete.c.obj)
                              (--whole-archive)
zephyr/libzephyr.a(assert.c.obj)
                              (--whole-archive)
zephyr/libzephyr.a(reboot.c.obj)
                              (--whole-archive)
zephyr/libzephyr.a(configs.c.obj)
                              (--whole-archive)
zephyr/libzephyr.a(soc.c.obj)
                              (--whole-archive)
zephyr/libzephyr.a(power.c.obj)
                              (--whole-archive)
zephyr/libzephyr.a(soc_nrf_common.S.obj)
                              (--whole-archive)
zephyr/libzephyr.a(soc_secure.c.obj)
                              (--whole-archive)
zephyr/libzephyr.a(validate_base_addresses.c.obj)
                              (--whole-archive)
zephyr/libzephyr.a(validate_enabled_instances.c.obj)
                              (--whole-archive)
zephyr/libzephyr.a(pm.c.obj)  (--whole-archive)
zephyr/libzephyr.a(policy.c.obj)
                              (--whole-archive)
zephyr/libzephyr.a(state.c.obj)
                              (--whole-archive)
zephyr/libzephyr.a(tracing_none.c.obj)
                              (--whole-archive)
zephyr/libzephyr.a(flash_map_partition_manager.c.obj)
                              (--whole-archive)
zephyr/arch/common/libarch__common.a(sw_isr_common.c.obj)
                              (--whole-archive)
zephyr/arch/arch/arm/core/aarch32/libarch__arm__core__aarch32.a(cpu_idle.S.obj)
                              (--whole-archive)
zephyr/arch/arch/arm/core/aarch32/libarch__arm__core__aarch32.a(fatal.c.obj)
                              (--whole-archive)
zephyr/arch/arch/arm/core/aarch32/libarch__arm__core__aarch32.a(irq_manage.c.obj)
                              (--whole-archive)
zephyr/arch/arch/arm/core/aarch32/libarch__arm__core__aarch32.a(nmi.c.obj)
                              (--whole-archive)
zephyr/arch/arch/arm/core/aarch32/libarch__arm__core__aarch32.a(nmi_on_reset.S.obj)
                              (--whole-archive)
zephyr/arch/arch/arm/core/aarch32/libarch__arm__core__aarch32.a(prep_c.c.obj)
                              (--whole-archive)
zephyr/arch/arch/arm/core/aarch32/libarch__arm__core__aarch32.a(swap.c.obj)
                              (--whole-archive)
zephyr/arch/arch/arm/core/aarch32/libarch__arm__core__aarch32.a(swap_helper.S.obj)
                              (--whole-archive)
zephyr/arch/arch/arm/core/aarch32/libarch__arm__core__aarch32.a(thread.c.obj)
                              (--whole-archive)
zephyr/arch/arch/arm/core/aarch32/libarch__arm__core__aarch32.a(isr_wrapper.S.obj)
                              (--whole-archive)
zephyr/arch/arch/arm/core/aarch32/cortex_m/libarch__arm__core__aarch32__cortex_m.a(exc_exit.S.obj)
                              (--whole-archive)
zephyr/arch/arch/arm/core/aarch32/cortex_m/libarch__arm__core__aarch32__cortex_m.a(fault.c.obj)
                              (--whole-archive)
zephyr/arch/arch/arm/core/aarch32/cortex_m/libarch__arm__core__aarch32__cortex_m.a(fault_s.S.obj)
                              (--whole-archive)
[...]
Memory Configuration

Name             Origin             Length             Attributes
FLASH            0x0000000000040000 0x00000000000b8000 xr
SRAM             0x0000000020040000 0x0000000000040000 xw
IDT_LIST         0x00000000fffff7ff 0x0000000000000800 xw
*default*        0x0000000000000000 0xffffffffffffffff

Linker script and memory map

LOAD zephyr/CMakeFiles/zephyr_final.dir/misc/empty_file.c.obj
LOAD zephyr/CMakeFiles/zephyr_final.dir/dev_handles.c.obj
LOAD zephyr/CMakeFiles/zephyr_final.dir/isr_tables.c.obj
                0x0000000000000020                _region_min_align = 0x20

.rel.plt        0x0000000000040000        0x0
 *(SORT_BY_ALIGNMENT(.rel.plt))
                [!provide]                        PROVIDE (__rel_iplt_start = .)
 *(SORT_BY_ALIGNMENT(.rel.iplt))
 .rel.iplt      0x0000000000040000        0x0 zephyr/CMakeFiles/zephyr_final.dir/isr_tables.c.obj
                [!provide]                        PROVIDE (__rel_iplt_end = .)

.rela.plt       0x0000000000000000        0x0
 *(SORT_BY_ALIGNMENT(.rela.plt))
                [!provide]                        PROVIDE (__rela_iplt_start = .)
 *(SORT_BY_ALIGNMENT(.rela.iplt))
                [!provide]                        PROVIDE (__rela_iplt_end = .)

.rel.dyn
 *(SORT_BY_ALIGNMENT(.rel.*))

.rela.dyn
 *(SORT_BY_ALIGNMENT(.rela.*))

/DISCARD/
 *(SORT_BY_ALIGNMENT(.plt))
 *(SORT_BY_ALIGNMENT(.iplt))
 *(SORT_BY_ALIGNMENT(.got.plt))
 *(SORT_BY_ALIGNMENT(.igot.plt))
 *(SORT_BY_ALIGNMENT(.got))
 *(SORT_BY_ALIGNMENT(.igot))
 *(SORT_BY_ALIGNMENT(.irq_info*))
 *(SORT_BY_ALIGNMENT(.intList*))
 *(SORT_BY_ALIGNMENT(.note.GNU-stack))
                0x0000000000040000                __rom_region_start = 0x40000

rom_start       0x0000000000040000      0x154
                0x0000000000000000                . = 0x0
                0x0000000000000000                . = ALIGN (0x4)
                0x0000000000000000                . = ALIGN (0x80)
                0x0000000000000000                . = ALIGN (0x200)
                0x0000000000040000                _vector_start = .
 *(SORT_BY_ALIGNMENT(.exc_vector_table))
 *(SORT_BY_ALIGNMENT(.exc_vector_table.*))
 .exc_vector_table._vector_table_section
                0x0000000000040000       0x40 zephyr/arch/arch/arm/core/aarch32/cortex_m/libarch__arm__core__aarch32__cortex_m.a(vector_table.S.obj)
                0x0000000000040000                _vector_table
 *(SORT_BY_ALIGNMENT(.gnu.linkonce.irq_vector_table*))
 .gnu.linkonce.irq_vector_table
                0x0000000000040040      0x114 zephyr/CMakeFiles/zephyr_final.dir/isr_tables.c.obj
                0x0000000000040040                _irq_vector_table
 *(SORT_BY_ALIGNMENT(.vectors))
                0x0000000000040154                _vector_end = .

text            0x0000000000040154     0x4d80
                0x0000000000040154                __text_region_start = .
 *(SORT_BY_ALIGNMENT(.text))
 .text          0x0000000000040154       0x30 e:/programs/nordic/toolchains/v2.0.0/opt/zephyr-sdk/arm-zephyr-eabi/bin/../lib/gcc/arm-zephyr-eabi/10.3.0/thumb/v8-m.main/nofp\libgcc.a(_aeabi_uldivmod.o)
                0x0000000000040154                __aeabi_uldivmod
 .text          0x0000000000040184        0x4 e:/programs/nordic/toolchains/v2.0.0/opt/zephyr-sdk/arm-zephyr-eabi/bin/../lib/gcc/arm-zephyr-eabi/10.3.0/thumb/v8-m.main/nofp\libgcc.a(_dvmd_tls.o)
                0x0000000000040184                __aeabi_idiv0
                0x0000000000040184                __aeabi_ldiv0
 .text          0x0000000000040188      0x2a2 e:/programs/nordic/toolchains/v2.0.0/opt/zephyr-sdk/arm-zephyr-eabi/bin/../lib/gcc/arm-zephyr-eabi/10.3.0/thumb/v8-m.main/nofp\libgcc.a(_udivmoddi4.o)
                0x0000000000040188                __udivmoddi4
 *(SORT_BY_ALIGNMENT(.text.*))
 *fill*         0x000000000004042a        0x2 
 .text.main     0x000000000004042c       0x64 app/libapp.a(main.c.obj)
                0x000000000004042c                main
 .text.dp_secret_digest
                0x0000000000040490       0x2c app/libapp.a(dummy_partition.c.obj)
                0x0000000000040490                dp_secret_digest
 .text.char_out
                0x00000000000404bc       0x10 zephyr/libzephyr.a(printk.c.obj)
 .text.__printk_hook_install
                0x00000000000404cc        0xc zephyr/libzephyr.a(printk.c.obj)
                0x00000000000404cc                __printk_hook_install
 .text.vprintk  0x00000000000404d8       0x1c zephyr/libzephyr.a(printk.c.obj)
                0x00000000000404d8                vprintk
 .text.process_event
                0x00000000000404f4      0x1c0 zephyr/libzephyr.a(onoff.c.obj)
 .text.cbvprintf
                0x00000000000406b4      0x784 zephyr/libzephyr.a(cbprintf_complete.c.obj)
                0x00000000000406b4                cbvprintf
 .text.arch_busy_wait
                0x0000000000040e38       0x24 zephyr/libzephyr.a(soc.c.obj)
                0x0000000000040e38                arch_busy_wait
 .text.pm_state_notify
                0x0000000000040e5c       0x5c zephyr/libzephyr.a(pm.c.obj)
 .text.atomic_clear_bit.constprop.0
                0x0000000000040eb8       0x28 zephyr/libzephyr.a(pm.c.obj)
 .text.pm_system_resume
                0x0000000000040ee0       0x74 zephyr/libzephyr.a(pm.c.obj)
                0x0000000000040ee0                pm_system_resume
 .text.pm_system_suspend
                0x0000000000040f54       0xe0 zephyr/libzephyr.a(pm.c.obj)
                0x0000000000040f54                pm_system_suspend
 .text.pm_policy_state_lock_is_active
                0x0000000000041034       0x18 zephyr/libzephyr.a(policy.c.obj)
                0x0000000000041034                pm_policy_state_lock_is_active
 .text.pm_policy_next_state
                0x000000000004104c       0x9c zephyr/libzephyr.a(policy.c.obj)
                0x000000000004104c                pm_policy_next_state
 .text.pm_state_cpu_get_all
                0x00000000000410e8       0x10 zephyr/libzephyr.a(state.c.obj)
                0x00000000000410e8                pm_state_cpu_get_all
 .text.z_arm_cpu_idle_init
                0x00000000000410f8        0xc zephyr/arch/arch/arm/core/aarch32/libarch__arm__core__aarch32.a(cpu_idle.S.obj)
                0x00000000000410f8                z_arm_cpu_idle_init
 .text.arch_cpu_idle
                0x0000000000041104       0x1c zephyr/arch/arch/arm/core/aarch32/libarch__arm__core__aarch32.a(cpu_idle.S.obj)
                0x0000000000041104                arch_cpu_idle
 .text.arch_cpu_atomic_idle
                0x0000000000041120       0x14 zephyr/arch/arch/arm/core/aarch32/libarch__arm__core__aarch32.a(cpu_idle.S.obj)
                0x0000000000041120                arch_cpu_atomic_idle
 .text.arch_irq_enable
                0x0000000000041134       0x20 zephyr/arch/arch/arm/core/aarch32/libarch__arm__core__aarch32.a(irq_manage.c.obj)
                0x0000000000041134                arch_irq_enable
 .text.arch_irq_is_enabled
                0x0000000000041154       0x1c zephyr/arch/arch/arm/core/aarch32/libarch__arm__core__aarch32.a(irq_manage.c.obj)
                0x0000000000041154                arch_irq_is_enabled
 .text.z_arm_irq_priority_set
                0x0000000000041170       0x2c zephyr/arch/arch/arm/core/aarch32/libarch__arm__core__aarch32.a(irq_manage.c.obj)
                0x0000000000041170                z_arm_irq_priority_set
 .text.z_SysNmiOnReset
                0x000000000004119c        0x8 zephyr/arch/arch/arm/core/aarch32/libarch__arm__core__aarch32.a(nmi_on_reset.S.obj)
                0x000000000004119c                z_SysNmiOnReset
 .text.z_arm_prep_c
                0x00000000000411a4       0x38 zephyr/arch/arch/arm/core/aarch32/libarch__arm__core__aarch32.a(prep_c.c.obj)
                0x00000000000411a4                z_arm_prep_c
 .text.arch_swap
                0x00000000000411dc       0x34 zephyr/arch/arch/arm/core/aarch32/libarch__arm__core__aarch32.a(swap.c.obj)
                0x00000000000411dc                arch_swap
 .text.z_arm_pendsv
                0x0000000000041210       0x60 zephyr/arch/arch/arm/core/aarch32/libarch__arm__core__aarch32.a(swap_helper.S.obj)
                0x0000000000041210                z_arm_pendsv
 .text.z_arm_svc
                0x0000000000041270       0x20 zephyr/arch/arch/arm/core/aarch32/libarch__arm__core__aarch32.a(swap_helper.S.obj)
                0x0000000000041270                z_arm_svc
 .text.arch_new_thread
                0x0000000000041290       0x3c zephyr/arch/arch/arm/core/aarch32/libarch__arm__core__aarch32.a(thread.c.obj)
                0x0000000000041290                arch_new_thread
 .text.arch_switch_to_main_thread
                0x00000000000412cc       0x28 zephyr/arch/arch/arm/core/aarch32/libarch__arm__core__aarch32.a(thread.c.obj)
                0x00000000000412cc                arch_switch_to_main_thread
 .text._isr_wrapper
                0x00000000000412f4       0x40 zephyr/arch/arch/arm/core/aarch32/libarch__arm__core__aarch32.a(isr_wrapper.S.obj)
                0x00000000000412f4                _isr_wrapper
 .text._HandlerModeExit
                0x0000000000041334       0x1c zephyr/arch/arch/arm/core/aarch32/cortex_m/libarch__arm__core__aarch32__cortex_m.a(exc_exit.S.obj)
                0x0000000000041334                z_arm_int_exit
                0x0000000000041334                z_arm_exc_exit
 .text.usage_fault.constprop.0
                0x0000000000041350       0x2c zephyr/arch/arch/arm/core/aarch32/cortex_m/libarch__arm__core__aarch32__cortex_m.a(fault.c.obj)
 .text.bus_fault.constprop.0
                0x000000000004137c       0x3c zephyr/arch/arch/arm/core/aarch32/cortex_m/libarch__arm__core__aarch32__cortex_m.a(fault.c.obj)
 .text.mem_manage_fault.constprop.0
                0x00000000000413b8       0x50 zephyr/arch/arch/arm/core/aarch32/cortex_m/libarch__arm__core__aarch32__cortex_m.a(fault.c.obj)
 .text.z_arm_fault
                0x0000000000041408      0x100 zephyr/arch/arch/arm/core/aarch32/cortex_m/libarch__arm__core__aarch32__cortex_m.a(fault.c.obj)
                0x0000000000041408                z_arm_fault
 .text.z_arm_fault_init
                0x0000000000041508       0x18 zephyr/arch/arch/arm/core/aarch32/cortex_m/libarch__arm__core__aarch32__cortex_m.a(fault.c.obj)
                0x0000000000041508                z_arm_fault_init
 .text.__fault  0x0000000000041520       0x14 zephyr/arch/arch/arm/core/aarch32/cortex_m/libarch__arm__core__aarch32__cortex_m.a(fault_s.S.obj)
                0x0000000000041520                z_arm_usage_fault
                0x0000000000041520                z_arm_mpu_fault
                0x0000000000041520                z_arm_exc_spurious
                0x0000000000041520                z_arm_debug_monitor
                0x0000000000041520                z_arm_hard_fault
                0x0000000000041520                z_arm_bus_fault
 .text.z_arm_interrupt_init
                0x0000000000041534       0x18 zephyr/arch/arch/arm/core/aarch32/cortex_m/libarch__arm__core__aarch32__cortex_m.a(irq_init.c.obj)
                0x0000000000041534                z_arm_interrupt_init
 .text._reset_section
                0x000000000004154c       0x60 zephyr/arch/arch/arm/core/aarch32/cortex_m/libarch__arm__core__aarch32__cortex_m.a(reset.S.obj)
                0x000000000004154c                __start
                0x000000000004154c                z_arm_reset
 .text.sys_arch_reboot
                0x00000000000415ac       0x24 zephyr/arch/arch/arm/core/aarch32/cortex_m/libarch__arm__core__aarch32__cortex_m.a(scb.c.obj)
                0x00000000000415ac                sys_arch_reboot
 .text.z_arm_clear_arm_mpu_config
                0x00000000000415d0       0x24 zephyr/arch/arch/arm/core/aarch32/cortex_m/libarch__arm__core__aarch32__cortex_m.a(scb.c.obj)
                0x00000000000415d0                z_arm_clear_arm_mpu_config
 .text.z_arm_init_arch_hw_at_boot
                0x00000000000415f4       0x48 zephyr/arch/arch/arm/core/aarch32/cortex_m/libarch__arm__core__aarch32__cortex_m.a(scb.c.obj)
                0x00000000000415f4                z_arm_init_arch_hw_at_boot
 .text.z_impl_k_thread_abort
                0x000000000004163c       0x2c zephyr/arch/arch/arm/core/aarch32/cortex_m/libarch__arm__core__aarch32__cortex_m.a(thread_abort.c.obj)
                0x000000000004163c                z_impl_k_thread_abort
 .text.z_arm_configure_static_mpu_regions
                0x0000000000041668       0x38 zephyr/arch/arch/arm/core/aarch32/mpu/libarch__arm__core__aarch32__mpu.a(arm_core_mpu.c.obj)
                0x0000000000041668                z_arm_configure_static_mpu_regions
 .text.region_init
                0x00000000000416a0       0x34 zephyr/arch/arch/arm/core/aarch32/mpu/libarch__arm__core__aarch32__mpu.a(arm_mpu.c.obj)
 .text.mpu_configure_regions_and_partition.constprop.0
                0x00000000000416d4      0x15c zephyr/arch/arch/arm/core/aarch32/mpu/libarch__arm__core__aarch32__mpu.a(arm_mpu.c.obj)
 .text.arm_core_mpu_enable
                0x0000000000041830       0x18 zephyr/arch/arch/arm/core/aarch32/mpu/libarch__arm__core__aarch32__mpu.a(arm_mpu.c.obj)
                0x0000000000041830                arm_core_mpu_enable
 .text.arm_core_mpu_disable
                0x0000000000041848       0x14 zephyr/arch/arch/arm/core/aarch32/mpu/libarch__arm__core__aarch32__mpu.a(arm_mpu.c.obj)
                0x0000000000041848                arm_core_mpu_disable
 .text.arm_core_mpu_configure_static_mpu_regions
                0x000000000004185c       0x14 zephyr/arch/arch/arm/core/aarch32/mpu/libarch__arm__core__aarch32__mpu.a(arm_mpu.c.obj)
                0x000000000004185c                arm_core_mpu_configure_static_mpu_regions
 .text.arm_core_mpu_mark_areas_for_dynamic_regions
                0x0000000000041870       0xb8 zephyr/arch/arch/arm/core/aarch32/mpu/libarch__arm__core__aarch32__mpu.a(arm_mpu.c.obj)
                0x0000000000041870                arm_core_mpu_mark_areas_for_dynamic_regions
 .text.z_arm_mpu_init
                0x0000000000041928       0x4c zephyr/arch/arch/arm/core/aarch32/mpu/libarch__arm__core__aarch32__mpu.a(arm_mpu.c.obj)
                0x0000000000041928                z_arm_mpu_init
 .text._exit    0x0000000000041974       0x10 zephyr/lib/libc/minimal/liblib__libc__minimal.a(exit.c.obj)
                0x0000000000041974                _exit
 .text.__stdout_hook_install
                0x0000000000041984        0xc zephyr/lib/libc/minimal/liblib__libc__minimal.a(stdout_console.c.obj)
                0x0000000000041984                __stdout_hook_install
 .text.onoff_stop
                0x0000000000041990       0x30 zephyr/drivers/clock_control/libdrivers__clock_control.a(clock_control_nrf.c.obj)
 .text.onoff_start
                0x00000000000419c0       0x44 zephyr/drivers/clock_control/libdrivers__clock_control.a(clock_control_nrf.c.obj)
 .text.clk_init
                0x0000000000041a04       0x64 zephyr/drivers/clock_control/libdrivers__clock_control.a(clock_control_nrf.c.obj)
 .text.clkstarted_handle.constprop.0
                0x0000000000041a68       0x34 zephyr/drivers/clock_control/libdrivers__clock_control.a(clock_control_nrf.c.obj)
 .text.clock_event_handler
                0x0000000000041a9c       0x30 zephyr/drivers/clock_control/libdrivers__clock_control.a(clock_control_nrf.c.obj)
 .text.generic_hfclk_start
                0x0000000000041acc       0x64 zephyr/drivers/clock_control/libdrivers__clock_control.a(clock_control_nrf.c.obj)
 .text.api_blocking_start
                0x0000000000041b30       0x34 zephyr/drivers/clock_control/libdrivers__clock_control.a(clock_control_nrf.c.obj)
 .text.generic_hfclk_stop
                0x0000000000041b64       0x24 zephyr/drivers/clock_control/libdrivers__clock_control.a(clock_control_nrf.c.obj)
 .text.z_nrf_clock_control_lf_on
                0x0000000000041b88       0xf8 zephyr/drivers/clock_control/libdrivers__clock_control.a(clock_control_nrf.c.obj)
                0x0000000000041b88                z_nrf_clock_control_lf_on
 .text.uart_console_init
                0x0000000000041c80       0x30 zephyr/drivers/console/libdrivers__console.a(uart_console.c.obj)
 .text.console_out
                0x0000000000041cb0       0x28 zephyr/drivers/console/libdrivers__console.a(uart_console.c.obj)
 .text.gpio_nrfx_pin_interrupt_configure
                0x0000000000041cd8       0xd8 zephyr/drivers/gpio/libdrivers__gpio.a(gpio_nrfx.c.obj)
 .text.gpio_nrfx_init
                0x0000000000041db0       0x38 zephyr/drivers/gpio/libdrivers__gpio.a(gpio_nrfx.c.obj)
 .text.nrfx_gpio_handler
                0x0000000000041de8       0x44 zephyr/drivers/gpio/libdrivers__gpio.a(gpio_nrfx.c.obj)
 .text.gpio_nrfx_pin_configure
                0x0000000000041e2c      0x154 zephyr/drivers/gpio/libdrivers__gpio.a(gpio_nrfx.c.obj)
 .text.uarte_nrfx_configure
                0x0000000000041f80      0x17c zephyr/drivers/serial/libdrivers__serial.a(uart_nrfx_uarte.c.obj)
 .text.uarte_0_init
                0x00000000000420fc       0xf0 zephyr/drivers/serial/libdrivers__serial.a(uart_nrfx_uarte.c.obj)
 .text.uarte_nrfx_poll_out
                0x00000000000421ec       0xc4 zephyr/drivers/serial/libdrivers__serial.a(uart_nrfx_uarte.c.obj)
 .text.compare_int_lock
                0x00000000000422b0       0x44 zephyr/drivers/timer/libdrivers__timer.a(nrf_rtc_timer.c.obj)
 .text.sys_clock_timeout_handler
                0x00000000000422f4       0x78 zephyr/drivers/timer/libdrivers__timer.a(nrf_rtc_timer.c.obj)
 .text.compare_int_unlock
                0x000000000004236c       0x50 zephyr/drivers/timer/libdrivers__timer.a(nrf_rtc_timer.c.obj)
 .text.z_nrf_rtc_timer_read
                0x00000000000423bc       0x44 zephyr/drivers/timer/libdrivers__timer.a(nrf_rtc_timer.c.obj)
                0x00000000000423bc                z_nrf_rtc_timer_read
 .text.compare_set
                0x0000000000042400      0x13c zephyr/drivers/timer/libdrivers__timer.a(nrf_rtc_timer.c.obj)
 .text.sys_clock_driver_init
                0x000000000004253c       0x80 zephyr/drivers/timer/libdrivers__timer.a(nrf_rtc_timer.c.obj)
 .text.rtc_nrf_isr
                0x00000000000425bc       0xe8 zephyr/drivers/timer/libdrivers__timer.a(nrf_rtc_timer.c.obj)
                0x00000000000425bc                rtc_nrf_isr
 .text.sys_clock_set_timeout
                0x00000000000426a4       0x60 zephyr/drivers/timer/libdrivers__timer.a(nrf_rtc_timer.c.obj)
                0x00000000000426a4                sys_clock_set_timeout
 .text.sys_clock_elapsed
                0x0000000000042704       0x14 zephyr/drivers/timer/libdrivers__timer.a(nrf_rtc_timer.c.obj)
                0x0000000000042704                sys_clock_elapsed
 .text.nrf_pin_configure
                0x0000000000042718       0x50 zephyr/drivers/pinctrl/libdrivers__pinctrl.a(pinctrl_nrf.c.obj)
 .text.nrf_gpio_pin_set
                0x0000000000042768       0x20 zephyr/drivers/pinctrl/libdrivers__pinctrl.a(pinctrl_nrf.c.obj)
 .text.nrf_gpio_pin_write
                0x0000000000042788       0x28 zephyr/drivers/pinctrl/libdrivers__pinctrl.a(pinctrl_nrf.c.obj)
 .text.tfm_ns_interface_dispatch
                0x00000000000427b0       0x64 modules/trusted-firmware-m/libtfm_api.a(interface.c.obj)
                0x00000000000427b0                tfm_ns_interface_dispatch
 .text.SystemCoreClockUpdate
                0x0000000000042814       0x20 modules/hal_nordic/nrfx/libmodules__hal_nordic__nrfx.a(system_nrf5340_application.c.obj)
                0x0000000000042814                SystemCoreClockUpdate
 .text.nrfx_flag32_alloc
                0x0000000000042834       0x44 modules/hal_nordic/nrfx/libmodules__hal_nordic__nrfx.a(nrfx_flag32_allocator.c.obj)
                0x0000000000042834                nrfx_flag32_alloc
 .text.nrfx_flag32_free
                0x0000000000042878       0x3c modules/hal_nordic/nrfx/libmodules__hal_nordic__nrfx.a(nrfx_flag32_allocator.c.obj)
                0x0000000000042878                nrfx_flag32_free
 .text.clock_stop
                0x00000000000428b4       0xf0 modules/hal_nordic/nrfx/libmodules__hal_nordic__nrfx.a(nrfx_clock.c.obj)
 .text.nrfx_clock_init
                0x00000000000429a4       0x20 modules/hal_nordic/nrfx/libmodules__hal_nordic__nrfx.a(nrfx_clock.c.obj)
                0x00000000000429a4                nrfx_clock_init
 .text.nrfx_clock_enable
                0x00000000000429c4       0x28 modules/hal_nordic/nrfx/libmodules__hal_nordic__nrfx.a(nrfx_clock.c.obj)
                0x00000000000429c4                nrfx_clock_enable
 .text.nrfx_clock_start
                0x00000000000429ec       0xbc modules/hal_nordic/nrfx/libmodules__hal_nordic__nrfx.a(nrfx_clock.c.obj)
                0x00000000000429ec                nrfx_clock_start
 .text.nrfx_power_clock_irq_handler
                0x0000000000042aa8       0xac modules/hal_nordic/nrfx/libmodules__hal_nordic__nrfx.a(nrfx_clock.c.obj)
                0x0000000000042aa8                nrfx_power_clock_irq_handler
 .text.nrfx_dppi_channel_alloc
                0x0000000000042b54        0xc modules/hal_nordic/nrfx/libmodules__hal_nordic__nrfx.a(nrfx_dppi.c.obj)
                0x0000000000042b54                nrfx_dppi_channel_alloc
 .text.nrf_gpio_pin_port_decode
                0x0000000000042b60       0x20 modules/hal_nordic/nrfx/libmodules__hal_nordic__nrfx.a(nrfx_gpiote.c.obj)
 .text.pin_in_use_by_te
                0x0000000000042b80       0x14 modules/hal_nordic/nrfx/libmodules__hal_nordic__nrfx.a(nrfx_gpiote.c.obj)
 .text.call_handler
                0x0000000000042b94       0x3c modules/hal_nordic/nrfx/libmodules__hal_nordic__nrfx.a(nrfx_gpiote.c.obj)
 .text.release_handler
                0x0000000000042bd0       0x54 modules/hal_nordic/nrfx/libmodules__hal_nordic__nrfx.a(nrfx_gpiote.c.obj)
 .text.pin_handler_trigger_uninit
                0x0000000000042c24       0x3c modules/hal_nordic/nrfx/libmodules__hal_nordic__nrfx.a(nrfx_gpiote.c.obj)
 .text.nrfx_gpiote_input_configure
                0x0000000000042c60      0x158 modules/hal_nordic/nrfx/libmodules__hal_nordic__nrfx.a(nrfx_gpiote.c.obj)
                0x0000000000042c60                nrfx_gpiote_input_configure
 .text.nrfx_gpiote_output_configure
                0x0000000000042db8       0xe8 modules/hal_nordic/nrfx/libmodules__hal_nordic__nrfx.a(nrfx_gpiote.c.obj)
                0x0000000000042db8                nrfx_gpiote_output_configure
 .text.nrfx_gpiote_global_callback_set
                0x0000000000042ea0        0xc modules/hal_nordic/nrfx/libmodules__hal_nordic__nrfx.a(nrfx_gpiote.c.obj)
                0x0000000000042ea0                nrfx_gpiote_global_callback_set
 .text.nrfx_gpiote_channel_get
                0x0000000000042eac       0x2c modules/hal_nordic/nrfx/libmodules__hal_nordic__nrfx.a(nrfx_gpiote.c.obj)
                0x0000000000042eac                nrfx_gpiote_channel_get
 .text.nrfx_gpiote_init
                0x0000000000042ed8       0x50 modules/hal_nordic/nrfx/libmodules__hal_nordic__nrfx.a(nrfx_gpiote.c.obj)
                0x0000000000042ed8                nrfx_gpiote_init
 .text.nrfx_gpiote_is_init
                0x0000000000042f28       0x14 modules/hal_nordic/nrfx/libmodules__hal_nordic__nrfx.a(nrfx_gpiote.c.obj)
                0x0000000000042f28                nrfx_gpiote_is_init
 .text.nrfx_gpiote_channel_free
                0x0000000000042f3c        0xc modules/hal_nordic/nrfx/libmodules__hal_nordic__nrfx.a(nrfx_gpiote.c.obj)
                0x0000000000042f3c                nrfx_gpiote_channel_free
 .text.nrfx_gpiote_channel_alloc
                0x0000000000042f48        0xc modules/hal_nordic/nrfx/libmodules__hal_nordic__nrfx.a(nrfx_gpiote.c.obj)
                0x0000000000042f48                nrfx_gpiote_channel_alloc
 .text.nrfx_gpiote_trigger_enable
                0x0000000000042f54       0x8c modules/hal_nordic/nrfx/libmodules__hal_nordic__nrfx.a(nrfx_gpiote.c.obj)
                0x0000000000042f54                nrfx_gpiote_trigger_enable
 .text.nrfx_gpiote_trigger_disable
                0x0000000000042fe0       0x50 modules/hal_nordic/nrfx/libmodules__hal_nordic__nrfx.a(nrfx_gpiote.c.obj)
                0x0000000000042fe0                nrfx_gpiote_trigger_disable
 .text.nrfx_gpiote_pin_uninit
                0x0000000000043030       0x50 modules/hal_nordic/nrfx/libmodules__hal_nordic__nrfx.a(nrfx_gpiote.c.obj)
                0x0000000000043030                nrfx_gpiote_pin_uninit
 .text.nrfx_gpiote_irq_handler
                0x0000000000043080      0x1a4 modules/hal_nordic/nrfx/libmodules__hal_nordic__nrfx.a(nrfx_gpiote.c.obj)
                0x0000000000043080                nrfx_gpiote_irq_handler
 .text.mbedtls_platform_set_calloc_free
                0x0000000000043224       0x14 modules/nrfxlib/nrfxlib/nrf_security/src/zephyr/libmbedtls_zephyr.a(platform.c.obj)
                0x0000000000043224                mbedtls_platform_set_calloc_free
 .text._heap_init
                0x0000000000043238       0x10 modules/nrfxlib/nrfxlib/nrf_security/src/zephyr/libmbedtls_zephyr.a(mbedtls_heap.c.obj)
                0x0000000000043238                _heap_init
 .text.verify_header
                0x0000000000043248       0x40 modules/nrfxlib/nrfxlib/nrf_security/src/zephyr/libmbedtls_zephyr.a(memory_buffer_alloc.c.obj)
 .text.verify_chain
                0x0000000000043288       0x3c modules/nrfxlib/nrfxlib/nrf_security/src/zephyr/libmbedtls_zephyr.a(memory_buffer_alloc.c.obj)
 .text.buffer_alloc_calloc
                0x00000000000432c4      0x10c modules/nrfxlib/nrfxlib/nrf_security/src/zephyr/libmbedtls_zephyr.a(memory_buffer_alloc.c.obj)
 .text.buffer_alloc_free
                0x00000000000433d0      0x100 modules/nrfxlib/nrfxlib/nrf_security/src/zephyr/libmbedtls_zephyr.a(memory_buffer_alloc.c.obj)
 .text.mbedtls_memory_buffer_alloc_init
                0x00000000000434d0       0x64 modules/nrfxlib/nrfxlib/nrf_security/src/zephyr/libmbedtls_zephyr.a(memory_buffer_alloc.c.obj)
                0x00000000000434d0                mbedtls_memory_buffer_alloc_init
 .text.z_sys_init_run_level
                0x0000000000043534       0x40 zephyr/kernel/libkernel.a(device.c.obj)
                0x0000000000043534                z_sys_init_run_level
 .text.z_impl_z_errno
                0x0000000000043574        0xc zephyr/kernel/libkernel.a(errno.c.obj)
                0x0000000000043574                z_impl_z_errno
 .text.bg_thread_main
                0x0000000000043580       0x34 zephyr/kernel/libkernel.a(init.c.obj)
 .text.z_bss_zero
                0x00000000000435b4       0x18 zephyr/kernel/libkernel.a(init.c.obj)
                0x00000000000435b4                z_bss_zero
 .text.z_init_cpu
                0x00000000000435cc       0x68 zephyr/kernel/libkernel.a(init.c.obj)
                0x00000000000435cc                z_init_cpu
 .text.z_cstart
                0x0000000000043634       0xd4 zephyr/kernel/libkernel.a(init.c.obj)
                0x0000000000043634                z_cstart
 .text.z_setup_new_thread
                0x0000000000043708       0x60 zephyr/kernel/libkernel.a(thread.c.obj)
                0x0000000000043708                z_setup_new_thread
 .text.z_init_static_threads
                0x0000000000043768       0xb8 zephyr/kernel/libkernel.a(thread.c.obj)
                0x0000000000043768                z_init_static_threads
 .text.idle     0x0000000000043820       0x38 zephyr/kernel/libkernel.a(idle.c.obj)
                0x0000000000043820                idle
 .text.z_impl_k_mutex_lock
                0x0000000000043858       0xf0 zephyr/kernel/libkernel.a(mutex.c.obj)
                0x0000000000043858                z_impl_k_mutex_lock
 .text.z_impl_k_mutex_unlock
                0x0000000000043948       0x84 zephyr/kernel/libkernel.a(mutex.c.obj)
                0x0000000000043948                z_impl_k_mutex_unlock
 .text.z_impl_k_sem_give
                0x00000000000439cc       0x40 zephyr/kernel/libkernel.a(sem.c.obj)
                0x00000000000439cc                z_impl_k_sem_give
 .text.z_impl_k_sem_take
                0x0000000000043a0c       0x50 zephyr/kernel/libkernel.a(sem.c.obj)
                0x0000000000043a0c                z_impl_k_sem_take
 .text.z_reset_time_slice
                0x0000000000043a5c       0x28 zephyr/kernel/libkernel.a(sched.c.obj)
                0x0000000000043a5c                z_reset_time_slice
 .text.k_sched_time_slice_set
                0x0000000000043a84       0x64 zephyr/kernel/libkernel.a(sched.c.obj)
                0x0000000000043a84                k_sched_time_slice_set
 .text.z_reschedule
                0x0000000000043ae8       0x24 zephyr/kernel/libkernel.a(sched.c.obj)
                0x0000000000043ae8                z_reschedule
 .text.k_sched_lock
                0x0000000000043b0c       0x28 zephyr/kernel/libkernel.a(sched.c.obj)
                0x0000000000043b0c                k_sched_lock
 .text.update_cache
                0x0000000000043b34       0x40 zephyr/kernel/libkernel.a(sched.c.obj)
 .text.move_thread_to_end_of_prio_q
                0x0000000000043b74       0x74 zephyr/kernel/libkernel.a(sched.c.obj)
 .text.z_time_slice
                0x0000000000043be8       0x84 zephyr/kernel/libkernel.a(sched.c.obj)
                0x0000000000043be8                z_time_slice
 .text.ready_thread
                0x0000000000043c6c       0x6c zephyr/kernel/libkernel.a(sched.c.obj)
 .text.z_sched_start
                0x0000000000043cd8       0x3c zephyr/kernel/libkernel.a(sched.c.obj)
                0x0000000000043cd8                z_sched_start
 .text.unready_thread
                0x0000000000043d14       0x30 zephyr/kernel/libkernel.a(sched.c.obj)
 .text.pend     0x0000000000043d44       0x4c zephyr/kernel/libkernel.a(sched.c.obj)
 .text.z_pend_curr
                0x0000000000043d90       0x28 zephyr/kernel/libkernel.a(sched.c.obj)
                0x0000000000043d90                z_pend_curr
 .text.z_set_prio
                0x0000000000043db8       0x90 zephyr/kernel/libkernel.a(sched.c.obj)
                0x0000000000043db8                z_set_prio
 .text.z_impl_k_thread_suspend
                0x0000000000043e48       0x64 zephyr/kernel/libkernel.a(sched.c.obj)
                0x0000000000043e48                z_impl_k_thread_suspend
 .text.k_sched_unlock
                0x0000000000043eac       0x38 zephyr/kernel/libkernel.a(sched.c.obj)
                0x0000000000043eac                k_sched_unlock
 .text.z_sched_init
                0x0000000000043ee4       0x18 zephyr/kernel/libkernel.a(sched.c.obj)
                0x0000000000043ee4                z_sched_init
 .text.z_impl_k_yield
                0x0000000000043efc       0x80 zephyr/kernel/libkernel.a(sched.c.obj)
                0x0000000000043efc                z_impl_k_yield
 .text.z_tick_sleep
                0x0000000000043f7c       0x90 zephyr/kernel/libkernel.a(sched.c.obj)
 .text.z_impl_k_sleep
                0x000000000004400c       0x34 zephyr/kernel/libkernel.a(sched.c.obj)
                0x000000000004400c                z_impl_k_sleep
 .text.z_impl_z_current_get
                0x0000000000044040        0xc zephyr/kernel/libkernel.a(sched.c.obj)
                0x0000000000044040                z_impl_z_current_get
 .text.z_thread_abort
                0x000000000004404c       0xa4 zephyr/kernel/libkernel.a(sched.c.obj)
                0x000000000004404c                z_thread_abort
 .text.z_data_copy
                0x00000000000440f0       0x34 zephyr/kernel/libkernel.a(xip.c.obj)
                0x00000000000440f0                z_data_copy
 .text.elapsed  0x0000000000044124       0x14 zephyr/kernel/libkernel.a(timeout.c.obj)
 .text.next_timeout
                0x0000000000044138       0x4c zephyr/kernel/libkernel.a(timeout.c.obj)
 .text.remove_timeout
                0x0000000000044184       0x34 zephyr/kernel/libkernel.a(timeout.c.obj)
 .text.z_add_timeout
                0x00000000000441b8       0xf4 zephyr/kernel/libkernel.a(timeout.c.obj)
                0x00000000000441b8                z_add_timeout
 .text.sys_clock_announce
                0x00000000000442ac       0xb8 zephyr/kernel/libkernel.a(timeout.c.obj)
                0x00000000000442ac                sys_clock_announce
 .text.sys_clock_tick_get
                0x0000000000044364       0x30 zephyr/kernel/libkernel.a(timeout.c.obj)
                0x0000000000044364                sys_clock_tick_get
 .text.boot_banner
                0x0000000000044394       0x18 zephyr/kernel/libkernel.a(banner.c.obj)
                0x0000000000044394                boot_banner
 .text.psa_generate_random
                0x00000000000443ac       0x40 tfm/app/libtfm_api_ns.a(tfm_crypto_func_api.o)
                0x00000000000443ac                psa_generate_random
 .text.sys_notify_validate
                0x00000000000443ec       0x22 zephyr/libzephyr.a(notify.c.obj)
                0x00000000000443ec                sys_notify_validate
 .text.sys_notify_finalize
                0x000000000004440e       0x1a zephyr/libzephyr.a(notify.c.obj)
                0x000000000004440e                sys_notify_finalize
 .text.arch_printk_char_out
                0x0000000000044428        0x4 zephyr/libzephyr.a(printk.c.obj)
                0x0000000000044428                arch_printk_char_out
 .text.printk   0x000000000004442c       0x1a zephyr/libzephyr.a(printk.c.obj)
                0x000000000004442c                printk
 .text.process_recheck
                0x0000000000044446       0x38 zephyr/libzephyr.a(onoff.c.obj)
 .text.notify_one
                0x000000000004447e       0x2c zephyr/libzephyr.a(onoff.c.obj)
 .text.transition_complete
                0x00000000000444aa       0x1c zephyr/libzephyr.a(onoff.c.obj)
 .text.validate_args
                0x00000000000444c6       0x1e zephyr/libzephyr.a(onoff.c.obj)
 .text.onoff_manager_init
                0x00000000000444e4       0x26 zephyr/libzephyr.a(onoff.c.obj)
                0x00000000000444e4                onoff_manager_init
 .text.onoff_request
                0x000000000004450a       0x92 zephyr/libzephyr.a(onoff.c.obj)
                0x000000000004450a                onoff_request
 .text.z_thread_entry
                0x000000000004459c       0x14 zephyr/libzephyr.a(thread_entry.c.obj)
                0x000000000004459c                z_thread_entry
 .text.encode_uint
                0x00000000000445b0       0x8c zephyr/libzephyr.a(cbprintf_complete.c.obj)
 .text.outs     0x000000000004463c       0x2c zephyr/libzephyr.a(cbprintf_complete.c.obj)
 .text._ConfigAbsSyms
                0x0000000000044668        0x2 zephyr/libzephyr.a(configs.c.obj)
                0x0000000000044668                _ConfigAbsSyms
 .text.nordicsemi_nrf53_init
                0x000000000004466a       0x34 zephyr/libzephyr.a(soc.c.obj)
 .text.pm_state_set
                0x000000000004469e       0x18 zephyr/libzephyr.a(power.c.obj)
                0x000000000004469e                pm_state_set
 .text.pm_state_exit_post_ops
                0x00000000000446b6        0xc zephyr/libzephyr.a(power.c.obj)
                0x00000000000446b6                pm_state_exit_post_ops
 .text.z_arm_fatal_error
                0x00000000000446c2        0x4 zephyr/arch/arch/arm/core/aarch32/libarch__arm__core__aarch32.a(fatal.c.obj)
                0x00000000000446c2                z_arm_fatal_error
 .text.z_do_kernel_oops
                0x00000000000446c6        0x8 zephyr/arch/arch/arm/core/aarch32/libarch__arm__core__aarch32.a(fatal.c.obj)
                0x00000000000446c6                z_do_kernel_oops
 .text.z_irq_spurious
                0x00000000000446ce        0x8 zephyr/arch/arch/arm/core/aarch32/libarch__arm__core__aarch32.a(irq_manage.c.obj)
                0x00000000000446ce                z_irq_spurious
 .text.z_arm_nmi
                0x00000000000446d6        0xe zephyr/arch/arch/arm/core/aarch32/libarch__arm__core__aarch32.a(nmi.c.obj)
                0x00000000000446d6                z_arm_nmi
 .text.configure_builtin_stack_guard
                0x00000000000446e4        0x8 zephyr/arch/arch/arm/core/aarch32/libarch__arm__core__aarch32.a(thread.c.obj)
                0x00000000000446e4                configure_builtin_stack_guard
 .text.z_arm_save_fp_context
                0x00000000000446ec        0x2 zephyr/arch/arch/arm/core/aarch32/cortex_m/libarch__arm__core__aarch32__cortex_m.a(fpu.c.obj)
                0x00000000000446ec                z_arm_save_fp_context
 .text.z_arm_restore_fp_context
                0x00000000000446ee        0x2 zephyr/arch/arch/arm/core/aarch32/cortex_m/libarch__arm__core__aarch32__cortex_m.a(fpu.c.obj)
                0x00000000000446ee                z_arm_restore_fp_context
 .text.arm_cmse_mpu_region_get
                0x00000000000446f0       0x12 zephyr/arch/arch/arm/core/aarch32/cortex_m/cmse/libarch__arm__core__aarch32__cortex_m__cmse.a(arm_core_cmse.c.obj)
                0x00000000000446f0                arm_cmse_mpu_region_get
 .text.mpu_configure_region
                0x0000000000044702       0x3a zephyr/arch/arch/arm/core/aarch32/mpu/libarch__arm__core__aarch32__mpu.a(arm_mpu.c.obj)
 .text.free     0x000000000004473c        0x2 zephyr/lib/libc/minimal/liblib__libc__minimal.a(malloc.c.obj)
                0x000000000004473c                free
 .text.calloc   0x000000000004473e        0xe zephyr/lib/libc/minimal/liblib__libc__minimal.a(malloc.c.obj)
                0x000000000004473e                calloc
 .text.strlen   0x000000000004474c        0xe zephyr/lib/libc/minimal/liblib__libc__minimal.a(string.c.obj)
                0x000000000004474c                strlen
 .text.strnlen  0x000000000004475a       0x12 zephyr/lib/libc/minimal/liblib__libc__minimal.a(string.c.obj)
                0x000000000004475a                strnlen
 .text.memcpy   0x000000000004476c       0x16 zephyr/lib/libc/minimal/liblib__libc__minimal.a(string.c.obj)
                0x000000000004476c                memcpy
 .text.memset   0x0000000000044782       0x12 zephyr/lib/libc/minimal/liblib__libc__minimal.a(string.c.obj)
                0x0000000000044782                memset
 .text._stdout_hook_default
                0x0000000000044794        0x6 zephyr/lib/libc/minimal/liblib__libc__minimal.a(stdout_console.c.obj)
 .text.get_status
                0x000000000004479a       0x12 zephyr/drivers/clock_control/libdrivers__clock_control.a(clock_control_nrf.c.obj)
 .text.set_on_state
                0x00000000000447ac       0x26 zephyr/drivers/clock_control/libdrivers__clock_control.a(clock_control_nrf.c.obj)
 .text.stop     0x00000000000447d2       0x52 zephyr/drivers/clock_control/libdrivers__clock_control.a(clock_control_nrf.c.obj)
 .text.api_stop
                0x0000000000044824        0x6 zephyr/drivers/clock_control/libdrivers__clock_control.a(clock_control_nrf.c.obj)
 .text.async_start
                0x000000000004482a       0x62 zephyr/drivers/clock_control/libdrivers__clock_control.a(clock_control_nrf.c.obj)
 .text.api_start
                0x000000000004488c        0xe zephyr/drivers/clock_control/libdrivers__clock_control.a(clock_control_nrf.c.obj)
 .text.onoff_started_callback
                0x000000000004489a       0x12 zephyr/drivers/clock_control/libdrivers__clock_control.a(clock_control_nrf.c.obj)
 .text.hfclkaudio_start
                0x00000000000448ac        0x6 zephyr/drivers/clock_control/libdrivers__clock_control.a(clock_control_nrf.c.obj)
 .text.hfclk192m_start
                0x00000000000448b2        0x6 zephyr/drivers/clock_control/libdrivers__clock_control.a(clock_control_nrf.c.obj)
 .text.lfclk_start
                0x00000000000448b8        0x6 zephyr/drivers/clock_control/libdrivers__clock_control.a(clock_control_nrf.c.obj)
 .text.hfclkaudio_stop
                0x00000000000448be        0x6 zephyr/drivers/clock_control/libdrivers__clock_control.a(clock_control_nrf.c.obj)
 .text.hfclk192m_stop
                0x00000000000448c4        0x6 zephyr/drivers/clock_control/libdrivers__clock_control.a(clock_control_nrf.c.obj)
 .text.lfclk_stop
                0x00000000000448ca        0x6 zephyr/drivers/clock_control/libdrivers__clock_control.a(clock_control_nrf.c.obj)
 .text.blocking_start_callback
                0x00000000000448d0        0x6 zephyr/drivers/clock_control/libdrivers__clock_control.a(clock_control_nrf.c.obj)
 .text.gpio_nrfx_port_get_raw
                0x00000000000448d6        0xc zephyr/drivers/gpio/libdrivers__gpio.a(gpio_nrfx.c.obj)
 .text.gpio_nrfx_port_set_masked_raw
                0x00000000000448e2       0x12 zephyr/drivers/gpio/libdrivers__gpio.a(gpio_nrfx.c.obj)
 .text.gpio_nrfx_port_set_bits_raw
                0x00000000000448f4        0xa zephyr/drivers/gpio/libdrivers__gpio.a(gpio_nrfx.c.obj)
 .text.gpio_nrfx_port_clear_bits_raw
                0x00000000000448fe        0xa zephyr/drivers/gpio/libdrivers__gpio.a(gpio_nrfx.c.obj)
 .text.gpio_nrfx_port_toggle_bits
                0x0000000000044908        0xe zephyr/drivers/gpio/libdrivers__gpio.a(gpio_nrfx.c.obj)
 .text.gpio_nrfx_manage_callback
                0x0000000000044916       0x54 zephyr/drivers/gpio/libdrivers__gpio.a(gpio_nrfx.c.obj)
 .text.uarte_nrfx_config_get
                0x000000000004496a       0x10 zephyr/drivers/serial/libdrivers__serial.a(uart_nrfx_uarte.c.obj)
 .text.uarte_nrfx_err_check
                0x000000000004497a        0xe zephyr/drivers/serial/libdrivers__serial.a(uart_nrfx_uarte.c.obj)
 .text.uarte_nrfx_poll_in
                0x0000000000044988       0x26 zephyr/drivers/serial/libdrivers__serial.a(uart_nrfx_uarte.c.obj)
 .text.is_tx_ready.isra.0
                0x00000000000449ae       0x20 zephyr/drivers/serial/libdrivers__serial.a(uart_nrfx_uarte.c.obj)
 .text.uarte_nrfx_isr_int
                0x00000000000449ce       0x72 zephyr/drivers/serial/libdrivers__serial.a(uart_nrfx_uarte.c.obj)
 .text.entropy_cc3xx_rng_get_entropy
                0x0000000000044a40       0x12 zephyr/drivers/entropy/libdrivers__entropy.a(entropy_cc3xx.c.obj)
 .text.entropy_cc3xx_rng_init
                0x0000000000044a52       0x10 zephyr/drivers/entropy/libdrivers__entropy.a(entropy_cc3xx.c.obj)
 .text.sys_clock_idle_exit
                0x0000000000044a62        0x2 zephyr/drivers/timer/libdrivers__timer.a(sys_clock_init.c.obj)
                0x0000000000044a62                sys_clock_idle_exit
 .text.pinctrl_lookup_state
                0x0000000000044a64       0x30 zephyr/drivers/pinctrl/libdrivers__pinctrl.a(common.c.obj)
                0x0000000000044a64                pinctrl_lookup_state
 .text.pinctrl_configure_pins
                0x0000000000044a94      0x112 zephyr/drivers/pinctrl/libdrivers__pinctrl.a(pinctrl_nrf.c.obj)
                0x0000000000044a94                pinctrl_configure_pins
 .text.k_sys_fatal_error_handler
                0x0000000000044ba6        0x8 modules/nrf/lib/fatal_error/lib..__nrf__lib__fatal_error.a(fatal_error.c.obj)
                0x0000000000044ba6                k_sys_fatal_error_handler
 .text.ns_interface_init
                0x0000000000044bae        0x4 modules/trusted-firmware-m/libtfm_api.a(interface.c.obj)
 .text.SystemInit
                0x0000000000044bb2        0x4 modules/hal_nordic/nrfx/libmodules__hal_nordic__nrfx.a(system_nrf5340_application.c.obj)
                0x0000000000044bb2                SystemInit
 .text.nrfx_isr
                0x0000000000044bb6        0x2 modules/hal_nordic/nrfx/libmodules__hal_nordic__nrfx.a(nrfx_glue.c.obj)
                0x0000000000044bb6                nrfx_isr
 .text.nrfx_busy_wait
                0x0000000000044bb8        0x4 modules/hal_nordic/nrfx/libmodules__hal_nordic__nrfx.a(nrfx_glue.c.obj)
                0x0000000000044bb8                nrfx_busy_wait
 .text.nrfx_clock_stop
                0x0000000000044bbc        0x4 modules/hal_nordic/nrfx/libmodules__hal_nordic__nrfx.a(nrfx_clock.c.obj)
                0x0000000000044bbc                nrfx_clock_stop
 .text.nrf_gpio_reconfigure
                0x0000000000044bc0       0x8e modules/hal_nordic/nrfx/libmodules__hal_nordic__nrfx.a(nrfx_gpiote.c.obj)
 .text.nrf_gpio_cfg_sense_set
                0x0000000000044c4e       0x1e modules/hal_nordic/nrfx/libmodules__hal_nordic__nrfx.a(nrfx_gpiote.c.obj)
 .text.mbedtls_heap_init
                0x0000000000044c6c        0xa modules/nrfxlib/nrfxlib/nrf_security/src/zephyr/libmbedtls_zephyr.a(mbedtls_heap.c.obj)
 .text.z_device_state_init
                0x0000000000044c76        0x2 zephyr/kernel/libkernel.a(device.c.obj)
                0x0000000000044c76                z_device_state_init
 .text.z_device_is_ready
                0x0000000000044c78       0x14 zephyr/kernel/libkernel.a(device.c.obj)
                0x0000000000044c78                z_device_is_ready
 .text.z_fatal_error
                0x0000000000044c8c       0x36 zephyr/kernel/libkernel.a(fatal.c.obj)
                0x0000000000044c8c                z_fatal_error
 .text.z_early_memset
                0x0000000000044cc2        0x4 zephyr/kernel/libkernel.a(init.c.obj)
                0x0000000000044cc2                z_early_memset
 .text.z_early_memcpy
                0x0000000000044cc6        0x4 zephyr/kernel/libkernel.a(init.c.obj)
                0x0000000000044cc6                z_early_memcpy
 .text.k_is_in_isr
                0x0000000000044cca        0xc zephyr/kernel/libkernel.a(thread.c.obj)
                0x0000000000044cca                k_is_in_isr
 .text.z_pm_save_idle_exit
                0x0000000000044cd6        0xe zephyr/kernel/libkernel.a(idle.c.obj)
                0x0000000000044cd6                z_pm_save_idle_exit
 .text.adjust_owner_prio.isra.0
                0x0000000000044ce4       0x10 zephyr/kernel/libkernel.a(mutex.c.obj)
 .text.sys_dlist_remove
                0x0000000000044cf4       0x10 zephyr/kernel/libkernel.a(sched.c.obj)
 .text.unpend_thread_no_timeout
                0x0000000000044d04       0x14 zephyr/kernel/libkernel.a(sched.c.obj)
 .text.z_reschedule_irqlock
                0x0000000000044d18       0x18 zephyr/kernel/libkernel.a(sched.c.obj)
                0x0000000000044d18                z_reschedule_irqlock
 .text.z_reschedule_unlocked
                0x0000000000044d30       0x14 zephyr/kernel/libkernel.a(sched.c.obj)
 .text.z_priq_dumb_best
                0x0000000000044d44        0xc zephyr/kernel/libkernel.a(sched.c.obj)
                0x0000000000044d44                z_priq_dumb_best
 .text.z_ready_thread
                0x0000000000044d50       0x20 zephyr/kernel/libkernel.a(sched.c.obj)
                0x0000000000044d50                z_ready_thread
 .text.z_thread_timeout
                0x0000000000044d70       0x44 zephyr/kernel/libkernel.a(sched.c.obj)
                0x0000000000044d70                z_thread_timeout
 .text.add_to_waitq_locked
                0x0000000000044db4       0x54 zephyr/kernel/libkernel.a(sched.c.obj)
 .text.z_unpend_first_thread
                0x0000000000044e08       0x30 zephyr/kernel/libkernel.a(sched.c.obj)
                0x0000000000044e08                z_unpend_first_thread
 .text.z_abort_timeout
                0x0000000000044e38       0x2c zephyr/kernel/libkernel.a(timeout.c.obj)
                0x0000000000044e38                z_abort_timeout
 .text.z_get_next_timeout_expiry
                0x0000000000044e64       0x20 zephyr/kernel/libkernel.a(timeout.c.obj)
                0x0000000000044e64                z_get_next_timeout_expiry
 .text.z_set_timeout_expiry
                0x0000000000044e84       0x34 zephyr/kernel/libkernel.a(timeout.c.obj)
                0x0000000000044e84                z_set_timeout_expiry
 .text.sys_clock_tick_get_32
                0x0000000000044eb8        0x8 zephyr/kernel/libkernel.a(timeout.c.obj)
                0x0000000000044eb8                sys_clock_tick_get_32
 .text.z_impl_k_busy_wait
                0x0000000000044ec0        0x8 zephyr/kernel/libkernel.a(timeout.c.obj)
                0x0000000000044ec0                z_impl_k_busy_wait
 .text._OffsetAbsSyms
                0x0000000000044ec8        0x2 zephyr/CMakeFiles/offsets.dir/./arch/arm/core/offsets/offsets.c.obj
                0x0000000000044ec8                _OffsetAbsSyms
 .text.psa_crypto_init
                0x0000000000044eca        0x4 tfm/app/libtfm_api_ns.a(tfm_crypto_func_api.o)
                0x0000000000044eca                psa_crypto_init
 *(SORT_BY_ALIGNMENT(.TEXT.*))
 *fill*         0x0000000000044ece        0x2 
 .TEXT.z_arm_platform_init
                0x0000000000044ed0        0x4 zephyr/libzephyr.a(soc_nrf_common.S.obj)
                0x0000000000044ed0                z_arm_platform_init
 *(SORT_BY_ALIGNMENT(.gnu.linkonce.t.*))
 *(SORT_BY_ALIGNMENT(.glue_7t))
 .glue_7t       0x0000000000044ed4        0x0 linker stubs
 *(SORT_BY_ALIGNMENT(.glue_7))
 .glue_7        0x0000000000044ed4        0x0 linker stubs
 *(SORT_BY_ALIGNMENT(.vfp11_veneer))
 .vfp11_veneer  0x0000000000044ed4        0x0 linker stubs
 *(SORT_BY_ALIGNMENT(.v4_bx))
 .v4_bx         0x0000000000044ed4        0x0 linker stubs
                0x0000000000044ed4                __text_region_end = .

.ARM.exidx      0x0000000000044ed4        0x8
                0x0000000000044ed4                __exidx_start = .
 *(SORT_BY_ALIGNMENT(.ARM.exidx*) SORT_BY_ALIGNMENT(gnu.linkonce.armexidx.*))
 .ARM.exidx     0x0000000000044ed4        0x8 e:/programs/nordic/toolchains/v2.0.0/opt/zephyr-sdk/arm-zephyr-eabi/bin/../lib/gcc/arm-zephyr-eabi/10.3.0/thumb/v8-m.main/nofp\libgcc.a(_udivmoddi4.o)
                0x0000000000044edc                __exidx_end = .
                0x0000000000044edc                __rodata_region_start = .

initlevel       0x0000000000044edc       0x50
                0x0000000000044edc                __init_start = .
                0x0000000000044edc                __init_PRE_KERNEL_1_start = .
 *(SORT_BY_NAME(SORT_BY_ALIGNMENT(.z_init_PRE_KERNEL_1[0-9]_*)))
 .z_init_PRE_KERNEL_10_
                0x0000000000044edc        0x8 zephyr/libzephyr.a(soc.c.obj)
 *(SORT_BY_NAME(SORT_BY_ALIGNMENT(.z_init_PRE_KERNEL_1[1-9][0-9]_*)))
 .z_init_PRE_KERNEL_130_
                0x0000000000044ee4        0x8 zephyr/drivers/clock_control/libdrivers__clock_control.a(clock_control_nrf.c.obj)
 .z_init_PRE_KERNEL_140_
                0x0000000000044eec       0x10 zephyr/drivers/gpio/libdrivers__gpio.a(gpio_nrfx.c.obj)
 .z_init_PRE_KERNEL_150_
                0x0000000000044efc        0x8 zephyr/drivers/entropy/libdrivers__entropy.a(entropy_cc3xx.c.obj)
 .z_init_PRE_KERNEL_155_
                0x0000000000044f04        0x8 zephyr/drivers/serial/libdrivers__serial.a(uart_nrfx_uarte.c.obj)
 .z_init_PRE_KERNEL_160_
                0x0000000000044f0c        0x8 zephyr/drivers/console/libdrivers__console.a(uart_console.c.obj)
                0x0000000000044f14                __init_PRE_KERNEL_2_start = .
 *(SORT_BY_NAME(SORT_BY_ALIGNMENT(.z_init_PRE_KERNEL_2[0-9]_*)))
 .z_init_PRE_KERNEL_20_
                0x0000000000044f14        0x8 zephyr/drivers/timer/libdrivers__timer.a(nrf_rtc_timer.c.obj)
 *(SORT_BY_NAME(SORT_BY_ALIGNMENT(.z_init_PRE_KERNEL_2[1-9][0-9]_*)))
                0x0000000000044f1c                __init_POST_KERNEL_start = .
 *(SORT_BY_NAME(SORT_BY_ALIGNMENT(.z_init_POST_KERNEL[0-9]_*)))
 *(SORT_BY_NAME(SORT_BY_ALIGNMENT(.z_init_POST_KERNEL[1-9][0-9]_*)))
 .z_init_POST_KERNEL40_
                0x0000000000044f1c        0x8 modules/trusted-firmware-m/libtfm_api.a(interface.c.obj)
 .z_init_POST_KERNEL50_
                0x0000000000044f24        0x8 modules/nrfxlib/nrfxlib/nrf_security/src/zephyr/libmbedtls_zephyr.a(mbedtls_heap.c.obj)
                0x0000000000044f2c                __init_APPLICATION_start = .
 *(SORT_BY_NAME(SORT_BY_ALIGNMENT(.z_init_APPLICATION[0-9]_*)))
 *(SORT_BY_NAME(SORT_BY_ALIGNMENT(.z_init_APPLICATION[1-9][0-9]_*)))
                0x0000000000044f2c                __init_SMP_start = .
 *(SORT_BY_NAME(SORT_BY_ALIGNMENT(.z_init_SMP[0-9]_*)))
 *(SORT_BY_NAME(SORT_BY_ALIGNMENT(.z_init_SMP[1-9][0-9]_*)))
                0x0000000000044f2c                __init_end = .

devices         0x0000000000044f2c       0x78
                0x0000000000044f2c                __device_start = .
                0x0000000000044f2c                __device_PRE_KERNEL_1_start = .
 *(SORT_BY_NAME(SORT_BY_ALIGNMENT(.z_device_PRE_KERNEL_1[0-9]_*)))
 *(SORT_BY_NAME(SORT_BY_ALIGNMENT(.z_device_PRE_KERNEL_1[1-9][0-9]_*)))
 .z_device_PRE_KERNEL_130_
                0x0000000000044f2c       0x18 zephyr/drivers/clock_control/libdrivers__clock_control.a(clock_control_nrf.c.obj)
                0x0000000000044f2c                __device_dts_ord_69
 .z_device_PRE_KERNEL_140_
                0x0000000000044f44       0x30 zephyr/drivers/gpio/libdrivers__gpio.a(gpio_nrfx.c.obj)
                0x0000000000044f44                __device_dts_ord_10
                0x0000000000044f5c                __device_dts_ord_30
 .z_device_PRE_KERNEL_150_
                0x0000000000044f74       0x18 zephyr/drivers/entropy/libdrivers__entropy.a(entropy_cc3xx.c.obj)
                0x0000000000044f74                __device_dts_ord_5
 .z_device_PRE_KERNEL_155_
                0x0000000000044f8c       0x18 zephyr/drivers/serial/libdrivers__serial.a(uart_nrfx_uarte.c.obj)
                0x0000000000044f8c                __device_dts_ord_109
                0x0000000000044fa4                __device_PRE_KERNEL_2_start = .
 *(SORT_BY_NAME(SORT_BY_ALIGNMENT(.z_device_PRE_KERNEL_2[0-9]_*)))
 *(SORT_BY_NAME(SORT_BY_ALIGNMENT(.z_device_PRE_KERNEL_2[1-9][0-9]_*)))
                0x0000000000044fa4                __device_POST_KERNEL_start = .
 *(SORT_BY_NAME(SORT_BY_ALIGNMENT(.z_device_POST_KERNEL[0-9]_*)))
 *(SORT_BY_NAME(SORT_BY_ALIGNMENT(.z_device_POST_KERNEL[1-9][0-9]_*)))
                0x0000000000044fa4                __device_APPLICATION_start = .
 *(SORT_BY_NAME(SORT_BY_ALIGNMENT(.z_device_APPLICATION[0-9]_*)))
 *(SORT_BY_NAME(SORT_BY_ALIGNMENT(.z_device_APPLICATION[1-9][0-9]_*)))
                0x0000000000044fa4                __device_SMP_start = .
 *(SORT_BY_NAME(SORT_BY_ALIGNMENT(.z_device_SMP[0-9]_*)))
 *(SORT_BY_NAME(SORT_BY_ALIGNMENT(.z_device_SMP[1-9][0-9]_*)))
                0x0000000000044fa4                __device_end = .

sw_isr_table    0x0000000000044fa4      0x228
                0x0000000000044fa4                . = ALIGN (0x0)
 *(SORT_BY_ALIGNMENT(.gnu.linkonce.sw_isr_table*))
 .gnu.linkonce.sw_isr_table
                0x0000000000044fa4      0x228 zephyr/CMakeFiles/zephyr_final.dir/isr_tables.c.obj
                0x0000000000044fa4                _sw_isr_table

initlevel_error
                0x0000000000044edc        0x0
 *(SORT_BY_NAME(SORT_BY_ALIGNMENT(.z_init_[_A-Z0-9]*)))
                0x0000000000000001                ASSERT ((SIZEOF (initlevel_error) == 0x0), Undefined initialization levels used.)

app_shmem_regions
                0x00000000000451cc        0x0
                0x00000000000451cc                __app_shmem_regions_start = .
 *(SORT_BY_NAME(SORT_BY_ALIGNMENT(.app_regions.*)))
                0x00000000000451cc                __app_shmem_regions_end = .

bt_l2cap_fixed_chan_area
                0x00000000000451cc        0x0
                0x00000000000451cc                _bt_l2cap_fixed_chan_list_start = .
 *(SORT_BY_NAME(SORT_BY_ALIGNMENT(._bt_l2cap_fixed_chan.static.*)))
                0x00000000000451cc                _bt_l2cap_fixed_chan_list_end = .

bt_gatt_service_static_area
                0x00000000000451cc        0x0
                0x00000000000451cc                _bt_gatt_service_static_list_start = .
 *(SORT_BY_NAME(SORT_BY_ALIGNMENT(._bt_gatt_service_static.static.*)))
                0x00000000000451cc                _bt_gatt_service_static_list_end = .

k_p4wq_initparam_area
                0x00000000000451cc        0x0
                0x00000000000451cc                _k_p4wq_initparam_list_start = .
 *(SORT_BY_NAME(SORT_BY_ALIGNMENT(._k_p4wq_initparam.static.*)))
                0x00000000000451cc                _k_p4wq_initparam_list_end = .

log_strings_sections
                0x00000000000451cc        0x0
                0x00000000000451cc                __log_strings_start = .
 *(SORT_BY_NAME(SORT_BY_ALIGNMENT(.log_strings*)))
                0x00000000000451cc                __log_strings_end = .

log_const_sections
                0x00000000000451cc        0x0
                0x00000000000451cc                __log_const_start = .
 *(SORT_BY_NAME(SORT_BY_ALIGNMENT(.log_const_*)))
                0x00000000000451cc                __log_const_end = .

log_backends_sections
                0x00000000000451cc        0x0
                0x00000000000451cc                __log_backends_start = .
 *(SORT_BY_ALIGNMENT(._log_backend.*))
                0x00000000000451cc                __log_backends_end = .

shell_area      0x00000000000451cc        0x0
                0x00000000000451cc                _shell_list_start = .
 *(SORT_BY_NAME(SORT_BY_ALIGNMENT(._shell.static.*)))
                0x00000000000451cc                _shell_list_end = .

shell_root_cmds_sections
                0x00000000000451cc        0x0
                0x00000000000451cc                __shell_root_cmds_start = .
 *(SORT_BY_NAME(SORT_BY_ALIGNMENT(.shell_root_cmd_*)))
                0x00000000000451cc                __shell_root_cmds_end = .

font_entry_sections
                0x00000000000451cc        0x0
                0x00000000000451cc                __font_entry_start = .
 *(SORT_BY_NAME(SORT_BY_ALIGNMENT(._cfb_font.*)))
                0x00000000000451cc                __font_entry_end = .

tracing_backend_area
                0x00000000000451cc        0x0
                0x00000000000451cc                _tracing_backend_list_start = .
 *(SORT_BY_NAME(SORT_BY_ALIGNMENT(._tracing_backend.static.*)))
                0x00000000000451cc                _tracing_backend_list_end = .

zephyr_dbg_info
 *(SORT_BY_ALIGNMENT(.dbg_thread_info))

device_handles  0x00000000000451cc       0x1e
                0x00000000000451cc                __device_handles_start = .
 *(SORT_BY_NAME(SORT_BY_ALIGNMENT(.__device_handles_pass2*)))
 .__device_handles_pass2
                0x00000000000451cc       0x1e zephyr/CMakeFiles/zephyr_final.dir/dev_handles.c.obj
                0x00000000000451cc                __devicehdl_DT_N_S_soc_S_peripheral_40000000_S_uart_8000
                0x00000000000451d2                __devicehdl_DT_N_S_cryptocell_sw
                0x00000000000451d8                __devicehdl_DT_N_S_soc_S_peripheral_40000000_S_gpio_842800
                0x00000000000451de                __devicehdl_DT_N_S_soc_S_peripheral_40000000_S_gpio_842500
                0x00000000000451e4                __devicehdl_DT_N_S_soc_S_peripheral_40000000_S_clock_5000
                0x00000000000451ea                __device_handles_end = .

rodata          0x00000000000451f0      0x1c4
 *(SORT_BY_ALIGNMENT(.rodata))
 *(SORT_BY_ALIGNMENT(.rodata.*))
 .rodata.delay_machine_code.0
                0x00000000000451f0        0x6 zephyr/libzephyr.a(soc.c.obj)
 *fill*         0x00000000000451f6        0x2 
 .rodata.pmstates_DT_N_S_cpus_S_cpu_0
                0x00000000000451f8        0x0 zephyr/libzephyr.a(state.c.obj)
 .rodata.static_regions
                0x00000000000451f8        0xc zephyr/arch/arch/arm/core/aarch32/mpu/libarch__arm__core__aarch32__mpu.a(arm_core_mpu.c.obj)
 .rodata.mpu_config
                0x0000000000045204        0x8 zephyr/soc/arm/common/cortex_m/libsoc__arm__common__cortex_m.a(arm_mpu_regions.c.obj)
                0x0000000000045204                mpu_config
 .rodata.mpu_regions
                0x000000000004520c       0x20 zephyr/soc/arm/common/cortex_m/libsoc__arm__common__cortex_m.a(arm_mpu_regions.c.obj)
 .rodata.clock_control_api
                0x000000000004522c       0x18 zephyr/drivers/clock_control/libdrivers__clock_control.a(clock_control_nrf.c.obj)
 .rodata.config
                0x0000000000045244       0x20 zephyr/drivers/clock_control/libdrivers__clock_control.a(clock_control_nrf.c.obj)
 .rodata.transitions.0
                0x0000000000045264        0xc zephyr/drivers/clock_control/libdrivers__clock_control.a(clock_control_nrf.c.obj)
 .rodata.gpio_nrfx_drv_api_funcs
                0x0000000000045270       0x24 zephyr/drivers/gpio/libdrivers__gpio.a(gpio_nrfx.c.obj)
 .rodata.gpio_nrfx_p0_cfg
                0x0000000000045294       0x10 zephyr/drivers/gpio/libdrivers__gpio.a(gpio_nrfx.c.obj)
 .rodata.gpio_nrfx_p1_cfg
                0x00000000000452a4       0x10 zephyr/drivers/gpio/libdrivers__gpio.a(gpio_nrfx.c.obj)
 .rodata.__pinctrl_dev_config__device_dts_ord_109
                0x00000000000452b4        0xc zephyr/drivers/serial/libdrivers__serial.a(uart_nrfx_uarte.c.obj)
 .rodata.__pinctrl_state_pins_0__device_dts_ord_109
                0x00000000000452c0       0x10 zephyr/drivers/serial/libdrivers__serial.a(uart_nrfx_uarte.c.obj)
 .rodata.__pinctrl_states__device_dts_ord_109
                0x00000000000452d0        0x8 zephyr/drivers/serial/libdrivers__serial.a(uart_nrfx_uarte.c.obj)
 .rodata.uart_nrfx_uarte_driver_api
                0x00000000000452d8       0x14 zephyr/drivers/serial/libdrivers__serial.a(uart_nrfx_uarte.c.obj)
 .rodata.uarte_0z_config
                0x00000000000452ec       0x10 zephyr/drivers/serial/libdrivers__serial.a(uart_nrfx_uarte.c.obj)
 .rodata.entropy_cc3xx_rng_api
                0x00000000000452fc        0x8 zephyr/drivers/entropy/libdrivers__entropy.a(entropy_cc3xx.c.obj)
 .rodata.levels.0
                0x0000000000045304       0x14 zephyr/kernel/libkernel.a(device.c.obj)
 .rodata._k_neg_eagain
                0x0000000000045318        0x4 zephyr/kernel/libkernel.a(errno.c.obj)
                0x0000000000045318                _k_neg_eagain
 .rodata.main.str1.1
                0x000000000004531c       0x1a app/libapp.a(main.c.obj)
                                         0x1c (size before relaxing)
 .rodata.cbvprintf.str1.1
                0x0000000000045336        0x6 zephyr/libzephyr.a(cbprintf_complete.c.obj)
 .rodata._exit.str1.1
                0x000000000004533c        0x6 zephyr/lib/libc/minimal/liblib__libc__minimal.a(exit.c.obj)
 .rodata.str1.1
                0x0000000000045342        0xf zephyr/soc/arm/common/cortex_m/libsoc__arm__common__cortex_m.a(arm_mpu_regions.c.obj)
 .rodata.str1.1
                0x0000000000045351        0x6 zephyr/drivers/clock_control/libdrivers__clock_control.a(clock_control_nrf.c.obj)
 .rodata.str1.1
                0x0000000000045357        0xe zephyr/drivers/gpio/libdrivers__gpio.a(gpio_nrfx.c.obj)
 .rodata.str1.1
                0x0000000000045365        0x7 zephyr/drivers/serial/libdrivers__serial.a(uart_nrfx_uarte.c.obj)
 .rodata.str1.1
                0x000000000004536c        0xe zephyr/drivers/entropy/libdrivers__entropy.a(entropy_cc3xx.c.obj)
 .rodata.z_cstart.str1.1
                0x000000000004537a        0x5 zephyr/kernel/libkernel.a(init.c.obj)
 .rodata.boot_banner.str1.1
                0x000000000004537f       0x34 zephyr/kernel/libkernel.a(banner.c.obj)
                                         0x35 (size before relaxing)
 *(SORT_BY_ALIGNMENT(.gnu.linkonce.r.*))
                0x00000000000453b4                . = ALIGN (0x4)
 *fill*         0x00000000000453b3        0x1 
                0x00000000000453b4                __rodata_region_end = .
                0x00000000000453c0                . = ALIGN (_region_min_align)
                0x00000000000453c0                __rom_region_end = .
                0x0000000020040000                . = 0x20040000
                0x0000000020040000                . = ALIGN (_region_min_align)
                0x0000000020040000                _image_ram_start = .

.ramfunc        0x0000000020040000        0x0 load address 0x00000000000453b4
                0x0000000020040000                . = ALIGN (_region_min_align)
                0x0000000020040000                __ramfunc_start = .
 *(SORT_BY_ALIGNMENT(.ramfunc))
 *(SORT_BY_ALIGNMENT(.ramfunc.*))
                0x0000000020040000                . = ALIGN (_region_min_align)
                0x0000000020040000                __ramfunc_end = .
                0x0000000000000000                __ramfunc_size = (__ramfunc_end - __ramfunc_start)
                0x00000000000453b4                __ramfunc_load_start = LOADADDR (.ramfunc)

datas           0x0000000020040000       0xb4 load address 0x00000000000453b4
                0x0000000020040000                __data_region_start = .
                0x0000000020040000                __data_start = .
 *(SORT_BY_ALIGNMENT(.data))
 *(SORT_BY_ALIGNMENT(.data.*))
 .data._char_out
                0x0000000020040000        0x4 zephyr/libzephyr.a(printk.c.obj)
                0x0000000020040000                _char_out
 .data.max_latency_ticks
                0x0000000020040004        0x4 zephyr/libzephyr.a(policy.c.obj)
 .data._stdout_hook
                0x0000000020040008        0x4 zephyr/lib/libc/minimal/liblib__libc__minimal.a(stdout_console.c.obj)
 .data.uarte_0_data
                0x000000002004000c       0x14 zephyr/drivers/serial/libdrivers__serial.a(uart_nrfx_uarte.c.obj)
 .data.SystemCoreClock
                0x0000000020040020        0x4 modules/hal_nordic/nrfx/libmodules__hal_nordic__nrfx.a(system_nrf5340_application.c.obj)
                0x0000000020040020                SystemCoreClock
 .data.m_allocated_channels
                0x0000000020040024        0x4 modules/hal_nordic/nrfx/libmodules__hal_nordic__nrfx.a(nrfx_dppi.c.obj)
 .data.m_cb     0x0000000020040028       0x7c modules/hal_nordic/nrfx/libmodules__hal_nordic__nrfx.a(nrfx_gpiote.c.obj)
 .data.mbedtls_calloc_func
                0x00000000200400a4        0x4 modules/nrfxlib/nrfxlib/nrf_security/src/zephyr/libmbedtls_zephyr.a(platform.c.obj)
                0x00000000200400a4                mbedtls_calloc_func
 .data.mbedtls_free_func
                0x00000000200400a8        0x4 modules/nrfxlib/nrfxlib/nrf_security/src/zephyr/libmbedtls_zephyr.a(platform.c.obj)
                0x00000000200400a8                mbedtls_free_func
 .data.timeout_list
                0x00000000200400ac        0x8 zephyr/kernel/libkernel.a(timeout.c.obj)
 *(SORT_BY_ALIGNMENT(.kernel.*))
                0x00000000200400b4                __data_end = .
                0x00000000000000b4                __data_size = (__data_end - __data_start)
                0x00000000000453b4                __data_load_start = LOADADDR (datas)
                0x00000000000453b4                __data_region_load_start = LOADADDR (datas)

device_states   0x00000000200400b4       0x14 load address 0x0000000000045468
                0x00000000200400b4                __device_states_start = .
 *(SORT_BY_ALIGNMENT(.z_devstate))
 .z_devstate    0x00000000200400b4        0x4 zephyr/drivers/clock_control/libdrivers__clock_control.a(clock_control_nrf.c.obj)
 .z_devstate    0x00000000200400b8        0x8 zephyr/drivers/gpio/libdrivers__gpio.a(gpio_nrfx.c.obj)
 .z_devstate    0x00000000200400c0        0x4 zephyr/drivers/serial/libdrivers__serial.a(uart_nrfx_uarte.c.obj)
 .z_devstate    0x00000000200400c4        0x4 zephyr/drivers/entropy/libdrivers__entropy.a(entropy_cc3xx.c.obj)
 *(SORT_BY_ALIGNMENT(.z_devstate.*))
                0x00000000200400c8                __device_states_end = .

initshell       0x00000000200400c8        0x0 load address 0x000000000004547c
                0x00000000200400c8                __shell_module_start = .
 *(SORT_BY_ALIGNMENT(.shell_module_*))
                0x00000000200400c8                __shell_module_end = .
                0x00000000200400c8                __shell_cmd_start = .
 *(SORT_BY_ALIGNMENT(.shell_cmd_*))
                0x00000000200400c8                __shell_cmd_end = .

log_dynamic_sections
                0x00000000200400c8        0x0 load address 0x000000000004547c
                0x00000000200400c8                __log_dynamic_start = .
 *(SORT_BY_NAME(SORT_BY_ALIGNMENT(.log_dynamic_*)))
                0x00000000200400c8                __log_dynamic_end = .

_static_thread_data_area
                0x00000000200400c8        0x0 load address 0x000000000004547c
                0x00000000200400c8                __static_thread_data_list_start = .
 *(SORT_BY_NAME(SORT_BY_ALIGNMENT(.__static_thread_data.static.*)))
                0x00000000200400c8                __static_thread_data_list_end = .

k_timer_area    0x00000000200400c8        0x0 load address 0x000000000004547c
                0x00000000200400c8                _k_timer_list_start = .
 *(SORT_BY_NAME(SORT_BY_ALIGNMENT(._k_timer.static.*)))
                0x00000000200400c8                _k_timer_list_end = .

k_mem_slab_area
                0x00000000200400c8        0x0 load address 0x000000000004547c
                0x00000000200400c8                _k_mem_slab_list_start = .
 *(SORT_BY_NAME(SORT_BY_ALIGNMENT(._k_mem_slab.static.*)))
                0x00000000200400c8                _k_mem_slab_list_end = .

k_mem_pool_area
                0x00000000200400c8        0x0 load address 0x000000000004547c
                0x00000000200400c8                _k_mem_pool_list_start = .
 *(SORT_BY_NAME(SORT_BY_ALIGNMENT(._k_mem_pool.static.*)))
                0x00000000200400c8                _k_mem_pool_list_end = .

k_heap_area     0x00000000200400c8        0x0 load address 0x000000000004547c
                0x00000000200400c8                _k_heap_list_start = .
 *(SORT_BY_NAME(SORT_BY_ALIGNMENT(._k_heap.static.*)))
                0x00000000200400c8                _k_heap_list_end = .

k_mutex_area    0x00000000200400c8       0x14 load address 0x000000000004547c
                0x00000000200400c8                _k_mutex_list_start = .
 *(SORT_BY_NAME(SORT_BY_ALIGNMENT(._k_mutex.static.*)))
 ._k_mutex.static.tfm_mutex
                0x00000000200400c8       0x14 modules/trusted-firmware-m/libtfm_api.a(interface.c.obj)
                0x00000000200400c8                tfm_mutex
                0x00000000200400dc                _k_mutex_list_end = .

k_stack_area    0x00000000200400dc        0x0 load address 0x0000000000045490
                0x00000000200400dc                _k_stack_list_start = .
 *(SORT_BY_NAME(SORT_BY_ALIGNMENT(._k_stack.static.*)))
                0x00000000200400dc                _k_stack_list_end = .

k_msgq_area     0x00000000200400dc        0x0 load address 0x0000000000045490
                0x00000000200400dc                _k_msgq_list_start = .
 *(SORT_BY_NAME(SORT_BY_ALIGNMENT(._k_msgq.static.*)))
                0x00000000200400dc                _k_msgq_list_end = .

k_mbox_area     0x00000000200400dc        0x0 load address 0x0000000000045490
                0x00000000200400dc                _k_mbox_list_start = .
 *(SORT_BY_NAME(SORT_BY_ALIGNMENT(._k_mbox.static.*)))
                0x00000000200400dc                _k_mbox_list_end = .

k_pipe_area     0x00000000200400dc        0x0 load address 0x0000000000045490
                0x00000000200400dc                _k_pipe_list_start = .
 *(SORT_BY_NAME(SORT_BY_ALIGNMENT(._k_pipe.static.*)))
                0x00000000200400dc                _k_pipe_list_end = .

k_sem_area      0x00000000200400dc        0x0 load address 0x0000000000045490
                0x00000000200400dc                _k_sem_list_start = .
 *(SORT_BY_NAME(SORT_BY_ALIGNMENT(._k_sem.static.*)))
                0x00000000200400dc                _k_sem_list_end = .

k_event_area    0x00000000200400dc        0x0 load address 0x0000000000045490
                0x00000000200400dc                _k_event_list_start = .
 *(SORT_BY_NAME(SORT_BY_ALIGNMENT(._k_event.static.*)))
                0x00000000200400dc                _k_event_list_end = .

k_queue_area    0x00000000200400dc        0x0 load address 0x0000000000045490
                0x00000000200400dc                _k_queue_list_start = .
 *(SORT_BY_NAME(SORT_BY_ALIGNMENT(._k_queue.static.*)))
                0x00000000200400dc                _k_queue_list_end = .

k_condvar_area  0x00000000200400dc        0x0 load address 0x0000000000045490
                0x00000000200400dc                _k_condvar_list_start = .
 *(SORT_BY_NAME(SORT_BY_ALIGNMENT(._k_condvar.static.*)))
                0x00000000200400dc                _k_condvar_list_end = .

_net_buf_pool_area
                0x00000000200400dc        0x0 load address 0x0000000000045490
                0x00000000200400dc                _net_buf_pool_list = .
 *(SORT_BY_NAME(SORT_BY_ALIGNMENT(._net_buf_pool.static.*)))
                0x00000000200400dc                __data_region_end = .

bss             0x00000000200400e0      0x4aa
                0x00000000200400e0                . = ALIGN (0x4)
                0x00000000200400e0                __bss_start = .
                0x00000000200400e0                __kernel_ram_start = .
 *(SORT_BY_ALIGNMENT(.bss))
 *(SORT_BY_ALIGNMENT(.bss.*))
 .bss.anchor    0x00000000200400e0        0x8 zephyr/drivers/timer/libdrivers__timer.a(nrf_rtc_timer.c.obj)
 .bss.cc_data   0x00000000200400e8       0x10 zephyr/drivers/timer/libdrivers__timer.a(nrf_rtc_timer.c.obj)
 .bss.last_count
                0x00000000200400f8        0x8 zephyr/drivers/timer/libdrivers__timer.a(nrf_rtc_timer.c.obj)
 .bss.z_idle_threads
                0x0000000020040100       0x80 zephyr/kernel/libkernel.a(init.c.obj)
                0x0000000020040100                z_idle_threads
 .bss.z_main_thread
                0x0000000020040180       0x80 zephyr/kernel/libkernel.a(init.c.obj)
                0x0000000020040180                z_main_thread
 .bss.curr_tick
                0x0000000020040200        0x8 zephyr/kernel/libkernel.a(timeout.c.obj)
 .bss.pm_notifiers
                0x0000000020040208        0x8 zephyr/libzephyr.a(pm.c.obj)
 .bss.z_cpus_pm_state
                0x0000000020040210        0xc zephyr/libzephyr.a(pm.c.obj)
 .bss.z_cpus_pm_state_forced
                0x000000002004021c        0x4 zephyr/libzephyr.a(pm.c.obj)
 .bss.z_post_ops_required
                0x0000000020040220        0x4 zephyr/libzephyr.a(pm.c.obj)
 .bss.state_lock_cnt
                0x0000000020040224       0x1c zephyr/libzephyr.a(policy.c.obj)
 .bss.dyn_reg_info
                0x0000000020040240       0x14 zephyr/arch/arch/arm/core/aarch32/mpu/libarch__arm__core__aarch32__mpu.a(arm_mpu.c.obj)
 .bss.cli.1     0x0000000020040254       0x10 zephyr/drivers/clock_control/libdrivers__clock_control.a(clock_control_nrf.c.obj)
 .bss.data      0x0000000020040264       0xa0 zephyr/drivers/clock_control/libdrivers__clock_control.a(clock_control_nrf.c.obj)
 .bss.hfclk_users
                0x0000000020040304        0x4 zephyr/drivers/clock_control/libdrivers__clock_control.a(clock_control_nrf.c.obj)
 .bss.on.2      0x0000000020040308        0x4 zephyr/drivers/clock_control/libdrivers__clock_control.a(clock_control_nrf.c.obj)
 .bss.uart_console_dev
                0x000000002004030c        0x4 zephyr/drivers/console/libdrivers__console.a(uart_console.c.obj)
 .bss.gpio_nrfx_p0_data
                0x0000000020040310        0xc zephyr/drivers/gpio/libdrivers__gpio.a(gpio_nrfx.c.obj)
 .bss.gpio_nrfx_p1_data
                0x000000002004031c        0xc zephyr/drivers/gpio/libdrivers__gpio.a(gpio_nrfx.c.obj)
 .bss.force_isr_mask
                0x0000000020040328        0x4 zephyr/drivers/timer/libdrivers__timer.a(nrf_rtc_timer.c.obj)
 .bss.int_mask  0x000000002004032c        0x4 zephyr/drivers/timer/libdrivers__timer.a(nrf_rtc_timer.c.obj)
 .bss.overflow_cnt
                0x0000000020040330        0x4 zephyr/drivers/timer/libdrivers__timer.a(nrf_rtc_timer.c.obj)
 .bss.m_clock_cb
                0x0000000020040334        0x8 modules/hal_nordic/nrfx/libmodules__hal_nordic__nrfx.a(nrfx_clock.c.obj)
 .bss.heap      0x000000002004033c       0x14 modules/nrfxlib/nrfxlib/nrf_security/src/zephyr/libmbedtls_zephyr.a(memory_buffer_alloc.c.obj)
 .bss._kernel   0x0000000020040350       0x28 zephyr/kernel/libkernel.a(init.c.obj)
                0x0000000020040350                _kernel
 .bss.pending_current
                0x0000000020040378        0x4 zephyr/kernel/libkernel.a(sched.c.obj)
 .bss.slice_max_prio
                0x000000002004037c        0x4 zephyr/kernel/libkernel.a(sched.c.obj)
 .bss.slice_ticks
                0x0000000020040380        0x4 zephyr/kernel/libkernel.a(sched.c.obj)
 .bss.announce_remaining
                0x0000000020040384        0x4 zephyr/kernel/libkernel.a(timeout.c.obj)
 .bss.static_regions_num
                0x0000000020040388        0x1 zephyr/arch/arch/arm/core/aarch32/mpu/libarch__arm__core__aarch32__mpu.a(arm_mpu.c.obj)
 .bss.mbedtls_heap
                0x0000000020040389      0x200 modules/nrfxlib/nrfxlib/nrf_security/src/zephyr/libmbedtls_zephyr.a(mbedtls_heap.c.obj)
 .bss.z_sys_post_kernel
                0x0000000020040589        0x1 zephyr/kernel/libkernel.a(init.c.obj)
                0x0000000020040589                z_sys_post_kernel
 .bss.lock      0x000000002004058a        0x0 zephyr/kernel/libkernel.a(mutex.c.obj)
 .bss.lock      0x000000002004058a        0x0 zephyr/kernel/libkernel.a(sem.c.obj)
 .bss.sched_spinlock
                0x000000002004058a        0x0 zephyr/kernel/libkernel.a(sched.c.obj)
                0x000000002004058a                sched_spinlock
 *(SORT_BY_ALIGNMENT(COMMON))
 *(SORT_BY_ALIGNMENT(.kernel_bss.*))
                0x000000002004058c                __bss_end = ALIGN (0x4)

noinit          0x0000000020040590      0xd40
 *(SORT_BY_ALIGNMENT(.noinit))
 *(SORT_BY_ALIGNMENT(.noinit.*))
 .noinit."WEST_TOPDIR/zephyr/kernel/init.c".0
                0x0000000020040590      0x400 zephyr/kernel/libkernel.a(init.c.obj)
                0x0000000020040590                z_main_stack
 .noinit."WEST_TOPDIR/zephyr/kernel/init.c".1
                0x0000000020040990      0x140 zephyr/kernel/libkernel.a(init.c.obj)
 .noinit."WEST_TOPDIR/zephyr/kernel/init.c".2
                0x0000000020040ad0      0x800 zephyr/kernel/libkernel.a(init.c.obj)
                0x0000000020040ad0                z_interrupt_stacks
 *(SORT_BY_ALIGNMENT(.kernel_noinit.*))
                0x00000000200412d0                _image_ram_end = .
                0x00000000200412d0                _end = .
                0x0000000020080000                __kernel_ram_end = 0x20080000
                0x000000000003ff20                __kernel_ram_size = (__kernel_ram_end - __kernel_ram_start)

.stab
 *(SORT_BY_ALIGNMENT(.stab))

.stabstr
 *(SORT_BY_ALIGNMENT(.stabstr))

.stab.excl
 *(SORT_BY_ALIGNMENT(.stab.excl))

.stab.exclstr
 *(SORT_BY_ALIGNMENT(.stab.exclstr))

.stab.index
 *(SORT_BY_ALIGNMENT(.stab.index))

.stab.indexstr
 *(SORT_BY_ALIGNMENT(.stab.indexstr))

.gnu.build.attributes
 *(SORT_BY_ALIGNMENT(.gnu.build.attributes) SORT_BY_ALIGNMENT(.gnu.build.attributes.*))

.comment        0x0000000000000000       0x20
 *(SORT_BY_ALIGNMENT(.comment))
 .comment       0x0000000000000000       0x20 zephyr/CMakeFiles/zephyr_final.dir/dev_handles.c.obj
                                         0x21 (size before relaxing)
 .comment       0x0000000000000020       0x21 zephyr/CMakeFiles/zephyr_final.dir/isr_tables.c.obj
 .comment       0x0000000000000020       0x21 app/libapp.a(main.c.obj)
 .comment       0x0000000000000020       0x21 app/libapp.a(dummy_partition.c.obj)
 .comment       0x0000000000000020       0x21 zephyr/libzephyr.a(notify.c.obj)
 .comment       0x0000000000000020       0x21 zephyr/libzephyr.a(printk.c.obj)
 .comment       0x0000000000000020       0x21 zephyr/libzephyr.a(onoff.c.obj)
 .comment       0x0000000000000020       0x21 zephyr/libzephyr.a(thread_entry.c.obj)
 .comment       0x0000000000000020       0x21 zephyr/libzephyr.a(cbprintf_complete.c.obj)
 .comment       0x0000000000000020       0x21 zephyr/libzephyr.a(configs.c.obj)
 .comment       0x0000000000000020       0x21 zephyr/libzephyr.a(soc.c.obj)
 .comment       0x0000000000000020       0x21 zephyr/libzephyr.a(power.c.obj)
 .comment       0x0000000000000020       0x21 zephyr/libzephyr.a(pm.c.obj)
 .comment       0x0000000000000020       0x21 zephyr/libzephyr.a(policy.c.obj)
 .comment       0x0000000000000020       0x21 zephyr/libzephyr.a(state.c.obj)
 .comment       0x0000000000000020       0x21 zephyr/arch/arch/arm/core/aarch32/libarch__arm__core__aarch32.a(fatal.c.obj)
 .comment       0x0000000000000020       0x21 zephyr/arch/arch/arm/core/aarch32/libarch__arm__core__aarch32.a(irq_manage.c.obj)
 .comment       0x0000000000000020       0x21 zephyr/arch/arch/arm/core/aarch32/libarch__arm__core__aarch32.a(nmi.c.obj)
 .comment       0x0000000000000020       0x21 zephyr/arch/arch/arm/core/aarch32/libarch__arm__core__aarch32.a(prep_c.c.obj)
 .comment       0x0000000000000020       0x21 zephyr/arch/arch/arm/core/aarch32/libarch__arm__core__aarch32.a(swap.c.obj)
 .comment       0x0000000000000020       0x21 zephyr/arch/arch/arm/core/aarch32/libarch__arm__core__aarch32.a(thread.c.obj)
 .comment       0x0000000000000020       0x21 zephyr/arch/arch/arm/core/aarch32/cortex_m/libarch__arm__core__aarch32__cortex_m.a(fault.c.obj)
 .comment       0x0000000000000020       0x21 zephyr/arch/arch/arm/core/aarch32/cortex_m/libarch__arm__core__aarch32__cortex_m.a(fpu.c.obj)
 .comment       0x0000000000000020       0x21 zephyr/arch/arch/arm/core/aarch32/cortex_m/libarch__arm__core__aarch32__cortex_m.a(irq_init.c.obj)
 .comment       0x0000000000000020       0x21 zephyr/arch/arch/arm/core/aarch32/cortex_m/libarch__arm__core__aarch32__cortex_m.a(scb.c.obj)
 .comment       0x0000000000000020       0x21 zephyr/arch/arch/arm/core/aarch32/cortex_m/libarch__arm__core__aarch32__cortex_m.a(thread_abort.c.obj)
 .comment       0x0000000000000020       0x21 zephyr/arch/arch/arm/core/aarch32/cortex_m/cmse/libarch__arm__core__aarch32__cortex_m__cmse.a(arm_core_cmse.c.obj)
 .comment       0x0000000000000020       0x21 zephyr/arch/arch/arm/core/aarch32/mpu/libarch__arm__core__aarch32__mpu.a(arm_core_mpu.c.obj)
 .comment       0x0000000000000020       0x21 zephyr/arch/arch/arm/core/aarch32/mpu/libarch__arm__core__aarch32__mpu.a(arm_mpu.c.obj)
 .comment       0x0000000000000020       0x21 zephyr/lib/libc/minimal/liblib__libc__minimal.a(malloc.c.obj)
 .comment       0x0000000000000020       0x21 zephyr/lib/libc/minimal/liblib__libc__minimal.a(exit.c.obj)
 .comment       0x0000000000000020       0x21 zephyr/lib/libc/minimal/liblib__libc__minimal.a(string.c.obj)
 .comment       0x0000000000000020       0x21 zephyr/lib/libc/minimal/liblib__libc__minimal.a(stdout_console.c.obj)
 .comment       0x0000000000000020       0x21 zephyr/soc/arm/common/cortex_m/libsoc__arm__common__cortex_m.a(arm_mpu_regions.c.obj)
 .comment       0x0000000000000020       0x21 zephyr/drivers/clock_control/libdrivers__clock_control.a(clock_control_nrf.c.obj)
 .comment       0x0000000000000020       0x21 zephyr/drivers/console/libdrivers__console.a(uart_console.c.obj)
 .comment       0x0000000000000020       0x21 zephyr/drivers/gpio/libdrivers__gpio.a(gpio_nrfx.c.obj)
 .comment       0x0000000000000020       0x21 zephyr/drivers/serial/libdrivers__serial.a(uart_nrfx_uarte.c.obj)
 .comment       0x0000000000000020       0x21 zephyr/drivers/entropy/libdrivers__entropy.a(entropy_cc3xx.c.obj)
 .comment       0x0000000000000020       0x21 zephyr/drivers/timer/libdrivers__timer.a(sys_clock_init.c.obj)
 .comment       0x0000000000000020       0x21 zephyr/drivers/timer/libdrivers__timer.a(nrf_rtc_timer.c.obj)
 .comment       0x0000000000000020       0x21 zephyr/drivers/pinctrl/libdrivers__pinctrl.a(common.c.obj)
 .comment       0x0000000000000020       0x21 zephyr/drivers/pinctrl/libdrivers__pinctrl.a(pinctrl_nrf.c.obj)
 .comment       0x0000000000000020       0x21 modules/nrf/lib/fatal_error/lib..__nrf__lib__fatal_error.a(fatal_error.c.obj)
 .comment       0x0000000000000020       0x21 modules/trusted-firmware-m/libtfm_api.a(interface.c.obj)
 .comment       0x0000000000000020       0x21 modules/hal_nordic/nrfx/libmodules__hal_nordic__nrfx.a(system_nrf5340_application.c.obj)
 .comment       0x0000000000000020       0x21 modules/hal_nordic/nrfx/libmodules__hal_nordic__nrfx.a(nrfx_glue.c.obj)
 .comment       0x0000000000000020       0x21 modules/hal_nordic/nrfx/libmodules__hal_nordic__nrfx.a(nrfx_flag32_allocator.c.obj)
 .comment       0x0000000000000020       0x21 modules/hal_nordic/nrfx/libmodules__hal_nordic__nrfx.a(nrfx_clock.c.obj)
 .comment       0x0000000000000020       0x21 modules/hal_nordic/nrfx/libmodules__hal_nordic__nrfx.a(nrfx_dppi.c.obj)
 .comment       0x0000000000000020       0x21 modules/hal_nordic/nrfx/libmodules__hal_nordic__nrfx.a(nrfx_gpiote.c.obj)
 .comment       0x0000000000000020       0x21 modules/nrfxlib/nrfxlib/nrf_security/src/zephyr/libmbedtls_zephyr.a(platform.c.obj)
 .comment       0x0000000000000020       0x21 modules/nrfxlib/nrfxlib/nrf_security/src/zephyr/libmbedtls_zephyr.a(mbedtls_heap.c.obj)
 .comment       0x0000000000000020       0x21 modules/nrfxlib/nrfxlib/nrf_security/src/zephyr/libmbedtls_zephyr.a(memory_buffer_alloc.c.obj)
 .comment       0x0000000000000020       0x21 zephyr/kernel/libkernel.a(device.c.obj)
 .comment       0x0000000000000020       0x21 zephyr/kernel/libkernel.a(errno.c.obj)
 .comment       0x0000000000000020       0x21 zephyr/kernel/libkernel.a(fatal.c.obj)
 .comment       0x0000000000000020       0x21 zephyr/kernel/libkernel.a(init.c.obj)
 .comment       0x0000000000000020       0x21 zephyr/kernel/libkernel.a(thread.c.obj)
 .comment       0x0000000000000020       0x21 zephyr/kernel/libkernel.a(idle.c.obj)
 .comment       0x0000000000000020       0x21 zephyr/kernel/libkernel.a(mutex.c.obj)
 .comment       0x0000000000000020       0x21 zephyr/kernel/libkernel.a(sem.c.obj)
 .comment       0x0000000000000020       0x21 zephyr/kernel/libkernel.a(sched.c.obj)
 .comment       0x0000000000000020       0x21 zephyr/kernel/libkernel.a(xip.c.obj)
 .comment       0x0000000000000020       0x21 zephyr/kernel/libkernel.a(timeout.c.obj)
 .comment       0x0000000000000020       0x21 zephyr/kernel/libkernel.a(banner.c.obj)
 .comment       0x0000000000000020       0x21 zephyr/CMakeFiles/offsets.dir/./arch/arm/core/offsets/offsets.c.obj
 .comment       0x0000000000000020       0x21 tfm/app/libtfm_api_ns.a(tfm_crypto_func_api.o)

.debug
 *(SORT_BY_ALIGNMENT(.debug))

.line
 *(SORT_BY_ALIGNMENT(.line))

.debug_srcinfo
 *(SORT_BY_ALIGNMENT(.debug_srcinfo))

.debug_sfnames
 *(SORT_BY_ALIGNMENT(.debug_sfnames))

.debug_aranges  0x0000000000000000     0x1700
 *(SORT_BY_ALIGNMENT(.debug_aranges))
 .debug_aranges
                0x0000000000000000       0x20 zephyr/libzephyr.a(soc_nrf_common.S.obj)
 .debug_aranges
                0x0000000000000020       0x30 zephyr/arch/arch/arm/core/aarch32/libarch__arm__core__aarch32.a(cpu_idle.S.obj)
 .debug_aranges
                0x0000000000000050       0x20 zephyr/arch/arch/arm/core/aarch32/libarch__arm__core__aarch32.a(nmi_on_reset.S.obj)
 .debug_aranges
                0x0000000000000070       0x28 zephyr/arch/arch/arm/core/aarch32/libarch__arm__core__aarch32.a(swap_helper.S.obj)
 .debug_aranges
                0x0000000000000098       0x20 zephyr/arch/arch/arm/core/aarch32/libarch__arm__core__aarch32.a(isr_wrapper.S.obj)
 .debug_aranges
                0x00000000000000b8       0x20 zephyr/arch/arch/arm/core/aarch32/cortex_m/libarch__arm__core__aarch32__cortex_m.a(exc_exit.S.obj)
 .debug_aranges
                0x00000000000000d8       0x20 zephyr/arch/arch/arm/core/aarch32/cortex_m/libarch__arm__core__aarch32__cortex_m.a(fault_s.S.obj)
 .debug_aranges
                0x00000000000000f8       0x20 zephyr/arch/arch/arm/core/aarch32/cortex_m/libarch__arm__core__aarch32__cortex_m.a(reset.S.obj)
 .debug_aranges
                0x0000000000000118       0x18 zephyr/CMakeFiles/zephyr_final.dir/dev_handles.c.obj
 .debug_aranges
                0x0000000000000130       0x18 zephyr/CMakeFiles/zephyr_final.dir/isr_tables.c.obj
 .debug_aranges
                0x0000000000000148       0x20 app/libapp.a(main.c.obj)
 .debug_aranges
                0x0000000000000168       0x20 app/libapp.a(dummy_partition.c.obj)
 .debug_aranges
                0x0000000000000188       0x28 zephyr/libzephyr.a(notify.c.obj)
 .debug_aranges
                0x00000000000001b0       0x68 zephyr/libzephyr.a(printk.c.obj)
 .debug_aranges
                0x0000000000000218       0x90 zephyr/libzephyr.a(onoff.c.obj)
 .debug_aranges
                0x00000000000002a8       0x20 zephyr/libzephyr.a(thread_entry.c.obj)
 .debug_aranges
                0x00000000000002c8       0x30 zephyr/libzephyr.a(cbprintf_complete.c.obj)
 .debug_aranges
                0x00000000000002f8       0x20 zephyr/libzephyr.a(configs.c.obj)
 .debug_aranges
                0x0000000000000318       0x28 zephyr/libzephyr.a(soc.c.obj)
 .debug_aranges
                0x0000000000000340       0x28 zephyr/libzephyr.a(power.c.obj)
 .debug_aranges
                0x0000000000000368       0x58 zephyr/libzephyr.a(pm.c.obj)
 .debug_aranges
                0x00000000000003c0       0x60 zephyr/libzephyr.a(policy.c.obj)
 .debug_aranges
                0x0000000000000420       0x20 zephyr/libzephyr.a(state.c.obj)
 .debug_aranges
                0x0000000000000440       0x30 zephyr/arch/arch/arm/core/aarch32/libarch__arm__core__aarch32.a(fatal.c.obj)
 .debug_aranges
                0x0000000000000470       0x48 zephyr/arch/arch/arm/core/aarch32/libarch__arm__core__aarch32.a(irq_manage.c.obj)
 .debug_aranges
                0x00000000000004b8       0x20 zephyr/arch/arch/arm/core/aarch32/libarch__arm__core__aarch32.a(nmi.c.obj)
 .debug_aranges
                0x00000000000004d8       0x20 zephyr/arch/arch/arm/core/aarch32/libarch__arm__core__aarch32.a(prep_c.c.obj)
 .debug_aranges
                0x00000000000004f8       0x20 zephyr/arch/arch/arm/core/aarch32/libarch__arm__core__aarch32.a(swap.c.obj)
 .debug_aranges
                0x0000000000000518       0x30 zephyr/arch/arch/arm/core/aarch32/libarch__arm__core__aarch32.a(thread.c.obj)
 .debug_aranges
                0x0000000000000548       0x40 zephyr/arch/arch/arm/core/aarch32/cortex_m/libarch__arm__core__aarch32__cortex_m.a(fault.c.obj)
 .debug_aranges
                0x0000000000000588       0x20 zephyr/arch/arch/arm/core/aarch32/cortex_m/libarch__arm__core__aarch32__cortex_m.a(fpu.c.obj)
 .debug_aranges
                0x00000000000005a8       0x20 zephyr/arch/arch/arm/core/aarch32/cortex_m/libarch__arm__core__aarch32__cortex_m.a(irq_init.c.obj)
 .debug_aranges
                0x00000000000005c8       0x30 zephyr/arch/arch/arm/core/aarch32/cortex_m/libarch__arm__core__aarch32__cortex_m.a(scb.c.obj)
 .debug_aranges
                0x00000000000005f8       0x20 zephyr/arch/arch/arm/core/aarch32/cortex_m/libarch__arm__core__aarch32__cortex_m.a(thread_abort.c.obj)
 .debug_aranges
                0x0000000000000618       0x40 zephyr/arch/arch/arm/core/aarch32/cortex_m/cmse/libarch__arm__core__aarch32__cortex_m__cmse.a(arm_core_cmse.c.obj)
 .debug_aranges
                0x0000000000000658       0x28 zephyr/arch/arch/arm/core/aarch32/mpu/libarch__arm__core__aarch32__mpu.a(arm_core_mpu.c.obj)
 .debug_aranges
                0x0000000000000680       0x60 zephyr/arch/arch/arm/core/aarch32/mpu/libarch__arm__core__aarch32__mpu.a(arm_mpu.c.obj)
 .debug_aranges
                0x00000000000006e0       0x40 zephyr/lib/libc/minimal/liblib__libc__minimal.a(malloc.c.obj)
 .debug_aranges
                0x0000000000000720       0x20 zephyr/lib/libc/minimal/liblib__libc__minimal.a(exit.c.obj)
 .debug_aranges
                0x0000000000000740       0x98 zephyr/lib/libc/minimal/liblib__libc__minimal.a(string.c.obj)
 .debug_aranges
                0x00000000000007d8       0x58 zephyr/lib/libc/minimal/liblib__libc__minimal.a(stdout_console.c.obj)
 .debug_aranges
                0x0000000000000830       0x18 zephyr/soc/arm/common/cortex_m/libsoc__arm__common__cortex_m.a(arm_mpu_regions.c.obj)
 .debug_aranges
                0x0000000000000848       0xe8 zephyr/drivers/clock_control/libdrivers__clock_control.a(clock_control_nrf.c.obj)
 .debug_aranges
                0x0000000000000930       0x30 zephyr/drivers/console/libdrivers__console.a(uart_console.c.obj)
 .debug_aranges
                0x0000000000000960       0x68 zephyr/drivers/gpio/libdrivers__gpio.a(gpio_nrfx.c.obj)
 .debug_aranges
                0x00000000000009c8       0x58 zephyr/drivers/serial/libdrivers__serial.a(uart_nrfx_uarte.c.obj)
 .debug_aranges
                0x0000000000000a20       0x28 zephyr/drivers/entropy/libdrivers__entropy.a(entropy_cc3xx.c.obj)
 .debug_aranges
                0x0000000000000a48       0x28 zephyr/drivers/timer/libdrivers__timer.a(sys_clock_init.c.obj)
 .debug_aranges
                0x0000000000000a70       0xb8 zephyr/drivers/timer/libdrivers__timer.a(nrf_rtc_timer.c.obj)
 .debug_aranges
                0x0000000000000b28       0x20 zephyr/drivers/pinctrl/libdrivers__pinctrl.a(common.c.obj)
 .debug_aranges
                0x0000000000000b48       0x38 zephyr/drivers/pinctrl/libdrivers__pinctrl.a(pinctrl_nrf.c.obj)
 .debug_aranges
                0x0000000000000b80       0x20 modules/nrf/lib/fatal_error/lib..__nrf__lib__fatal_error.a(fatal_error.c.obj)
 .debug_aranges
                0x0000000000000ba0       0x30 modules/trusted-firmware-m/libtfm_api.a(interface.c.obj)
 .debug_aranges
                0x0000000000000bd0       0x38 modules/hal_nordic/nrfx/libmodules__hal_nordic__nrfx.a(system_nrf5340_application.c.obj)
 .debug_aranges
                0x0000000000000c08       0x30 modules/hal_nordic/nrfx/libmodules__hal_nordic__nrfx.a(nrfx_glue.c.obj)
 .debug_aranges
                0x0000000000000c38       0x30 modules/hal_nordic/nrfx/libmodules__hal_nordic__nrfx.a(nrfx_flag32_allocator.c.obj)
 .debug_aranges
                0x0000000000000c68       0x78 modules/hal_nordic/nrfx/libmodules__hal_nordic__nrfx.a(nrfx_clock.c.obj)
 .debug_aranges
                0x0000000000000ce0       0x78 modules/hal_nordic/nrfx/libmodules__hal_nordic__nrfx.a(nrfx_dppi.c.obj)
 .debug_aranges
                0x0000000000000d58      0x180 modules/hal_nordic/nrfx/libmodules__hal_nordic__nrfx.a(nrfx_gpiote.c.obj)
 .debug_aranges
                0x0000000000000ed8       0x40 modules/nrfxlib/nrfxlib/nrf_security/src/zephyr/libmbedtls_zephyr.a(platform.c.obj)
 .debug_aranges
                0x0000000000000f18       0x30 modules/nrfxlib/nrfxlib/nrf_security/src/zephyr/libmbedtls_zephyr.a(mbedtls_heap.c.obj)
 .debug_aranges
                0x0000000000000f48       0x58 modules/nrfxlib/nrfxlib/nrf_security/src/zephyr/libmbedtls_zephyr.a(memory_buffer_alloc.c.obj)
 .debug_aranges
                0x0000000000000fa0       0x58 zephyr/kernel/libkernel.a(device.c.obj)
 .debug_aranges