Archive member included to satisfy reference by file (symbol)

platform/libplatform_s.a(hw_init.o)
                              secure_fw/CMakeFiles/tfm_s.dir/__/platform/ext/target/nordic_nrf/common/nrf5340/gcc/startup_nrf5340_s.o (hw_init_reset_on_boot)
platform/libplatform_s.a(system_nrf5340_application.o)
                              secure_fw/CMakeFiles/tfm_s.dir/__/platform/ext/target/nordic_nrf/common/nrf5340/gcc/startup_nrf5340_s.o (SystemInit)
secure_fw/partitions/lib/sprt/libtfm_sprt.a(crt_memset.o)
                              e:/programs/nordic/toolchains/v2.0.0/opt/zephyr-sdk/arm-zephyr-eabi/bin/../lib/gcc/arm-zephyr-eabi/10.3.0/../../../../arm-zephyr-eabi/lib/thumb/v8-m.main/nofp/crt0.o (memset)
secure_fw/spm/libtfm_spm.a(main.o)
                              e:/programs/nordic/toolchains/v2.0.0/opt/zephyr-sdk/arm-zephyr-eabi/bin/../lib/gcc/arm-zephyr-eabi/10.3.0/../../../../arm-zephyr-eabi/lib/thumb/v8-m.main/nofp/crt0.o (main)
secure_fw/spm/libtfm_spm.a(arch.o)
                              secure_fw/spm/libtfm_spm.a(main.o) (jump_to_ns_code)
secure_fw/spm/libtfm_spm.a(spm_func.o)
                              secure_fw/spm/libtfm_spm.a(main.o) (tfm_spm_seal_psp_stacks)
secure_fw/spm/libtfm_spm.a(tfm_core_svcalls_func.o)
                              secure_fw/spm/libtfm_spm.a(arch.o) (tfm_core_svc_handler)
secure_fw/spm/libtfm_spm.a(tfm_nspm_func.o)
                              secure_fw/spm/libtfm_spm.a(main.o) (configure_ns_code)
secure_fw/spm/libtfm_spm.a(tfm_spm_ns_ctx.o)
                              secure_fw/spm/libtfm_spm.a(spm_func.o) (tfm_nspm_get_current_client_id)
secure_fw/spm/libtfm_spm.a(tfm_secure_api.o)
                              secure_fw/spm/libtfm_spm.a(spm_func.o) (tfm_secure_api_error_handler)
secure_fw/spm/libtfm_spm.a(tfm_boot_data.o)
                              secure_fw/spm/libtfm_spm.a(main.o) (tfm_core_validate_boot_data)
secure_fw/spm/libtfm_spm.a(utilities.o)
                              secure_fw/spm/libtfm_spm.a(main.o) (tfm_core_panic)
secure_fw/spm/libtfm_spm.a(tfm_core_mem_check.o)
                              secure_fw/spm/libtfm_spm.a(spm_func.o) (tfm_core_has_read_access_to_region)
secure_fw/partitions/audit_logging/libtfm_psa_rot_partition_audit.a(audit_core.o)
                              secure_fw/spm/libtfm_spm.a(spm_func.o) (audit_core_init)
secure_fw/partitions/crypto/libtfm_psa_rot_partition_crypto.a(crypto_init.o)
                              secure_fw/spm/libtfm_spm.a(spm_func.o) (tfm_crypto_init)
secure_fw/partitions/crypto/libtfm_psa_rot_partition_crypto.a(crypto_alloc.o)
                              secure_fw/partitions/crypto/libtfm_psa_rot_partition_crypto.a(crypto_init.o) (tfm_crypto_init_alloc)
secure_fw/partitions/crypto/libtfm_psa_rot_partition_crypto.a(crypto_cipher.o)
                              secure_fw/CMakeFiles/tfm_s.dir/__/generated/secure_fw/spm/cmsis_func/tfm_veneers.o (tfm_crypto_cipher_generate_iv)
secure_fw/partitions/crypto/libtfm_psa_rot_partition_crypto.a(crypto_hash.o)
                              secure_fw/CMakeFiles/tfm_s.dir/__/generated/secure_fw/spm/cmsis_func/tfm_veneers.o (tfm_crypto_hash_setup)
secure_fw/partitions/crypto/libtfm_psa_rot_partition_crypto.a(crypto_mac.o)
                              secure_fw/CMakeFiles/tfm_s.dir/__/generated/secure_fw/spm/cmsis_func/tfm_veneers.o (tfm_crypto_mac_sign_setup)
secure_fw/partitions/crypto/libtfm_psa_rot_partition_crypto.a(crypto_key.o)
                              secure_fw/partitions/crypto/libtfm_psa_rot_partition_crypto.a(crypto_cipher.o) (tfm_crypto_encode_id_and_owner)
secure_fw/partitions/crypto/libtfm_psa_rot_partition_crypto.a(crypto_aead.o)
                              secure_fw/CMakeFiles/tfm_s.dir/__/generated/secure_fw/spm/cmsis_func/tfm_veneers.o (tfm_crypto_aead_encrypt)
secure_fw/partitions/crypto/libtfm_psa_rot_partition_crypto.a(crypto_asymmetric.o)
                              secure_fw/CMakeFiles/tfm_s.dir/__/generated/secure_fw/spm/cmsis_func/tfm_veneers.o (tfm_crypto_sign_message)
secure_fw/partitions/crypto/libtfm_psa_rot_partition_crypto.a(crypto_key_derivation.o)
                              secure_fw/CMakeFiles/tfm_s.dir/__/generated/secure_fw/spm/cmsis_func/tfm_veneers.o (tfm_crypto_key_derivation_setup)
secure_fw/partitions/crypto/libtfm_psa_rot_partition_crypto.a(crypto_key_management.o)
                              secure_fw/CMakeFiles/tfm_s.dir/__/generated/secure_fw/spm/cmsis_func/tfm_veneers.o (tfm_crypto_import_key)
secure_fw/partitions/crypto/libtfm_psa_rot_partition_crypto.a(crypto_rng.o)
                              secure_fw/CMakeFiles/tfm_s.dir/__/generated/secure_fw/spm/cmsis_func/tfm_veneers.o (tfm_crypto_generate_random)
secure_fw/partitions/initial_attestation/libtfm_psa_rot_partition_attestation.a(tfm_attest_req_mngr.o)
                              secure_fw/spm/libtfm_spm.a(spm_func.o) (attest_partition_init)
[...]
Memory Configuration

Name             Origin             Length             Attributes
FLASH            0x0000000000000000 0x0000000000040000 xr
RAM              0x0000000020000000 0x0000000000040000 xrw
*default*        0x0000000000000000 0xffffffffffffffff

Linker script and memory map

LOAD e:/programs/nordic/toolchains/v2.0.0/opt/zephyr-sdk/arm-zephyr-eabi/bin/../lib/gcc/arm-zephyr-eabi/10.3.0/thumb/v8-m.main/nofp/crti.o
LOAD e:/programs/nordic/toolchains/v2.0.0/opt/zephyr-sdk/arm-zephyr-eabi/bin/../lib/gcc/arm-zephyr-eabi/10.3.0/thumb/v8-m.main/nofp/crtbegin.o
LOAD e:/programs/nordic/toolchains/v2.0.0/opt/zephyr-sdk/arm-zephyr-eabi/bin/../lib/gcc/arm-zephyr-eabi/10.3.0/../../../../arm-zephyr-eabi/lib/thumb/v8-m.main/nofp/crt0.o
LOAD secure_fw/CMakeFiles/tfm_s.dir/__/generated/secure_fw/spm/cmsis_func/tfm_veneers.o
LOAD secure_fw/CMakeFiles/tfm_s.dir/__/platform/ext/target/nordic_nrf/common/nrf5340/gcc/startup_nrf5340_s.o
LOAD secure_fw/CMakeFiles/tfm_s.dir/__/platform/ext/common/faults.o
LOAD secure_fw/CMakeFiles/tfm_s.dir/__/platform/ext/target/nordic_nrf/common/core/plat_test.o
LOAD secure_fw/CMakeFiles/tfm_s.dir/partitions/lib/sprt/tfm_sp_log_raw.o
LOAD secure_fw/CMakeFiles/tfm_s.dir/__/platform/ext/common/tfm_hal_sp_logdev_periph.o
LOAD platform/libplatform_s.a
LOAD secure_fw/partitions/lib/sprt/libtfm_sprt.a
LOAD secure_fw/spm/libtfm_spm.a
LOAD lib/fih/libtfm_fih.a
LOAD secure_fw/partitions/crypto/mbedcrypto/nrf_security_src/libcrypto_service_mbedcrypto.a
LOAD secure_fw/partitions/audit_logging/libtfm_psa_rot_partition_audit.a
LOAD secure_fw/partitions/crypto/libtfm_psa_rot_partition_crypto.a
LOAD secure_fw/partitions/initial_attestation/libtfm_psa_rot_partition_attestation.a
LOAD secure_fw/partitions/protected_storage/libtfm_app_rot_partition_ps.a
LOAD secure_fw/partitions/internal_trusted_storage/libtfm_psa_rot_partition_its.a
LOAD secure_fw/partitions/platform/libtfm_psa_rot_partition_platform.a
LOAD secure_fw/partitions/dummy_partition_1/libtfm_app_rot_partition_dp.a
LOAD platform/libplatform_s.a
LOAD secure_fw/partitions/lib/sprt/libtfm_sprt.a
LOAD secure_fw/spm/libtfm_spm.a
LOAD lib/fih/libtfm_fih.a
LOAD secure_fw/partitions/crypto/mbedcrypto/nrf_security_src/libcrypto_service_mbedcrypto.a
LOAD secure_fw/partitions/audit_logging/libtfm_psa_rot_partition_audit.a
LOAD secure_fw/partitions/crypto/libtfm_psa_rot_partition_crypto.a
LOAD secure_fw/partitions/initial_attestation/libtfm_psa_rot_partition_attestation.a
LOAD secure_fw/partitions/protected_storage/libtfm_app_rot_partition_ps.a
LOAD secure_fw/partitions/internal_trusted_storage/libtfm_psa_rot_partition_its.a
LOAD secure_fw/partitions/platform/libtfm_psa_rot_partition_platform.a
LOAD secure_fw/partitions/dummy_partition_1/libtfm_app_rot_partition_dp.a
LOAD platform/libplatform_s.a
LOAD secure_fw/partitions/lib/sprt/libtfm_sprt.a
LOAD secure_fw/spm/libtfm_spm.a
LOAD lib/fih/libtfm_fih.a
LOAD secure_fw/partitions/crypto/mbedcrypto/nrf_security_src/libcrypto_service_mbedcrypto.a
LOAD secure_fw/partitions/audit_logging/libtfm_psa_rot_partition_audit.a
LOAD secure_fw/partitions/crypto/libtfm_psa_rot_partition_crypto.a
LOAD secure_fw/partitions/initial_attestation/libtfm_psa_rot_partition_attestation.a
LOAD secure_fw/partitions/protected_storage/libtfm_app_rot_partition_ps.a
LOAD secure_fw/partitions/internal_trusted_storage/libtfm_psa_rot_partition_its.a
LOAD secure_fw/partitions/platform/libtfm_psa_rot_partition_platform.a
LOAD secure_fw/partitions/dummy_partition_1/libtfm_app_rot_partition_dp.a
LOAD E:/Programs/Nordic/v2.0.0/nrfxlib/crypto/nrf_cc312_platform/lib/cortex-m33/soft-float/no-interrupts/libnrf_cc312_platform_0.9.14.a
LOAD secure_fw/partitions/crypto/mbedcrypto/nrf_security_crypto/liboberon_mbedcrypto__psa_3.0.11.a
LOAD E:/Programs/Nordic/v2.0.0/nrfxlib/crypto/nrf_oberon/lib/cortex-m33/soft-float/liboberon_mbedtls_3.0.11.a
LOAD secure_fw/partitions/crypto/mbedcrypto/nrf_security_src/libmbedcrypto_base.a
LOAD E:/Programs/Nordic/v2.0.0/nrfxlib/crypto/nrf_oberon/lib/cortex-m33/soft-float/liboberon_3.0.11.a
LOAD lib/ext/t_cose/libtfm_t_cose_s.a
LOAD lib/ext/qcbor/libtfm_qcbor_s.a
START GROUP
LOAD e:/programs/nordic/toolchains/v2.0.0/opt/zephyr-sdk/arm-zephyr-eabi/bin/../lib/gcc/arm-zephyr-eabi/10.3.0/thumb/v8-m.main/nofp\libgcc.a
LOAD e:/programs/nordic/toolchains/v2.0.0/opt/zephyr-sdk/arm-zephyr-eabi/bin/../lib/gcc/arm-zephyr-eabi/10.3.0/../../../../arm-zephyr-eabi/lib/thumb/v8-m.main/nofp\libc_nano.a
END GROUP
START GROUP
LOAD e:/programs/nordic/toolchains/v2.0.0/opt/zephyr-sdk/arm-zephyr-eabi/bin/../lib/gcc/arm-zephyr-eabi/10.3.0/thumb/v8-m.main/nofp\libgcc.a
LOAD e:/programs/nordic/toolchains/v2.0.0/opt/zephyr-sdk/arm-zephyr-eabi/bin/../lib/gcc/arm-zephyr-eabi/10.3.0/../../../../arm-zephyr-eabi/lib/thumb/v8-m.main/nofp\libc_nano.a
END GROUP
LOAD e:/programs/nordic/toolchains/v2.0.0/opt/zephyr-sdk/arm-zephyr-eabi/bin/../lib/gcc/arm-zephyr-eabi/10.3.0/thumb/v8-m.main/nofp/crtend.o
LOAD e:/programs/nordic/toolchains/v2.0.0/opt/zephyr-sdk/arm-zephyr-eabi/bin/../lib/gcc/arm-zephyr-eabi/10.3.0/thumb/v8-m.main/nofp/crtn.o
                0x0000000000001000                __heap_size__ = 0x1000
                0x0000000000000800                __psp_stack_size__ = 0x800
                0x0000000000000400                __msp_init_stack_size__ = 0x400
START GROUP
LOAD e:/programs/nordic/toolchains/v2.0.0/opt/zephyr-sdk/arm-zephyr-eabi/bin/../lib/gcc/arm-zephyr-eabi/10.3.0/thumb/v8-m.main/nofp\libgcc.a
LOAD e:/programs/nordic/toolchains/v2.0.0/opt/zephyr-sdk/arm-zephyr-eabi/bin/../lib/gcc/arm-zephyr-eabi/10.3.0/../../../../arm-zephyr-eabi/lib/thumb/v8-m.main/nofp\libc.a
LOAD e:/programs/nordic/toolchains/v2.0.0/opt/zephyr-sdk/arm-zephyr-eabi/bin/../lib/gcc/arm-zephyr-eabi/10.3.0/../../../../arm-zephyr-eabi/lib/thumb/v8-m.main/nofp\libm.a
LOAD e:/programs/nordic/toolchains/v2.0.0/opt/zephyr-sdk/arm-zephyr-eabi/bin/../lib/gcc/arm-zephyr-eabi/10.3.0/../../../../arm-zephyr-eabi/lib/thumb/v8-m.main/nofp\libnosys.a
LOAD e:/programs/nordic/toolchains/v2.0.0/opt/zephyr-sdk/arm-zephyr-eabi/bin/../lib/gcc/arm-zephyr-eabi/10.3.0/../../../../arm-zephyr-eabi/lib/thumb/v8-m.main/nofp\libc_nano.a
END GROUP

.TFM_VECTORS    0x0000000000000000      0x2a4
                0x0000000000000000                __vectors_start__ = .
 *(.vectors)
 .vectors       0x0000000000000000      0x154 secure_fw/CMakeFiles/tfm_s.dir/__/platform/ext/target/nordic_nrf/common/nrf5340/gcc/startup_nrf5340_s.o
                0x0000000000000000                __Vectors
                0x0000000000000154                __vectors_end__ = .
 *startup*(.text*)
 .text          0x0000000000000154      0x150 secure_fw/CMakeFiles/tfm_s.dir/__/platform/ext/target/nordic_nrf/common/nrf5340/gcc/startup_nrf5340_s.o
                0x0000000000000154                Reset_Handler
                0x00000000000001d4                Default_Handler
                0x00000000000001d6                NMI_Handler
                0x00000000000001f2                DebugMon_Handler
                0x00000000000001f6                PendSV_Handler
                0x00000000000001fa                SysTick_Handler
                0x00000000000001fe                FPU_IRQHandler
                0x0000000000000202                CACHE_IRQHandler
                0x000000000000020a                CLOCK_POWER_IRQHandler
                0x000000000000020e                SERIAL0_IRQHandler
                0x0000000000000212                SERIAL1_IRQHandler
                0x0000000000000216                SPIM4_IRQHandler
                0x000000000000021a                SERIAL2_IRQHandler
                0x000000000000021e                SERIAL3_IRQHandler
                0x0000000000000222                GPIOTE0_IRQHandler
                0x0000000000000226                SAADC_IRQHandler
                0x000000000000022a                TIMER0_IRQHandler
                0x000000000000022e                TIMER1_IRQHandler
                0x0000000000000232                TIMER2_IRQHandler
                0x0000000000000236                RTC0_IRQHandler
                0x000000000000023a                RTC1_IRQHandler
                0x000000000000023e                WDT0_IRQHandler
                0x0000000000000242                WDT1_IRQHandler
                0x0000000000000246                COMP_LPCOMP_IRQHandler
                0x000000000000024a                EGU0_IRQHandler
                0x000000000000024e                EGU1_IRQHandler
                0x0000000000000252                EGU2_IRQHandler
                0x0000000000000256                EGU3_IRQHandler
                0x000000000000025a                EGU4_IRQHandler
                0x000000000000025e                EGU5_IRQHandler
                0x0000000000000262                PWM0_IRQHandler
                0x0000000000000266                PWM1_IRQHandler
                0x000000000000026a                PWM2_IRQHandler
                0x000000000000026e                PWM3_IRQHandler
                0x0000000000000272                PDM0_IRQHandler
                0x0000000000000276                I2S0_IRQHandler
                0x000000000000027a                IPC_IRQHandler
                0x000000000000027e                QSPI_IRQHandler
                0x0000000000000282                NFCT_IRQHandler
                0x0000000000000286                GPIOTE1_IRQHandler
                0x000000000000028a                QDEC0_IRQHandler
                0x000000000000028e                QDEC1_IRQHandler
                0x0000000000000292                USBD_IRQHandler
                0x0000000000000296                USBREGULATOR_IRQHandler
                0x000000000000029a                KMU_IRQHandler
                0x000000000000029e                CRYPTOCELL_IRQHandler
                0x00000000000002a4                . = ALIGN (0x4)

.copy.table     0x00000000000002a4       0x24
                0x00000000000002a4                __copy_table_start__ = .
                0x00000000000002a4        0x4 LONG 0x36640 LOADADDR (.TFM_DATA)
                0x00000000000002a8        0x4 LONG 0x20009800 ADDR (.TFM_DATA)
                0x00000000000002ac        0x4 LONG 0x1b8 SIZEOF (.TFM_DATA)
                0x00000000000002b0        0x4 LONG 0x36600 LOADADDR (.TFM_PSA_ROT_LINKER_DATA)
                0x00000000000002b4        0x4 LONG 0x200052a0 ADDR (.TFM_PSA_ROT_LINKER_DATA)
                0x00000000000002b8        0x4 LONG 0x40 SIZEOF (.TFM_PSA_ROT_LINKER_DATA)
                0x00000000000002bc        0x4 LONG 0x365a0 LOADADDR (.TFM_APP_ROT_LINKER_DATA)
                0x00000000000002c0        0x4 LONG 0x20004000 ADDR (.TFM_APP_ROT_LINKER_DATA)
                0x00000000000002c4        0x4 LONG 0x60 SIZEOF (.TFM_APP_ROT_LINKER_DATA)
                0x00000000000002c8                __copy_table_end__ = .

.zero.table     0x00000000000002c8       0x20
                0x00000000000002c8                __zero_table_start__ = .
                0x00000000000002c8        0x4 LONG 0x200099b8 ADDR (.TFM_BSS)
                0x00000000000002cc        0x4 LONG 0x1588 SIZEOF (.TFM_BSS)
                0x00000000000002d0        0x4 LONG 0x20001000 ADDR (.TFM_SECURE_STACK)
                0x00000000000002d4        0x4 LONG 0x2000 SIZEOF (.TFM_SECURE_STACK)
                0x00000000000002d8        0x4 LONG 0x200052e0 ADDR (.TFM_PSA_ROT_LINKER_BSS)
                0x00000000000002dc        0x4 LONG 0x4520 SIZEOF (.TFM_PSA_ROT_LINKER_BSS)
                0x00000000000002e0        0x4 LONG 0x20004060 ADDR (.TFM_APP_ROT_LINKER_BSS)
                0x00000000000002e4        0x4 LONG 0x1240 SIZEOF (.TFM_APP_ROT_LINKER_BSS)
                0x00000000000002e8                __zero_table_end__ = .

.igot.plt       0x00000000000002e8        0x0
 .igot.plt      0x00000000000002e8        0x0 e:/programs/nordic/toolchains/v2.0.0/opt/zephyr-sdk/arm-zephyr-eabi/bin/../lib/gcc/arm-zephyr-eabi/10.3.0/thumb/v8-m.main/nofp/crtbegin.o

.TFM_UNPRIV_CODE
                0x0000000000000300     0x1fe0
 *libc_nano*:*(.text*)
 .text.calloc   0x0000000000000300       0x10 e:/programs/nordic/toolchains/v2.0.0/opt/zephyr-sdk/arm-zephyr-eabi/bin/../lib/gcc/arm-zephyr-eabi/10.3.0/../../../../arm-zephyr-eabi/lib/thumb/v8-m.main/nofp\libc_nano.a(lib_a-calloc.o)
                0x0000000000000300                calloc
 .text.exit     0x0000000000000310       0x28 e:/programs/nordic/toolchains/v2.0.0/opt/zephyr-sdk/arm-zephyr-eabi/bin/../lib/gcc/arm-zephyr-eabi/10.3.0/../../../../arm-zephyr-eabi/lib/thumb/v8-m.main/nofp\libc_nano.a(lib_a-exit.o)
                0x0000000000000310                exit
 .text.__libc_init_array
                0x0000000000000338       0x48 e:/programs/nordic/toolchains/v2.0.0/opt/zephyr-sdk/arm-zephyr-eabi/bin/../lib/gcc/arm-zephyr-eabi/10.3.0/../../../../arm-zephyr-eabi/lib/thumb/v8-m.main/nofp\libc_nano.a(lib_a-init.o)
                0x0000000000000338                __libc_init_array
 .text.free     0x0000000000000380       0x10 e:/programs/nordic/toolchains/v2.0.0/opt/zephyr-sdk/arm-zephyr-eabi/bin/../lib/gcc/arm-zephyr-eabi/10.3.0/../../../../arm-zephyr-eabi/lib/thumb/v8-m.main/nofp\libc_nano.a(lib_a-malloc.o)
                0x0000000000000380                free
 .text._calloc_r
                0x0000000000000390       0x1c e:/programs/nordic/toolchains/v2.0.0/opt/zephyr-sdk/arm-zephyr-eabi/bin/../lib/gcc/arm-zephyr-eabi/10.3.0/../../../../arm-zephyr-eabi/lib/thumb/v8-m.main/nofp\libc_nano.a(lib_a-nano-callocr.o)
                0x0000000000000390                _calloc_r
 .text._free_r  0x00000000000003ac       0x94 e:/programs/nordic/toolchains/v2.0.0/opt/zephyr-sdk/arm-zephyr-eabi/bin/../lib/gcc/arm-zephyr-eabi/10.3.0/../../../../arm-zephyr-eabi/lib/thumb/v8-m.main/nofp\libc_nano.a(lib_a-nano-freer.o)
                0x00000000000003ac                _free_r
 .text._malloc_r
                0x0000000000000440       0xb4 e:/programs/nordic/toolchains/v2.0.0/opt/zephyr-sdk/arm-zephyr-eabi/bin/../lib/gcc/arm-zephyr-eabi/10.3.0/../../../../arm-zephyr-eabi/lib/thumb/v8-m.main/nofp\libc_nano.a(lib_a-nano-mallocr.o)
                0x0000000000000440                _malloc_r
 .text._sbrk_r  0x00000000000004f4       0x20 e:/programs/nordic/toolchains/v2.0.0/opt/zephyr-sdk/arm-zephyr-eabi/bin/../lib/gcc/arm-zephyr-eabi/10.3.0/../../../../arm-zephyr-eabi/lib/thumb/v8-m.main/nofp\libc_nano.a(lib_a-sbrkr.o)
                0x00000000000004f4                _sbrk_r
 .text          0x0000000000000514       0x10 e:/programs/nordic/toolchains/v2.0.0/opt/zephyr-sdk/arm-zephyr-eabi/bin/../lib/gcc/arm-zephyr-eabi/10.3.0/../../../../arm-zephyr-eabi/lib/thumb/v8-m.main/nofp\libc_nano.a(lib_a-strlen.o)
                0x0000000000000514                strlen
 .text.__malloc_lock
                0x0000000000000524        0xc e:/programs/nordic/toolchains/v2.0.0/opt/zephyr-sdk/arm-zephyr-eabi/bin/../lib/gcc/arm-zephyr-eabi/10.3.0/../../../../arm-zephyr-eabi/lib/thumb/v8-m.main/nofp\libc_nano.a(lib_a-mlock.o)
                0x0000000000000524                __malloc_lock
 .text.__malloc_unlock
                0x0000000000000530        0xc e:/programs/nordic/toolchains/v2.0.0/opt/zephyr-sdk/arm-zephyr-eabi/bin/../lib/gcc/arm-zephyr-eabi/10.3.0/../../../../arm-zephyr-eabi/lib/thumb/v8-m.main/nofp\libc_nano.a(lib_a-mlock.o)
                0x0000000000000530                __malloc_unlock
 .text.__retarget_lock_acquire_recursive
                0x000000000000053c        0x2 e:/programs/nordic/toolchains/v2.0.0/opt/zephyr-sdk/arm-zephyr-eabi/bin/../lib/gcc/arm-zephyr-eabi/10.3.0/../../../../arm-zephyr-eabi/lib/thumb/v8-m.main/nofp\libc_nano.a(lib_a-lock.o)
                0x000000000000053c                __retarget_lock_acquire_recursive
 .text.__retarget_lock_release_recursive
                0x000000000000053e        0x2 e:/programs/nordic/toolchains/v2.0.0/opt/zephyr-sdk/arm-zephyr-eabi/bin/../lib/gcc/arm-zephyr-eabi/10.3.0/../../../../arm-zephyr-eabi/lib/thumb/v8-m.main/nofp\libc_nano.a(lib_a-lock.o)
                0x000000000000053e                __retarget_lock_release_recursive
 *libc_nano*:*(.rodata*)
 .rodata._global_impure_ptr
                0x0000000000000540        0x4 e:/programs/nordic/toolchains/v2.0.0/opt/zephyr-sdk/arm-zephyr-eabi/bin/../lib/gcc/arm-zephyr-eabi/10.3.0/../../../../arm-zephyr-eabi/lib/thumb/v8-m.main/nofp\libc_nano.a(lib_a-impure.o)
                0x0000000000000540                _global_impure_ptr
 *(SFN)
 SFN            0x0000000000000544     0x12d0 secure_fw/CMakeFiles/tfm_s.dir/__/generated/secure_fw/spm/cmsis_func/tfm_veneers.o
                0x0000000000000544                __acle_se_tfm_ps_set_req_veneer
                0x000000000000057c                __acle_se_tfm_ps_get_req_veneer
                0x00000000000005b4                __acle_se_tfm_ps_get_info_req_veneer
                0x00000000000005ec                __acle_se_tfm_ps_remove_req_veneer
                0x0000000000000624                __acle_se_tfm_ps_get_support_req_veneer
                0x000000000000065c                __acle_se_tfm_its_set_req_veneer
                0x0000000000000694                __acle_se_tfm_its_get_req_veneer
                0x00000000000006cc                __acle_se_tfm_its_get_info_req_veneer
                0x0000000000000704                __acle_se_tfm_its_remove_req_veneer
                0x000000000000073c                __acle_se_tfm_audit_core_retrieve_record_veneer
                0x0000000000000774                __acle_se_tfm_audit_core_add_record_veneer
                0x00000000000007ac                __acle_se_tfm_audit_core_get_info_veneer
                0x00000000000007e4                __acle_se_tfm_audit_core_get_record_info_veneer
                0x000000000000081c                __acle_se_tfm_audit_core_delete_record_veneer
                0x0000000000000854                __acle_se_tfm_crypto_get_key_attributes_veneer
                0x000000000000088c                __acle_se_tfm_crypto_open_key_veneer
                0x00000000000008c4                __acle_se_tfm_crypto_close_key_veneer
                0x00000000000008fc                __acle_se_tfm_crypto_reset_key_attributes_veneer
                0x0000000000000934                __acle_se_tfm_crypto_import_key_veneer
                0x000000000000096c                __acle_se_tfm_crypto_destroy_key_veneer
                0x00000000000009a4                __acle_se_tfm_crypto_export_key_veneer
                0x00000000000009dc                __acle_se_tfm_crypto_export_public_key_veneer
                0x0000000000000a14                __acle_se_tfm_crypto_purge_key_veneer
                0x0000000000000a4c                __acle_se_tfm_crypto_copy_key_veneer
                0x0000000000000a84                __acle_se_tfm_crypto_hash_compute_veneer
                0x0000000000000abc                __acle_se_tfm_crypto_hash_compare_veneer
                0x0000000000000af4                __acle_se_tfm_crypto_hash_setup_veneer
                0x0000000000000b2c                __acle_se_tfm_crypto_hash_update_veneer
                0x0000000000000b64                __acle_se_tfm_crypto_hash_finish_veneer
                0x0000000000000b9c                __acle_se_tfm_crypto_hash_verify_veneer
                0x0000000000000bd4                __acle_se_tfm_crypto_hash_abort_veneer
                0x0000000000000c0c                __acle_se_tfm_crypto_hash_clone_veneer
                0x0000000000000c44                __acle_se_tfm_crypto_mac_compute_veneer
                0x0000000000000c7c                __acle_se_tfm_crypto_mac_verify_veneer
                0x0000000000000cb4                __acle_se_tfm_crypto_mac_sign_setup_veneer
                0x0000000000000cec                __acle_se_tfm_crypto_mac_verify_setup_veneer
                0x0000000000000d24                __acle_se_tfm_crypto_mac_update_veneer
                0x0000000000000d5c                __acle_se_tfm_crypto_mac_sign_finish_veneer
                0x0000000000000d94                __acle_se_tfm_crypto_mac_verify_finish_veneer
                0x0000000000000dcc                __acle_se_tfm_crypto_mac_abort_veneer
                0x0000000000000e04                __acle_se_tfm_crypto_cipher_encrypt_veneer
                0x0000000000000e3c                __acle_se_tfm_crypto_cipher_decrypt_veneer
                0x0000000000000e74                __acle_se_tfm_crypto_cipher_encrypt_setup_veneer
                0x0000000000000eac                __acle_se_tfm_crypto_cipher_decrypt_setup_veneer
                0x0000000000000ee4                __acle_se_tfm_crypto_cipher_generate_iv_veneer
                0x0000000000000f1c                __acle_se_tfm_crypto_cipher_set_iv_veneer
                0x0000000000000f54                __acle_se_tfm_crypto_cipher_update_veneer
                0x0000000000000f8c                __acle_se_tfm_crypto_cipher_finish_veneer
                0x0000000000000fc4                __acle_se_tfm_crypto_cipher_abort_veneer
                0x0000000000000ffc                __acle_se_tfm_crypto_aead_encrypt_veneer
                0x0000000000001034                __acle_se_tfm_crypto_aead_decrypt_veneer
                0x000000000000106c                __acle_se_tfm_crypto_aead_encrypt_setup_veneer
                0x00000000000010a4                __acle_se_tfm_crypto_aead_decrypt_setup_veneer
                0x00000000000010dc                __acle_se_tfm_crypto_aead_generate_nonce_veneer
                0x0000000000001114                __acle_se_tfm_crypto_aead_set_nonce_veneer
                0x000000000000114c                __acle_se_tfm_crypto_aead_set_lengths_veneer
                0x0000000000001184                __acle_se_tfm_crypto_aead_update_ad_veneer
                0x00000000000011bc                __acle_se_tfm_crypto_aead_update_veneer
                0x00000000000011f4                __acle_se_tfm_crypto_aead_finish_veneer
                0x000000000000122c                __acle_se_tfm_crypto_aead_verify_veneer
                0x0000000000001264                __acle_se_tfm_crypto_aead_abort_veneer
                0x000000000000129c                __acle_se_tfm_crypto_sign_message_veneer
                0x00000000000012d4                __acle_se_tfm_crypto_verify_message_veneer
                0x000000000000130c                __acle_se_tfm_crypto_sign_hash_veneer
                0x0000000000001344                __acle_se_tfm_crypto_verify_hash_veneer
                0x000000000000137c                __acle_se_tfm_crypto_asymmetric_encrypt_veneer
                0x00000000000013b4                __acle_se_tfm_crypto_asymmetric_decrypt_veneer
                0x00000000000013ec                __acle_se_tfm_crypto_key_derivation_setup_veneer
                0x0000000000001424                __acle_se_tfm_crypto_key_derivation_get_capacity_veneer
                0x000000000000145c                __acle_se_tfm_crypto_key_derivation_set_capacity_veneer
                0x0000000000001494                __acle_se_tfm_crypto_key_derivation_input_bytes_veneer
                0x00000000000014cc                __acle_se_tfm_crypto_key_derivation_input_key_veneer
                0x0000000000001504                __acle_se_tfm_crypto_key_derivation_key_agreement_veneer
                0x000000000000153c                __acle_se_tfm_crypto_key_derivation_output_bytes_veneer
                0x0000000000001574                __acle_se_tfm_crypto_key_derivation_output_key_veneer
                0x00000000000015ac                __acle_se_tfm_crypto_key_derivation_abort_veneer
                0x00000000000015e4                __acle_se_tfm_crypto_raw_key_agreement_veneer
                0x000000000000161c                __acle_se_tfm_crypto_generate_random_veneer
                0x0000000000001654                __acle_se_tfm_crypto_generate_key_veneer
                0x000000000000168c                __acle_se_tfm_platform_sp_system_reset_veneer
                0x00000000000016c4                __acle_se_tfm_platform_sp_ioctl_veneer
                0x00000000000016fc                __acle_se_tfm_platform_sp_nv_counter_read_veneer
                0x0000000000001734                __acle_se_tfm_platform_sp_nv_counter_increment_veneer
                0x000000000000176c                __acle_se_tfm_initial_attest_get_token_veneer
                0x00000000000017a4                __acle_se_tfm_initial_attest_get_token_size_veneer
                0x00000000000017dc                __acle_se_tfm_dp_secret_digest_req_veneer
 SFN            0x0000000000001814       0x40 secure_fw/spm/libtfm_spm.a(arch.o)
                0x0000000000001814                tfm_core_sfn_request
                0x0000000000001834                priv_irq_handler_main
 *libgcc*:*(.text*)
 .text          0x0000000000001854       0xc8 e:/programs/nordic/toolchains/v2.0.0/opt/zephyr-sdk/arm-zephyr-eabi/bin/../lib/gcc/arm-zephyr-eabi/10.3.0/thumb/v8-m.main/nofp\libgcc.a(cmse.o)
                0x0000000000001854                cmse_check_address_range
 .text          0x000000000000191c       0x38 e:/programs/nordic/toolchains/v2.0.0/opt/zephyr-sdk/arm-zephyr-eabi/bin/../lib/gcc/arm-zephyr-eabi/10.3.0/thumb/v8-m.main/nofp\libgcc.a(cmse_nonsecure_call.o)
                0x000000000000191c                __gnu_cmse_nonsecure_call
 .text          0x0000000000001954       0x30 e:/programs/nordic/toolchains/v2.0.0/opt/zephyr-sdk/arm-zephyr-eabi/bin/../lib/gcc/arm-zephyr-eabi/10.3.0/thumb/v8-m.main/nofp\libgcc.a(_aeabi_uldivmod.o)
                0x0000000000001954                __aeabi_uldivmod
 .text          0x0000000000001984      0x2a2 e:/programs/nordic/toolchains/v2.0.0/opt/zephyr-sdk/arm-zephyr-eabi/bin/../lib/gcc/arm-zephyr-eabi/10.3.0/thumb/v8-m.main/nofp\libgcc.a(_udivmoddi4.o)
                0x0000000000001984                __udivmoddi4
 *fill*         0x0000000000001c26        0x2 
 .text          0x0000000000001c28        0x4 e:/programs/nordic/toolchains/v2.0.0/opt/zephyr-sdk/arm-zephyr-eabi/bin/../lib/gcc/arm-zephyr-eabi/10.3.0/thumb/v8-m.main/nofp\libgcc.a(_dvmd_tls.o)
                0x0000000000001c28                __aeabi_idiv0
                0x0000000000001c28                __aeabi_ldiv0
 *libgcc*:*(.rodata*)
 *libtfm_sprt*:*(.text*)
 .text.memset   0x0000000000001c2c       0x4e secure_fw/partitions/lib/sprt/libtfm_sprt.a(crt_memset.o)
                0x0000000000001c2c                memset
 .text.memcmp   0x0000000000001c7a       0x20 secure_fw/partitions/lib/sprt/libtfm_sprt.a(crt_memcmp.o)
                0x0000000000001c7a                memcmp
 .text.memcpy   0x0000000000001c9a       0x6c secure_fw/partitions/lib/sprt/libtfm_sprt.a(crt_memcpy.o)
                0x0000000000001c9a                memcpy
 .text.tfm_strnlen
                0x0000000000001d06       0x14 secure_fw/partitions/lib/sprt/libtfm_sprt.a(crt_strnlen.o)
                0x0000000000001d06                tfm_strnlen
 .text.tfm_core_get_boot_data
                0x0000000000001d1a        0x4 secure_fw/partitions/lib/sprt/libtfm_sprt.a(service_api.o)
                0x0000000000001d1a                tfm_core_get_boot_data
 .text.psa_import_key
                0x0000000000001d1e       0x40 secure_fw/partitions/lib/sprt/libtfm_sprt.a(tfm_crypto_secure_api.o)
                0x0000000000001d1e                psa_import_key
 .text.psa_destroy_key
                0x0000000000001d5e       0x2e secure_fw/partitions/lib/sprt/libtfm_sprt.a(tfm_crypto_secure_api.o)
                0x0000000000001d5e                psa_destroy_key
 .text.psa_get_key_attributes
                0x0000000000001d8c       0x32 secure_fw/partitions/lib/sprt/libtfm_sprt.a(tfm_crypto_secure_api.o)
                0x0000000000001d8c                psa_get_key_attributes
 .text.psa_export_public_key
                0x0000000000001dbe       0x3c secure_fw/partitions/lib/sprt/libtfm_sprt.a(tfm_crypto_secure_api.o)
                0x0000000000001dbe                psa_export_public_key
 .text.psa_hash_setup
                0x0000000000001dfa       0x3a secure_fw/partitions/lib/sprt/libtfm_sprt.a(tfm_crypto_secure_api.o)
                0x0000000000001dfa                psa_hash_setup
 .text.psa_hash_update
                0x0000000000001e34       0x3e secure_fw/partitions/lib/sprt/libtfm_sprt.a(tfm_crypto_secure_api.o)
                0x0000000000001e34                psa_hash_update
 .text.psa_hash_finish
                0x0000000000001e72       0x44 secure_fw/partitions/lib/sprt/libtfm_sprt.a(tfm_crypto_secure_api.o)
                0x0000000000001e72                psa_hash_finish
 .text.psa_hash_compute
                0x0000000000001eb6       0x44 secure_fw/partitions/lib/sprt/libtfm_sprt.a(tfm_crypto_secure_api.o)
                0x0000000000001eb6                psa_hash_compute
 .text.psa_aead_encrypt
                0x0000000000001efa       0x88 secure_fw/partitions/lib/sprt/libtfm_sprt.a(tfm_crypto_secure_api.o)
                0x0000000000001efa                psa_aead_encrypt
 .text.psa_aead_decrypt
                0x0000000000001f82       0x88 secure_fw/partitions/lib/sprt/libtfm_sprt.a(tfm_crypto_secure_api.o)
                0x0000000000001f82                psa_aead_decrypt
 .text.psa_sign_hash
                0x000000000000200a       0x48 secure_fw/partitions/lib/sprt/libtfm_sprt.a(tfm_crypto_secure_api.o)
                0x000000000000200a                psa_sign_hash
 .text.psa_key_derivation_abort
                0x0000000000002052       0x36 secure_fw/partitions/lib/sprt/libtfm_sprt.a(tfm_crypto_secure_api.o)
                0x0000000000002052                psa_key_derivation_abort
 .text.psa_key_derivation_setup
                0x0000000000002088       0x3a secure_fw/partitions/lib/sprt/libtfm_sprt.a(tfm_crypto_secure_api.o)
                0x0000000000002088                psa_key_derivation_setup
 .text.psa_key_derivation_input_bytes
                0x00000000000020c2       0x44 secure_fw/partitions/lib/sprt/libtfm_sprt.a(tfm_crypto_secure_api.o)
                0x00000000000020c2                psa_key_derivation_input_bytes
 .text.psa_key_derivation_output_key
                0x0000000000002106       0x44 secure_fw/partitions/lib/sprt/libtfm_sprt.a(tfm_crypto_secure_api.o)
                0x0000000000002106                psa_key_derivation_output_key
 .text.psa_its_set
                0x000000000000214a       0x36 secure_fw/partitions/lib/sprt/libtfm_sprt.a(tfm_its_secure_api.o)
                0x000000000000214a                psa_its_set
 .text.psa_its_get
                0x0000000000002180       0x42 secure_fw/partitions/lib/sprt/libtfm_sprt.a(tfm_its_secure_api.o)
                0x0000000000002180                psa_its_get
 .text.psa_its_get_info
                0x00000000000021c2       0x2e secure_fw/partitions/lib/sprt/libtfm_sprt.a(tfm_its_secure_api.o)
                0x00000000000021c2                psa_its_get_info
 .text.psa_its_remove
                0x00000000000021f0       0x20 secure_fw/partitions/lib/sprt/libtfm_sprt.a(tfm_its_secure_api.o)
                0x00000000000021f0                psa_its_remove
 .text.tfm_platform_nv_counter_increment
                0x0000000000002210       0x1e secure_fw/partitions/lib/sprt/libtfm_sprt.a(tfm_platform_secure_api.o)
                0x0000000000002210                tfm_platform_nv_counter_increment
 .text.tfm_platform_nv_counter_read
                0x000000000000222e       0x22 secure_fw/partitions/lib/sprt/libtfm_sprt.a(tfm_platform_secure_api.o)
                0x000000000000222e                tfm_platform_nv_counter_read
 .text.memmove  0x0000000000002250       0x88 secure_fw/partitions/lib/sprt/libtfm_sprt.a(crt_memmove.o)
                0x0000000000002250                memmove
 *libtfm_sprt*:*(.rodata*)
 *psa_client.*(.text*)
 *psa_client.*(.rodata*)
 *psa_service.*(.text*)
 *psa_service.*(.rodata*)
 *psa_lifecycle.*(.text*)
 *psa_lifecycle.*(.rodata*)
 *tfm_log_raw.*(.text*)
 *tfm_log_raw.*(.rodata*)
                0x00000000000022e0                . = ALIGN (0x20)
 *fill*         0x00000000000022d8        0x8 
                0x0000000000000300                Image$$TFM_UNPRIV_CODE$$RO$$Base = ADDR (.TFM_UNPRIV_CODE)
                0x00000000000022e0                Image$$TFM_UNPRIV_CODE$$RO$$Limit = (ADDR (.TFM_UNPRIV_CODE) + SIZEOF (.TFM_UNPRIV_CODE))

.TFM_SP_LOAD_LIST
                0x00000000000022e0        0x0
 *(.part_load)
                0x00000000000022e0                Image$$TFM_SP_LOAD_LIST$$RO$$Base = ADDR (.TFM_SP_LOAD_LIST)
                0x00000000000022e0                Image$$TFM_SP_LOAD_LIST$$RO$$Limit = (ADDR (.TFM_SP_LOAD_LIST) + SIZEOF (.TFM_SP_LOAD_LIST))
                0x00000000000022e0                . = ALIGN (0x20)
                0x00000000000022e0                Image$$TFM_PSA_CODE_START$$Base = .

.TFM_PSA_ROT_LINKER
                0x00000000000022e0     0x3d60
 *tfm_psa_rot_partition*:*(.text*)
 .text.audit_core_init
                0x00000000000022e0       0x14 secure_fw/partitions/audit_logging/libtfm_psa_rot_partition_audit.a(audit_core.o)
                0x00000000000022e0                audit_core_init
 .text.audit_core_delete_record
                0x00000000000022f4       0x70 secure_fw/partitions/audit_logging/libtfm_psa_rot_partition_audit.a(audit_core.o)
                0x00000000000022f4                audit_core_delete_record
 .text.audit_core_get_info
                0x0000000000002364       0x30 secure_fw/partitions/audit_logging/libtfm_psa_rot_partition_audit.a(audit_core.o)
                0x0000000000002364                audit_core_get_info
 .text.audit_core_get_record_info
                0x0000000000002394       0x60 secure_fw/partitions/audit_logging/libtfm_psa_rot_partition_audit.a(audit_core.o)
                0x0000000000002394                audit_core_get_record_info
 .text.audit_core_add_record
                0x00000000000023f4      0x164 secure_fw/partitions/audit_logging/libtfm_psa_rot_partition_audit.a(audit_core.o)
                0x00000000000023f4                audit_core_add_record
 .text.audit_core_retrieve_record
                0x0000000000002558       0xb0 secure_fw/partitions/audit_logging/libtfm_psa_rot_partition_audit.a(audit_core.o)
                0x0000000000002558                audit_core_retrieve_record
 .text.tfm_crypto_get_caller_id
                0x0000000000002608       0x12 secure_fw/partitions/crypto/libtfm_psa_rot_partition_crypto.a(crypto_init.o)
                0x0000000000002608                tfm_crypto_get_caller_id
 *fill*         0x000000000000261a        0x2 
 .text.tfm_crypto_init
                0x000000000000261c       0x54 secure_fw/partitions/crypto/libtfm_psa_rot_partition_crypto.a(crypto_init.o)
                0x000000000000261c                tfm_crypto_init
 .text.tfm_crypto_init_alloc
                0x0000000000002670       0x18 secure_fw/partitions/crypto/libtfm_psa_rot_partition_crypto.a(crypto_alloc.o)
                0x0000000000002670                tfm_crypto_init_alloc
 .text.tfm_crypto_operation_alloc
                0x0000000000002688       0x68 secure_fw/partitions/crypto/libtfm_psa_rot_partition_crypto.a(crypto_alloc.o)
                0x0000000000002688                tfm_crypto_operation_alloc
 .text.tfm_crypto_operation_release
                0x00000000000026f0       0x74 secure_fw/partitions/crypto/libtfm_psa_rot_partition_crypto.a(crypto_alloc.o)
                0x00000000000026f0                tfm_crypto_operation_release
 .text.tfm_crypto_operation_lookup
                0x0000000000002764       0x54 secure_fw/partitions/crypto/libtfm_psa_rot_partition_crypto.a(crypto_alloc.o)
                0x0000000000002764                tfm_crypto_operation_lookup
 .text.tfm_crypto_cipher_generate_iv
                0x00000000000027b8       0x60 secure_fw/partitions/crypto/libtfm_psa_rot_partition_crypto.a(crypto_cipher.o)
                0x00000000000027b8                tfm_crypto_cipher_generate_iv
 .text.tfm_crypto_cipher_set_iv
                0x0000000000002818       0x56 secure_fw/partitions/crypto/libtfm_psa_rot_partition_crypto.a(crypto_cipher.o)
                0x0000000000002818                tfm_crypto_cipher_set_iv
 .text.tfm_crypto_cipher_encrypt_setup
                0x000000000000286e       0x6a secure_fw/partitions/crypto/libtfm_psa_rot_partition_crypto.a(crypto_cipher.o)
                0x000000000000286e                tfm_crypto_cipher_encrypt_setup
 .text.tfm_crypto_cipher_decrypt_setup
                0x00000000000028d8       0x6a secure_fw/partitions/crypto/libtfm_psa_rot_partition_crypto.a(crypto_cipher.o)
                0x00000000000028d8                tfm_crypto_cipher_decrypt_setup
 .text.tfm_crypto_cipher_update
                0x0000000000002942       0x68 secure_fw/partitions/crypto/libtfm_psa_rot_partition_crypto.a(crypto_cipher.o)
                0x0000000000002942                tfm_crypto_cipher_update
 .text.tfm_crypto_cipher_finish
                0x00000000000029aa       0x60 secure_fw/partitions/crypto/libtfm_psa_rot_partition_crypto.a(crypto_cipher.o)
                0x00000000000029aa                tfm_crypto_cipher_finish
 .text.tfm_crypto_cipher_abort
                0x0000000000002a0a       0x54 secure_fw/partitions/crypto/libtfm_psa_rot_partition_crypto.a(crypto_cipher.o)
                0x0000000000002a0a                tfm_crypto_cipher_abort
 .text.tfm_crypto_cipher_encrypt
                0x0000000000002a5e       0x50 secure_fw/partitions/crypto/libtfm_psa_rot_partition_crypto.a(crypto_cipher.o)
                0x0000000000002a5e                tfm_crypto_cipher_encrypt
 .text.tfm_crypto_cipher_decrypt
                0x0000000000002aae       0x50 secure_fw/partitions/crypto/libtfm_psa_rot_partition_crypto.a(crypto_cipher.o)
                0x0000000000002aae                tfm_crypto_cipher_decrypt
 .text.tfm_crypto_hash_setup
                0x0000000000002afe       0x56 secure_fw/partitions/crypto/libtfm_psa_rot_partition_crypto.a(crypto_hash.o)
                0x0000000000002afe                tfm_crypto_hash_setup
 .text.tfm_crypto_hash_update
                0x0000000000002b54       0x54 secure_fw/partitions/crypto/libtfm_psa_rot_partition_crypto.a(crypto_hash.o)
                0x0000000000002b54                tfm_crypto_hash_update
 .text.tfm_crypto_hash_finish
                0x0000000000002ba8       0x5e secure_fw/partitions/crypto/libtfm_psa_rot_partition_crypto.a(crypto_hash.o)
                0x0000000000002ba8                tfm_crypto_hash_finish
 .text.tfm_crypto_hash_verify
                0x0000000000002c06       0x52 secure_fw/partitions/crypto/libtfm_psa_rot_partition_crypto.a(crypto_hash.o)
                0x0000000000002c06                tfm_crypto_hash_verify
 .text.tfm_crypto_hash_abort
                0x0000000000002c58       0x52 secure_fw/partitions/crypto/libtfm_psa_rot_partition_crypto.a(crypto_hash.o)
                0x0000000000002c58                tfm_crypto_hash_abort
 .text.tfm_crypto_hash_clone
                0x0000000000002caa       0x60 secure_fw/partitions/crypto/libtfm_psa_rot_partition_crypto.a(crypto_hash.o)
                0x0000000000002caa                tfm_crypto_hash_clone
 .text.tfm_crypto_hash_compute
                0x0000000000002d0a       0x38 secure_fw/partitions/crypto/libtfm_psa_rot_partition_crypto.a(crypto_hash.o)
                0x0000000000002d0a                tfm_crypto_hash_compute
 .text.tfm_crypto_hash_compare
                0x0000000000002d42       0x2a secure_fw/partitions/crypto/libtfm_psa_rot_partition_crypto.a(crypto_hash.o)
                0x0000000000002d42                tfm_crypto_hash_compare
 .text.tfm_crypto_mac_sign_setup
                0x0000000000002d6c       0x64 secure_fw/partitions/crypto/libtfm_psa_rot_partition_crypto.a(crypto_mac.o)
                0x0000000000002d6c                tfm_crypto_mac_sign_setup
 .text.tfm_crypto_mac_verify_setup
                0x0000000000002dd0       0x68 secure_fw/partitions/crypto/libtfm_psa_rot_partition_crypto.a(crypto_mac.o)
                0x0000000000002dd0                tfm_crypto_mac_verify_setup
 .text.tfm_crypto_mac_update
                0x0000000000002e38       0x56 secure_fw/partitions/crypto/libtfm_psa_rot_partition_crypto.a(crypto_mac.o)
                0x0000000000002e38                tfm_crypto_mac_update
 .text.tfm_crypto_mac_sign_finish
                0x0000000000002e8e       0x60 secure_fw/partitions/crypto/libtfm_psa_rot_partition_crypto.a(crypto_mac.o)
                0x0000000000002e8e                tfm_crypto_mac_sign_finish
 .text.tfm_crypto_mac_verify_finish
                0x0000000000002eee       0x54 secure_fw/partitions/crypto/libtfm_psa_rot_partition_crypto.a(crypto_mac.o)
                0x0000000000002eee                tfm_crypto_mac_verify_finish
 .text.tfm_crypto_mac_abort
                0x0000000000002f42       0x52 secure_fw/partitions/crypto/libtfm_psa_rot_partition_crypto.a(crypto_mac.o)
                0x0000000000002f42                tfm_crypto_mac_abort
 .text.tfm_crypto_mac_compute
                0x0000000000002f94       0x50 secure_fw/partitions/crypto/libtfm_psa_rot_partition_crypto.a(crypto_mac.o)
                0x0000000000002f94                tfm_crypto_mac_compute
 .text.tfm_crypto_mac_verify
                0x0000000000002fe4       0x4a secure_fw/partitions/crypto/libtfm_psa_rot_partition_crypto.a(crypto_mac.o)
                0x0000000000002fe4                tfm_crypto_mac_verify
 .text.tfm_crypto_key_attributes_from_client
                0x000000000000302e       0x56 secure_fw/partitions/crypto/libtfm_psa_rot_partition_crypto.a(crypto_key.o)
                0x000000000000302e                tfm_crypto_key_attributes_from_client
 .text.tfm_crypto_key_attributes_to_client
                0x0000000000003084       0x24 secure_fw/partitions/crypto/libtfm_psa_rot_partition_crypto.a(crypto_key.o)
                0x0000000000003084                tfm_crypto_key_attributes_to_client
 .text.tfm_crypto_encode_id_and_owner
                0x00000000000030a8       0x24 secure_fw/partitions/crypto/libtfm_psa_rot_partition_crypto.a(crypto_key.o)
                0x00000000000030a8                tfm_crypto_encode_id_and_owner
 .text.tfm_crypto_aead_encrypt
                0x00000000000030cc       0x78 secure_fw/partitions/crypto/libtfm_psa_rot_partition_crypto.a(crypto_aead.o)
                0x00000000000030cc                tfm_crypto_aead_encrypt
 .text.tfm_crypto_aead_decrypt
                0x0000000000003144       0x78 secure_fw/partitions/crypto/libtfm_psa_rot_partition_crypto.a(crypto_aead.o)
                0x0000000000003144                tfm_crypto_aead_decrypt
 .text.tfm_crypto_aead_encrypt_setup
                0x00000000000031bc       0x68 secure_fw/partitions/crypto/libtfm_psa_rot_partition_crypto.a(crypto_aead.o)
                0x00000000000031bc                tfm_crypto_aead_encrypt_setup
 .text.tfm_crypto_aead_decrypt_setup
                0x0000000000003224       0x68 secure_fw/partitions/crypto/libtfm_psa_rot_partition_crypto.a(crypto_aead.o)
                0x0000000000003224                tfm_crypto_aead_decrypt_setup
 .text.tfm_crypto_aead_abort
                0x000000000000328c       0x52 secure_fw/partitions/crypto/libtfm_psa_rot_partition_crypto.a(crypto_aead.o)
                0x000000000000328c                tfm_crypto_aead_abort
 .text.tfm_crypto_aead_finish
                0x00000000000032de       0x74 secure_fw/partitions/crypto/libtfm_psa_rot_partition_crypto.a(crypto_aead.o)
                0x00000000000032de                tfm_crypto_aead_finish
 .text.tfm_crypto_aead_generate_nonce
                0x0000000000003352       0x60 secure_fw/partitions/crypto/libtfm_psa_rot_partition_crypto.a(crypto_aead.o)
                0x0000000000003352                tfm_crypto_aead_generate_nonce
 .text.tfm_crypto_aead_set_nonce
                0x00000000000033b2       0x54 secure_fw/partitions/crypto/libtfm_psa_rot_partition_crypto.a(crypto_aead.o)
                0x00000000000033b2                tfm_crypto_aead_set_nonce
 .text.tfm_crypto_aead_set_lengths
                0x0000000000003406       0x54 secure_fw/partitions/crypto/libtfm_psa_rot_partition_crypto.a(crypto_aead.o)
                0x0000000000003406                tfm_crypto_aead_set_lengths
 .text.tfm_crypto_aead_update
                0x000000000000345a       0x66 secure_fw/partitions/crypto/libtfm_psa_rot_partition_crypto.a(crypto_aead.o)
                0x000000000000345a                tfm_crypto_aead_update
 .text.tfm_crypto_aead_update_ad
                0x00000000000034c0       0x54 secure_fw/partitions/crypto/libtfm_psa_rot_partition_crypto.a(crypto_aead.o)
                0x00000000000034c0                tfm_crypto_aead_update_ad
 .text.tfm_crypto_aead_verify
                0x0000000000003514       0x64 secure_fw/partitions/crypto/libtfm_psa_rot_partition_crypto.a(crypto_aead.o)
                0x0000000000003514                tfm_crypto_aead_verify
 .text.tfm_crypto_sign_message
                0x0000000000003578       0x50 secure_fw/partitions/crypto/libtfm_psa_rot_partition_crypto.a(crypto_asymmetric.o)
                0x0000000000003578                tfm_crypto_sign_message
 .text.tfm_crypto_verify_message
                0x00000000000035c8       0x4a secure_fw/partitions/crypto/libtfm_psa_rot_partition_crypto.a(crypto_asymmetric.o)
                0x00000000000035c8                tfm_crypto_verify_message
 .text.tfm_crypto_sign_hash
                0x0000000000003612       0x50 secure_fw/partitions/crypto/libtfm_psa_rot_partition_crypto.a(crypto_asymmetric.o)
                0x0000000000003612                tfm_crypto_sign_hash
 .text.tfm_crypto_verify_hash
                0x0000000000003662       0x4a secure_fw/partitions/crypto/libtfm_psa_rot_partition_crypto.a(crypto_asymmetric.o)
                0x0000000000003662                tfm_crypto_verify_hash
 .text.tfm_crypto_asymmetric_encrypt
                0x00000000000036ac       0xa8 secure_fw/partitions/crypto/libtfm_psa_rot_partition_crypto.a(crypto_asymmetric.o)
                0x00000000000036ac                tfm_crypto_asymmetric_encrypt
 .text.tfm_crypto_asymmetric_decrypt
                0x0000000000003754       0x5e secure_fw/partitions/crypto/libtfm_psa_rot_partition_crypto.a(crypto_asymmetric.o)
                0x0000000000003754                tfm_crypto_asymmetric_decrypt
 *fill*         0x00000000000037b2        0x2 
 .text.tfm_crypto_key_derivation_setup
                0x00000000000037b4       0x60 secure_fw/partitions/crypto/libtfm_psa_rot_partition_crypto.a(crypto_key_derivation.o)
                0x00000000000037b4                tfm_crypto_key_derivation_setup
 .text.tfm_crypto_key_derivation_get_capacity
                0x0000000000003814       0x5c secure_fw/partitions/crypto/libtfm_psa_rot_partition_crypto.a(crypto_key_derivation.o)
                0x0000000000003814                tfm_crypto_key_derivation_get_capacity
 .text.tfm_crypto_key_derivation_set_capacity
                0x0000000000003870       0x4c secure_fw/partitions/crypto/libtfm_psa_rot_partition_crypto.a(crypto_key_derivation.o)
                0x0000000000003870                tfm_crypto_key_derivation_set_capacity
 .text.tfm_crypto_key_derivation_input_bytes
                0x00000000000038bc       0xc0 secure_fw/partitions/crypto/libtfm_psa_rot_partition_crypto.a(crypto_key_derivation.o)
                0x00000000000038bc                tfm_crypto_key_derivation_input_bytes
 .text.tfm_crypto_key_derivation_output_bytes
                0x000000000000397c       0x54 secure_fw/partitions/crypto/libtfm_psa_rot_partition_crypto.a(crypto_key_derivation.o)
                0x000000000000397c                tfm_crypto_key_derivation_output_bytes
 .text.tfm_crypto_key_derivation_input_key
                0x00000000000039d0       0x6a secure_fw/partitions/crypto/libtfm_psa_rot_partition_crypto.a(crypto_key_derivation.o)
                0x00000000000039d0                tfm_crypto_key_derivation_input_key
 *fill*         0x0000000000003a3a        0x2 
 .text.tfm_crypto_key_derivation_output_key
                0x0000000000003a3c       0xcc secure_fw/partitions/crypto/libtfm_psa_rot_partition_crypto.a(crypto_key_derivation.o)
                0x0000000000003a3c                tfm_crypto_key_derivation_output_key
 .text.tfm_crypto_key_derivation_abort
                0x0000000000003b08       0x84 secure_fw/partitions/crypto/libtfm_psa_rot_partition_crypto.a(crypto_key_derivation.o)
                0x0000000000003b08                tfm_crypto_key_derivation_abort
 .text.tfm_crypto_key_derivation_key_agreement
                0x0000000000003b8c       0x74 secure_fw/partitions/crypto/libtfm_psa_rot_partition_crypto.a(crypto_key_derivation.o)
                0x0000000000003b8c                tfm_crypto_key_derivation_key_agreement
 .text.tfm_crypto_raw_key_agreement
                0x0000000000003c00       0x50 secure_fw/partitions/crypto/libtfm_psa_rot_partition_crypto.a(crypto_key_derivation.o)
                0x0000000000003c00                tfm_crypto_raw_key_agreement
 .text.tfm_crypto_import_key
                0x0000000000003c50       0x62 secure_fw/partitions/crypto/libtfm_psa_rot_partition_crypto.a(crypto_key_management.o)
                0x0000000000003c50                tfm_crypto_import_key
 .text.tfm_crypto_open_key
                0x0000000000003cb2       0x50 secure_fw/partitions/crypto/libtfm_psa_rot_partition_crypto.a(crypto_key_management.o)
                0x0000000000003cb2                tfm_crypto_open_key
 .text.tfm_crypto_close_key
                0x0000000000003d02       0x36 secure_fw/partitions/crypto/libtfm_psa_rot_partition_crypto.a(crypto_key_management.o)
                0x0000000000003d02                tfm_crypto_close_key
 .text.tfm_crypto_destroy_key
                0x0000000000003d38       0x36 secure_fw/partitions/crypto/libtfm_psa_rot_partition_crypto.a(crypto_key_management.o)
                0x0000000000003d38                tfm_crypto_destroy_key
 .text.tfm_crypto_get_key_attributes
                0x0000000000003d6e       0x58 secure_fw/partitions/crypto/libtfm_psa_rot_partition_crypto.a(crypto_key_management.o)
                0x0000000000003d6e                tfm_crypto_get_key_attributes
 .text.tfm_crypto_reset_key_attributes
                0x0000000000003dc6       0x50 secure_fw/partitions/crypto/libtfm_psa_rot_partition_crypto.a(crypto_key_management.o)
                0x0000000000003dc6                tfm_crypto_reset_key_attributes
 .text.tfm_crypto_export_key
                0x0000000000003e16       0x4a secure_fw/partitions/crypto/libtfm_psa_rot_partition_crypto.a(crypto_key_management.o)
                0x0000000000003e16                tfm_crypto_export_key
 .text.tfm_crypto_export_public_key
                0x0000000000003e60       0x4a secure_fw/partitions/crypto/libtfm_psa_rot_partition_crypto.a(crypto_key_management.o)
                0x0000000000003e60                tfm_crypto_export_public_key
 .text.tfm_crypto_purge_key
                0x0000000000003eaa       0x36 secure_fw/partitions/crypto/libtfm_psa_rot_partition_crypto.a(crypto_key_management.o)
                0x0000000000003eaa                tfm_crypto_purge_key
 .text.tfm_crypto_copy_key
                0x0000000000003ee0       0x6a secure_fw/partitions/crypto/libtfm_psa_rot_partition_crypto.a(crypto_key_management.o)
                0x0000000000003ee0                tfm_crypto_copy_key
 .text.tfm_crypto_generate_key
                0x0000000000003f4a       0x5c secure_fw/partitions/crypto/libtfm_psa_rot_partition_crypto.a(crypto_key_management.o)
                0x0000000000003f4a                tfm_crypto_generate_key
 .text.tfm_crypto_generate_random
                0x0000000000003fa6       0x1c secure_fw/partitions/crypto/libtfm_psa_rot_partition_crypto.a(crypto_rng.o)
                0x0000000000003fa6                tfm_crypto_generate_random
 .text.attest_partition_init
                0x0000000000003fc2        0x4 secure_fw/partitions/initial_attestation/libtfm_psa_rot_partition_attestation.a(tfm_attest_req_mngr.o)
                0x0000000000003fc2                attest_partition_init
 *fill*         0x0000000000003fc6        0x2 
 .text.attest_get_tlv_by_module.part.0
                0x0000000000003fc8       0x78 secure_fw/partitions/initial_attestation/libtfm_psa_rot_partition_attestation.a(attest_core.o)
 .text.attest_get_tlv_by_id.constprop.0
                0x0000000000004040       0x44 secure_fw/partitions/initial_attestation/libtfm_psa_rot_partition_attestation.a(attest_core.o)
 .text.attest_create_token
                0x0000000000004084      0x298 secure_fw/partitions/initial_attestation/libtfm_psa_rot_partition_attestation.a(attest_core.o)
 .text.attest_init
                0x000000000000431c       0x28 secure_fw/partitions/initial_attestation/libtfm_psa_rot_partition_attestation.a(attest_core.o)
                0x000000000000431c                attest_init
 .text.initial_attest_get_token
                0x0000000000004344       0x54 secure_fw/partitions/initial_attestation/libtfm_psa_rot_partition_attestation.a(attest_core.o)
                0x0000000000004344                initial_attest_get_token
 .text.initial_attest_get_token_size
                0x0000000000004398       0x58 secure_fw/partitions/initial_attestation/libtfm_psa_rot_partition_attestation.a(attest_core.o)
                0x0000000000004398                initial_attest_get_token_size
 .text.attest_register_initial_attestation_key
                0x00000000000043f0       0x90 secure_fw/partitions/initial_attestation/libtfm_psa_rot_partition_attestation.a(attest_asymmetric_key.o)
                0x00000000000043f0                attest_register_initial_attestation_key
 .text.attest_unregister_initial_attestation_key
                0x0000000000004480       0x1c secure_fw/partitions/initial_attestation/libtfm_psa_rot_partition_attestation.a(attest_asymmetric_key.o)
                0x0000000000004480                attest_unregister_initial_attestation_key
 .text.attest_get_signing_key_handle
                0x000000000000449c       0x14 secure_fw/partitions/initial_attestation/libtfm_psa_rot_partition_attestation.a(attest_asymmetric_key.o)
                0x000000000000449c                attest_get_signing_key_handle
 .text.attest_get_instance_id
                0x00000000000044b0       0x74 secure_fw/partitions/initial_attestation/libtfm_psa_rot_partition_attestation.a(attest_asymmetric_key.o)
                0x00000000000044b0                attest_get_instance_id
 .text.attest_token_encode_start
                0x0000000000004524       0x7a secure_fw/partitions/initial_attestation/libtfm_psa_rot_partition_attestation.a(attest_token_encode.o)
                0x0000000000004524                attest_token_encode_start
 .text.attest_token_encode_finish
                0x000000000000459e       0x50 secure_fw/partitions/initial_attestation/libtfm_psa_rot_partition_attestation.a(attest_token_encode.o)
                0x000000000000459e                attest_token_encode_finish
 .text.attest_token_encode_borrow_cbor_cntxt
                0x00000000000045ee        0x2 secure_fw/partitions/initial_attestation/libtfm_psa_rot_partition_attestation.a(attest_token_encode.o)
                0x00000000000045ee                attest_token_encode_borrow_cbor_cntxt
 .text.attest_token_encode_add_integer
                0x00000000000045f0       0x1e secure_fw/partitions/initial_attestation/libtfm_psa_rot_partition_attestation.a(attest_token_encode.o)
                0x00000000000045f0                attest_token_encode_add_integer
 .text.attest_token_encode_add_bstr
                0x000000000000460e       0x28 secure_fw/partitions/initial_attestation/libtfm_psa_rot_partition_attestation.a(attest_token_encode.o)
                0x000000000000460e                attest_token_encode_add_bstr
 .text.attest_token_encode_add_tstr
                0x0000000000004636       0x28 secure_fw/partitions/initial_attestation/libtfm_psa_rot_partition_attestation.a(attest_token_encode.o)
                0x0000000000004636                attest_token_encode_add_tstr
 .text.t_cose_sign1_encode_parameters
                0x000000000000465e       0xe6 secure_fw/partitions/initial_attestation/libtfm_psa_rot_partition_attestation.a(t_cose_sign1_sign.o)
                0x000000000000465e                t_cose_sign1_encode_parameters
 .text.t_cose_sign1_encode_signature
                0x0000000000004744       0xe8 secure_fw/partitions/initial_attestation/libtfm_psa_rot_partition_attestation.a(t_cose_sign1_sign.o)
                0x0000000000004744                t_cose_sign1_encode_signature
 .text.hash_alg_id_from_sig_alg_id
                0x000000000000482c        0xc secure_fw/partitions/initial_attestation/libtfm_psa_rot_partition_attestation.a(t_cose_util.o)
                0x000000000000482c                hash_alg_id_from_sig_alg_id
 .text.create_tbs_hash
                0x0000000000004838       0xfc secure_fw/partitions/initial_attestation/libtfm_psa_rot_partition_attestation.a(t_cose_util.o)
                0x0000000000004838                create_tbs_hash
 .text.psa_status_to_t_cose_error_signing
                0x0000000000004934       0x2c secure_fw/partitions/initial_attestation/libtfm_psa_rot_partition_attestation.a(t_cose_psa_crypto.o)
 .text.t_cose_crypto_pub_key_sign
                0x0000000000004960       0x4c secure_fw/partitions/initial_attestation/libtfm_psa_rot_partition_attestation.a(t_cose_psa_crypto.o)
                0x0000000000004960                t_cose_crypto_pub_key_sign
 .text.t_cose_crypto_sig_size
                0x00000000000049ac       0x5c secure_fw/partitions/initial_attestation/libtfm_psa_rot_partition_attestation.a(t_cose_psa_crypto.o)
                0x00000000000049ac                t_cose_crypto_sig_size
 .text.t_cose_crypto_hash_start
                0x0000000000004a08       0x3c secure_fw/partitions/initial_attestation/libtfm_psa_rot_partition_attestation.a(t_cose_psa_crypto.o)
                0x0000000000004a08                t_cose_crypto_hash_start
 .text.t_cose_crypto_hash_update
                0x0000000000004a44       0x1a secure_fw/partitions/initial_attestation/libtfm_psa_rot_partition_attestation.a(t_cose_psa_crypto.o)
                0x0000000000004a44                t_cose_crypto_hash_update
 .text.t_cose_crypto_hash_finish
                0x0000000000004a5e       0x38 secure_fw/partitions/initial_attestation/libtfm_psa_rot_partition_attestation.a(t_cose_psa_crypto.o)
                0x0000000000004a5e                t_cose_crypto_hash_finish
 .text.attest_get_caller_client_id
                0x0000000000004a96       0x10 secure_fw/partitions/initial_attestation/libtfm_psa_rot_partition_attestation.a(tfm_attest.o)
                0x0000000000004a96                attest_get_caller_client_id
 .text.attest_get_boot_data
                0x0000000000004aa6        0xe secure_fw/partitions/initial_attestation/libtfm_psa_rot_partition_attestation.a(tfm_attest.o)
                0x0000000000004aa6                attest_get_boot_data
 .text.tfm_its_set_req
                0x0000000000004ab4       0x60 secure_fw/partitions/internal_trusted_storage/libtfm_psa_rot_partition_its.a(tfm_its_req_mngr.o)
                0x0000000000004ab4                tfm_its_set_req
 .text.tfm_its_get_req
                0x0000000000004b14       0x6c secure_fw/partitions/internal_trusted_storage/libtfm_psa_rot_partition_its.a(tfm_its_req_mngr.o)
                0x0000000000004b14                tfm_its_get_req
 .text.tfm_its_get_info_req
                0x0000000000004b80       0x50 secure_fw/partitions/internal_trusted_storage/libtfm_psa_rot_partition_its.a(tfm_its_req_mngr.o)
                0x0000000000004b80                tfm_its_get_info_req
 .text.tfm_its_remove_req
                0x0000000000004bd0       0x44 secure_fw/partitions/internal_trusted_storage/libtfm_psa_rot_partition_its.a(tfm_its_req_mngr.o)
                0x0000000000004bd0                tfm_its_remove_req
 .text.tfm_its_req_mngr_init
                0x0000000000004c14       0x1c secure_fw/partitions/internal_trusted_storage/libtfm_psa_rot_partition_its.a(tfm_its_req_mngr.o)
                0x0000000000004c14                tfm_its_req_mngr_init
 .text.its_req_mngr_read
                0x0000000000004c30       0x1c secure_fw/partitions/internal_trusted_storage/libtfm_psa_rot_partition_its.a(tfm_its_req_mngr.o)
                0x0000000000004c30                its_req_mngr_read
 .text.its_req_mngr_write
                0x0000000000004c4c       0x1c secure_fw/partitions/internal_trusted_storage/libtfm_psa_rot_partition_its.a(tfm_its_req_mngr.o)
                0x0000000000004c4c                its_req_mngr_write
 .text.tfm_its_get_fid.constprop.0
                0x0000000000004c68       0x28 secure_fw/partitions/internal_trusted_storage/libtfm_psa_rot_partition_its.a(tfm_internal_trusted_storage.o)
 .text.tfm_its_init
                0x0000000000004c90      0x108 secure_fw/partitions/internal_trusted_storage/libtfm_psa_rot_partition_its.a(tfm_internal_trusted_storage.o)
                0x0000000000004c90                tfm_its_init
 .text.tfm_its_set
                0x0000000000004d98       0xb8 secure_fw/partitions/internal_trusted_storage/libtfm_psa_rot_partition_its.a(tfm_internal_trusted_storage.o)
                0x0000000000004d98                tfm_its_set
 .text.tfm_its_get
                0x0000000000004e50       0xa8 secure_fw/partitions/internal_trusted_storage/libtfm_psa_rot_partition_its.a(tfm_internal_trusted_storage.o)
                0x0000000000004e50                tfm_its_get
 .text.tfm_its_get_info
                0x0000000000004ef8       0x4c secure_fw/partitions/internal_trusted_storage/libtfm_psa_rot_partition_its.a(tfm_internal_trusted_storage.o)
                0x0000000000004ef8                tfm_its_get_info
 .text.tfm_its_remove
                0x0000000000004f44       0x58 secure_fw/partitions/internal_trusted_storage/libtfm_psa_rot_partition_its.a(tfm_internal_trusted_storage.o)
                0x0000000000004f44                tfm_its_remove
 .text.its_flash_nor_init
                0x0000000000004f9c       0x14 secure_fw/partitions/internal_trusted_storage/libtfm_psa_rot_partition_its.a(its_flash_nor.o)
 .text.its_flash_nor_read
                0x0000000000004fb0       0x22 secure_fw/partitions/internal_trusted_storage/libtfm_psa_rot_partition_its.a(its_flash_nor.o)
 .text.its_flash_nor_write
                0x0000000000004fd2       0x22 secure_fw/partitions/internal_trusted_storage/libtfm_psa_rot_partition_its.a(its_flash_nor.o)
 .text.its_flash_nor_flush
                0x0000000000004ff4        0x4 secure_fw/partitions/internal_trusted_storage/libtfm_psa_rot_partition_its.a(its_flash_nor.o)
 .text.its_flash_nor_erase
                0x0000000000004ff8       0x2e secure_fw/partitions/internal_trusted_storage/libtfm_psa_rot_partition_its.a(its_flash_nor.o)
 .text.its_flash_fs_delete_idx
                0x0000000000005026       0xca secure_fw/partitions/internal_trusted_storage/libtfm_psa_rot_partition_its.a(its_flash_fs.o)
 .text.its_flash_fs_init_ctx
                0x00000000000050f0       0x80 secure_fw/partitions/internal_trusted_storage/libtfm_psa_rot_partition_its.a(its_flash_fs.o)
                0x00000000000050f0                its_flash_fs_init_ctx
 .text.its_flash_fs_prepare
                0x0000000000005170       0x34 secure_fw/partitions/internal_trusted_storage/libtfm_psa_rot_partition_its.a(its_flash_fs.o)
                0x0000000000005170                its_flash_fs_prepare
 .text.its_flash_fs_wipe_all
                0x00000000000051a4        0x4 secure_fw/partitions/internal_trusted_storage/libtfm_psa_rot_partition_its.a(its_flash_fs.o)
                0x00000000000051a4                its_flash_fs_wipe_all
 .text.its_flash_fs_file_get_info
                0x00000000000051a8       0x46 secure_fw/partitions/internal_trusted_storage/libtfm_psa_rot_partition_its.a(its_flash_fs.o)
                0x00000000000051a8                its_flash_fs_file_get_info
 .text.its_flash_fs_file_write
                0x00000000000051ee      0x1f4 secure_fw/partitions/internal_trusted_storage/libtfm_psa_rot_partition_its.a(its_flash_fs.o)
                0x00000000000051ee                its_flash_fs_file_write
 .text.its_flash_fs_file_delete
                0x00000000000053e2       0x1e secure_fw/partitions/internal_trusted_storage/libtfm_psa_rot_partition_its.a(its_flash_fs.o)
                0x00000000000053e2                its_flash_fs_file_delete
 .text.its_flash_fs_file_read
                0x0000000000005400       0x5e secure_fw/partitions/internal_trusted_storage/libtfm_psa_rot_partition_its.a(its_flash_fs.o)
                0x0000000000005400                its_flash_fs_file_read
 .text.its_flash_fs_dblock_compact_block
                0x000000000000545e       0xa8 secure_fw/partitions/internal_trusted_storage/libtfm_psa_rot_partition_its.a(its_flash_fs_dblock.o)
                0x000000000000545e                its_flash_fs_dblock_compact_block
 .text.its_flash_fs_dblock_read_file
                0x0000000000005506       0x42 secure_fw/partitions/internal_trusted_storage/libtfm_psa_rot_partition_its.a(its_flash_fs_dblock.o)
                0x0000000000005506                its_flash_fs_dblock_read_file
 .text.its_flash_fs_dblock_write_file
                0x0000000000005548       0x82 secure_fw/partitions/internal_trusted_storage/libtfm_psa_rot_partition_its.a(its_flash_fs_dblock.o)
                0x0000000000005548                its_flash_fs_dblock_write_file
 .text.its_mblock_update_scratch_block_meta
                0x00000000000055ca       0x1a secure_fw/partitions/internal_trusted_storage/libtfm_psa_rot_partition_its.a(its_flash_fs_mblock.o)
 .text.its_mblock_erase_scratch_blocks
                0x00000000000055e4       0x28 secure_fw/partitions/internal_trusted_storage/libtfm_psa_rot_partition_its.a(its_flash_fs_mblock.o)
 .text.its_num_dedicated_dblocks.isra.0
                0x000000000000560c        0xc secure_fw/partitions/internal_trusted_storage/libtfm_psa_rot_partition_its.a(its_flash_fs_mblock.o)
 .text.its_mblock_file_meta_offset.isra.0
                0x0000000000005618       0x14 secure_fw/partitions/internal_trusted_storage/libtfm_psa_rot_partition_its.a(its_flash_fs_mblock.o)
 .text.its_mblock_calculate_metadata_xor.part.0
                0x000000000000562c       0xa6 secure_fw/partitions/internal_trusted_storage/libtfm_psa_rot_partition_its.a(its_flash_fs_mblock.o)
 .text.its_mblock_write_scratch_meta_header
                0x00000000000056d2       0x44 secure_fw/partitions/internal_trusted_storage/libtfm_psa_rot_partition_its.a(its_flash_fs_mblock.o)
 .text.its_mblock_validate_header_meta
                0x0000000000005716       0x5a secure_fw/partitions/internal_trusted_storage/libtfm_psa_rot_partition_its.a(its_flash_fs_mblock.o)
 .text.its_init_get_active_metablock
                0x0000000000005770       0xb0 secure_fw/partitions/internal_trusted_storage/libtfm_psa_rot_partition_its.a(its_flash_fs_mblock.o)
 .text.its_flash_fs_mblock_cur_data_scratch_id
                0x0000000000005820        0xa secure_fw/partitions/internal_trusted_storage/libtfm_psa_rot_partition_its.a(its_flash_fs_mblock.o)
                0x0000000000005820                its_flash_fs_mblock_cur_data_scratch_id
 .text.its_flash_fs_mblock_meta_update_finalize
                0x000000000000582a       0x2a secure_fw/partitions/internal_trusted_storage/libtfm_psa_rot_partition_its.a(its_flash_fs_mblock.o)
                0x000000000000582a                its_flash_fs_mblock_meta_update_finalize
 .text.its_flash_fs_mblock_read_file_meta
                0x0000000000005854       0x76 secure_fw/partitions/internal_trusted_storage/libtfm_psa_rot_partition_its.a(its_flash_fs_mblock.o)
                0x0000000000005854                its_flash_fs_mblock_read_file_meta
 .text.its_flash_fs_mblock_get_file_idx
                0x00000000000058ca       0x42 secure_fw/partitions/internal_trusted_storage/libtfm_psa_rot_partition_its.a(its_flash_fs_mblock.o)
                0x00000000000058ca                its_flash_fs_mblock_get_file_idx
 .text.its_flash_fs_mblock_get_file_idx_flag
                0x000000000000590c       0x3c secure_fw/partitions/internal_trusted_storage/libtfm_psa_rot_partition_its.a(its_flash_fs_mblock.o)
                0x000000000000590c                its_flash_fs_mblock_get_file_idx_flag
 .text.its_flash_fs_mblock_read_block_metadata
                0x0000000000005948       0x54 secure_fw/partitions/internal_trusted_storage/libtfm_psa_rot_partition_its.a(its_flash_fs_mblock.o)
                0x0000000000005948                its_flash_fs_mblock_read_block_metadata
 .text.its_flash_fs_mblock_read_block_metadata_comp
                0x000000000000599c       0x60 secure_fw/partitions/internal_trusted_storage/libtfm_psa_rot_partition_its.a(its_flash_fs_mblock.o)
                0x000000000000599c                its_flash_fs_mblock_read_block_metadata_comp
 .text.its_flash_fs_mblock_reserve_file
                0x00000000000059fc       0xc4 secure_fw/partitions/internal_trusted_storage/libtfm_psa_rot_partition_its.a(its_flash_fs_mblock.o)
                0x00000000000059fc                its_flash_fs_mblock_reserve_file
 .text.its_flash_fs_mblock_set_data_scratch
                0x0000000000005ac0        0x6 secure_fw/partitions/internal_trusted_storage/libtfm_psa_rot_partition_its.a(its_flash_fs_mblock.o)
                0x0000000000005ac0                its_flash_fs_mblock_set_data_scratch
 .text.its_flash_fs_mblock_update_scratch_file_meta
                0x0000000000005ac6       0x20 secure_fw/partitions/internal_trusted_storage/libtfm_psa_rot_partition_its.a(its_flash_fs_mblock.o)
                0x0000000000005ac6                its_flash_fs_mblock_update_scratch_file_meta
 .text.its_flash_fs_mblock_reset_metablock
                0x0000000000005ae6      0x130 secure_fw/partitions/internal_trusted_storage/libtfm_psa_rot_partition_its.a(its_flash_fs_mblock.o)
                0x0000000000005ae6                its_flash_fs_mblock_reset_metablock
 .text.its_flash_fs_block_to_block_move
                0x0000000000005c16       0x5c secure_fw/partitions/internal_trusted_storage/libtfm_psa_rot_partition_its.a(its_flash_fs_mblock.o)
                0x0000000000005c16                its_flash_fs_block_to_block_move
 .text.its_flash_fs_mblock_cp_file_meta
                0x0000000000005c72       0x2c secure_fw/partitions/internal_trusted_storage/libtfm_psa_rot_partition_its.a(its_flash_fs_mblock.o)
                0x0000000000005c72                its_flash_fs_mblock_cp_file_meta
 .text.its_flash_fs_mblock_init
                0x0000000000005c9e       0xb0 secure_fw/partitions/internal_trusted_storage/libtfm_psa_rot_partition_its.a(its_flash_fs_mblock.o)
                0x0000000000005c9e                its_flash_fs_mblock_init
 .text.its_flash_fs_mblock_migrate_lb0_data_to_scratch
                0x0000000000005d4e       0x2e secure_fw/partitions/internal_trusted_storage/libtfm_psa_rot_partition_its.a(its_flash_fs_mblock.o)
                0x0000000000005d4e                its_flash_fs_mblock_migrate_lb0_data_to_scratch
 .text.its_flash_fs_mblock_update_scratch_block_meta
                0x0000000000005d7c       0x84 secure_fw/partitions/internal_trusted_storage/libtfm_psa_rot_partition_its.a(its_flash_fs_mblock.o)
                0x0000000000005d7c                its_flash_fs_mblock_update_scratch_block_meta
 .text.its_utils_check_contained_in
                0x0000000000005e00       0x18 secure_fw/partitions/internal_trusted_storage/libtfm_psa_rot_partition_its.a(its_utils.o)
                0x0000000000005e00                its_utils_check_contained_in
 .text.its_utils_validate_fid
                0x0000000000005e18       0x1a secure_fw/partitions/internal_trusted_storage/libtfm_psa_rot_partition_its.a(its_utils.o)
                0x0000000000005e18                its_utils_validate_fid
 .text.platform_sp_system_reset
                0x0000000000005e32        0xa secure_fw/partitions/platform/libtfm_psa_rot_partition_platform.a(platform_sp.o)
                0x0000000000005e32                platform_sp_system_reset
 .text.platform_sp_ioctl
                0x0000000000005e3c       0x2e secure_fw/partitions/platform/libtfm_psa_rot_partition_platform.a(platform_sp.o)
                0x0000000000005e3c                platform_sp_ioctl
 *fill*         0x0000000000005e6a        0x2 
 .text.platform_sp_nv_counter_read
                0x0000000000005e6c       0x54 secure_fw/partitions/platform/libtfm_psa_rot_partition_platform.a(platform_sp.o)
                0x0000000000005e6c                platform_sp_nv_counter_read
 .text.platform_sp_nv_counter_increment
                0x0000000000005ec0       0x4c secure_fw/partitions/platform/libtfm_psa_rot_partition_platform.a(platform_sp.o)
                0x0000000000005ec0                platform_sp_nv_counter_increment
 .text.platform_sp_init
                0x0000000000005f0c        0xe secure_fw/partitions/platform/libtfm_psa_rot_partition_platform.a(platform_sp.o)
                0x0000000000005f0c                platform_sp_init
 *tfm_psa_rot_partition*:*(.rodata*)
 .rodata.tfm_crypto_init.str1.1
                0x0000000000005f1a       0x8a secure_fw/partitions/crypto/libtfm_psa_rot_partition_crypto.a(crypto_init.o)
 .rodata.CSWTCH.5
                0x0000000000005fa4        0xa secure_fw/partitions/crypto/libtfm_psa_rot_partition_crypto.a(crypto_alloc.o)
 .rodata.CSWTCH.17
                0x0000000000005fae        0xc secure_fw/partitions/initial_attestation/libtfm_psa_rot_partition_attestation.a(attest_core.o)
 .rodata.create_tbs_hash.str1.1
                0x0000000000005fba        0xb secure_fw/partitions/initial_attestation/libtfm_psa_rot_partition_attestation.a(t_cose_util.o)
 *fill*         0x0000000000005fc5        0x3 
 .rodata.ecdsa_list.0
                0x0000000000005fc8        0x8 secure_fw/partitions/initial_attestation/libtfm_psa_rot_partition_attestation.a(t_cose_psa_crypto.o)
 .rodata.tfm_its_init.str1.1
                0x0000000000005fd0       0x4b secure_fw/partitions/internal_trusted_storage/libtfm_psa_rot_partition_its.a(tfm_internal_trusted_storage.o)
 *fill*         0x000000000000601b        0x1 
 .rodata.its_flash_fs_ops_nor
                0x000000000000601c       0x14 secure_fw/partitions/internal_trusted_storage/libtfm_psa_rot_partition_its.a(its_flash_nor.o)
                0x000000000000601c                its_flash_fs_ops_nor
 .rodata.nv_counter_access_map
                0x0000000000006030        0xc secure_fw/partitions/platform/libtfm_psa_rot_partition_platform.a(platform_sp.o)
 *(TFM_*_PSA-ROT_ATTR_FN)
                0x0000000000006040                . = ALIGN (0x20)
 *fill*         0x000000000000603c        0x4 
                0x00000000000022e0                Image$$TFM_PSA_ROT_LINKER$$RO$$Base = ADDR (.TFM_PSA_ROT_LINKER)
                0x0000000000006040                Image$$TFM_PSA_ROT_LINKER$$RO$$Limit = (ADDR (.TFM_PSA_ROT_LINKER) + SIZEOF (.TFM_PSA_ROT_LINKER))
                0x00000000000022e0                Image$$TFM_PSA_ROT_LINKER$$Base = ADDR (.TFM_PSA_ROT_LINKER)
                0x0000000000006040                Image$$TFM_PSA_ROT_LINKER$$Limit = (ADDR (.TFM_PSA_ROT_LINKER) + SIZEOF (.TFM_PSA_ROT_LINKER))
                0x0000000000006040                Image$$TFM_PSA_CODE_END$$Base = .
                0x0000000000006040                Image$$TFM_APP_CODE_START$$Base = .

.TFM_APP_ROT_LINKER
                0x0000000000006040      0xf00
 *tfm_app_rot_partition*:*(.text*)
 .text.ps_check_init
                0x0000000000006040       0x24 secure_fw/partitions/protected_storage/libtfm_app_rot_partition_ps.a(tfm_ps_req_mngr.o)
 .text.tfm_ps_set_req
                0x0000000000006064       0x64 secure_fw/partitions/protected_storage/libtfm_app_rot_partition_ps.a(tfm_ps_req_mngr.o)
                0x0000000000006064                tfm_ps_set_req
 .text.tfm_ps_get_req
                0x00000000000060c8       0x6c secure_fw/partitions/protected_storage/libtfm_app_rot_partition_ps.a(tfm_ps_req_mngr.o)
                0x00000000000060c8                tfm_ps_get_req
 .text.tfm_ps_get_info_req
                0x0000000000006134       0x54 secure_fw/partitions/protected_storage/libtfm_app_rot_partition_ps.a(tfm_ps_req_mngr.o)
                0x0000000000006134                tfm_ps_get_info_req
 .text.tfm_ps_remove_req
                0x0000000000006188       0x46 secure_fw/partitions/protected_storage/libtfm_app_rot_partition_ps.a(tfm_ps_req_mngr.o)
                0x0000000000006188                tfm_ps_remove_req
 .text.tfm_ps_get_support_req
                0x00000000000061ce       0x34 secure_fw/partitions/protected_storage/libtfm_app_rot_partition_ps.a(tfm_ps_req_mngr.o)
                0x00000000000061ce                tfm_ps_get_support_req
 .text.tfm_ps_req_mngr_init
                0x0000000000006202        0x4 secure_fw/partitions/protected_storage/libtfm_app_rot_partition_ps.a(tfm_ps_req_mngr.o)
                0x0000000000006202                tfm_ps_req_mngr_init
 *fill*         0x0000000000006206        0x2 
 .text.ps_req_mngr_read_asset_data
                0x0000000000006208       0x14 secure_fw/partitions/protected_storage/libtfm_app_rot_partition_ps.a(tfm_ps_req_mngr.o)
                0x0000000000006208                ps_req_mngr_read_asset_data
 .text.ps_req_mngr_write_asset_data
                0x000000000000621c       0x10 secure_fw/partitions/protected_storage/libtfm_app_rot_partition_ps.a(tfm_ps_req_mngr.o)
                0x000000000000621c                ps_req_mngr_write_asset_data
 .text.tfm_ps_init
                0x000000000000622c       0x18 secure_fw/partitions/protected_storage/libtfm_app_rot_partition_ps.a(tfm_protected_storage.o)
                0x000000000000622c                tfm_ps_init
 .text.tfm_ps_set
                0x0000000000006244       0x2e secure_fw/partitions/protected_storage/libtfm_app_rot_partition_ps.a(tfm_protected_storage.o)
                0x0000000000006244                tfm_ps_set
 .text.tfm_ps_get
                0x0000000000006272       0x28 secure_fw/partitions/protected_storage/libtfm_app_rot_partition_ps.a(tfm_protected_storage.o)
                0x0000000000006272                tfm_ps_get
 .text.tfm_ps_get_info
                0x000000000000629a       0x20 secure_fw/partitions/protected_storage/libtfm_app_rot_partition_ps.a(tfm_protected_storage.o)
                0x000000000000629a                tfm_ps_get_info
 .text.tfm_ps_remove
                0x00000000000062ba       0x26 secure_fw/partitions/protected_storage/libtfm_app_rot_partition_ps.a(tfm_protected_storage.o)
                0x00000000000062ba                tfm_ps_remove
 .text.tfm_ps_get_support
                0x00000000000062e0        0x4 secure_fw/partitions/protected_storage/libtfm_app_rot_partition_ps.a(tfm_protected_storage.o)
                0x00000000000062e0                tfm_ps_get_support
 .text.ps_remove_old_data
                0x00000000000062e4       0x18 secure_fw/partitions/protected_storage/libtfm_app_rot_partition_ps.a(ps_object_system.o)
 .text.ps_system_prepare
                0x00000000000062fc       0x1c secure_fw/partitions/protected_storage/libtfm_app_rot_partition_ps.a(ps_object_system.o)
                0x00000000000062fc                ps_system_prepare
 .text.ps_object_read
                0x0000000000006318       0x88 secure_fw/partitions/protected_storage/libtfm_app_rot_partition_ps.a(ps_object_system.o)
                0x0000000000006318                ps_object_read
 .text.ps_object_create
                0x00000000000063a0      0x130 secure_fw/partitions/protected_storage/libtfm_app_rot_partition_ps.a(ps_object_system.o)
                0x00000000000063a0                ps_object_create
 .text.ps_object_get_info
                0x00000000000064d0       0x6c secure_fw/partitions/protected_storage/libtfm_app_rot_partition_ps.a(ps_object_system.o)
                0x00000000000064d0                ps_object_get_info
 .text.ps_object_delete
                0x000000000000653c       0x84 secure_fw/partitions/protected_storage/libtfm_app_rot_partition_ps.a(ps_object_system.o)
                0x000000000000653c                ps_object_delete
 .text.ps_system_wipe_all
                0x00000000000065c0        0x4 secure_fw/partitions/protected_storage/libtfm_app_rot_partition_ps.a(ps_object_system.o)
                0x00000000000065c0                ps_system_wipe_all
 .text.ps_get_object_entry_idx
                0x00000000000065c4       0x34 secure_fw/partitions/protected_storage/libtfm_app_rot_partition_ps.a(ps_object_table.o)
 .text.ps_object_table_align_nv_counters
                0x00000000000065f8       0x58 secure_fw/partitions/protected_storage/libtfm_app_rot_partition_ps.a(ps_object_table.o)
 .text.ps_object_table_authenticate
                0x0000000000006650       0x56 secure_fw/partitions/protected_storage/libtfm_app_rot_partition_ps.a(ps_object_table.o)
 *fill*         0x00000000000066a6        0x2 
 .text.ps_object_table_save_table.constprop.0
                0x00000000000066a8       0xa0 secure_fw/partitions/protected_storage/libtfm_app_rot_partition_ps.a(ps_object_table.o)
 .text.ps_object_table_create
                0x0000000000006748       0x28 secure_fw/partitions/protected_storage/libtfm_app_rot_partition_ps.a(ps_object_table.o)
                0x0000000000006748                ps_object_table_create
 .text.ps_object_table_init
                0x0000000000006770      0x14c secure_fw/partitions/protected_storage/libtfm_app_rot_partition_ps.a(ps_object_table.o)
                0x0000000000006770                ps_object_table_init
 .text.ps_object_table_get_free_fid
                0x00000000000068bc       0x58 secure_fw/partitions/protected_storage/libtfm_app_rot_partition_ps.a(ps_object_table.o)
                0x00000000000068bc                ps_object_table_get_free_fid
 .text.ps_object_table_set_obj_tbl_info
                0x0000000000006914       0xac secure_fw/partitions/protected_storage/libtfm_app_rot_partition_ps.a(ps_object_table.o)
                0x0000000000006914                ps_object_table_set_obj_tbl_info
 .text.ps_object_table_get_obj_tbl_info
                0x00000000000069c0       0x30 secure_fw/partitions/protected_storage/libtfm_app_rot_partition_ps.a(ps_object_table.o)
                0x00000000000069c0                ps_object_table_get_obj_tbl_info
 .text.ps_object_table_delete_object
                0x00000000000069f0       0x58 secure_fw/partitions/protected_storage/libtfm_app_rot_partition_ps.a(ps_object_table.o)
                0x00000000000069f0                ps_object_table_delete_object
 .text.ps_object_table_delete_old_table
                0x0000000000006a48       0x14 secure_fw/partitions/protected_storage/libtfm_app_rot_partition_ps.a(ps_object_table.o)
                0x0000000000006a48                ps_object_table_delete_old_table
 .text.ps_utils_encode_key_label
                0x0000000000006a5c       0x44 secure_fw/partitions/protected_storage/libtfm_app_rot_partition_ps.a(ps_utils.o)
                0x0000000000006a5c                ps_utils_encode_key_label
 .text.ps_crypto_setkey
                0x0000000000006aa0       0x84 secure_fw/partitions/protected_storage/libtfm_app_rot_partition_ps.a(ps_crypto_interface.o)
                0x0000000000006aa0                ps_crypto_setkey
 .text.ps_crypto_destroykey
                0x0000000000006b24       0x18 secure_fw/partitions/protected_storage/libtfm_app_rot_partition_ps.a(ps_crypto_interface.o)
                0x0000000000006b24                ps_crypto_destroykey
 .text.ps_crypto_set_iv
                0x0000000000006b3c       0x10 secure_fw/partitions/protected_storage/libtfm_app_rot_partition_ps.a(ps_crypto_interface.o)
                0x0000000000006b3c                ps_crypto_set_iv
 .text.ps_crypto_get_iv
                0x0000000000006b4c       0x70 secure_fw/partitions/protected_storage/libtfm_app_rot_partition_ps.a(ps_crypto_interface.o)
                0x0000000000006b4c                ps_crypto_get_iv
 .text.ps_crypto_encrypt_and_tag
                0x0000000000006bbc       0x58 secure_fw/partitions/protected_storage/libtfm_app_rot_partition_ps.a(ps_crypto_interface.o)
                0x0000000000006bbc                ps_crypto_encrypt_and_tag
 .text.ps_crypto_auth_and_decrypt
                0x0000000000006c14       0x58 secure_fw/partitions/protected_storage/libtfm_app_rot_partition_ps.a(ps_crypto_interface.o)
                0x0000000000006c14                ps_crypto_auth_and_decrypt
 .text.ps_crypto_generate_auth_tag
                0x0000000000006c6c       0x4c secure_fw/partitions/protected_storage/libtfm_app_rot_partition_ps.a(ps_crypto_interface.o)
                0x0000000000006c6c                ps_crypto_generate_auth_tag
 .text.ps_crypto_authenticate
                0x0000000000006cb8       0x48 secure_fw/partitions/protected_storage/libtfm_app_rot_partition_ps.a(ps_crypto_interface.o)
                0x0000000000006cb8                ps_crypto_authenticate
 .text.ps_encrypted_object_read
                0x0000000000006d00       0xb8 secure_fw/partitions/protected_storage/libtfm_app_rot_partition_ps.a(ps_encrypted_object.o)
                0x0000000000006d00                ps_encrypted_object_read
 .text.ps_encrypted_object_write
                0x0000000000006db8       0xc4 secure_fw/partitions/protected_storage/libtfm_app_rot_partition_ps.a(ps_encrypted_object.o)
                0x0000000000006db8                ps_encrypted_object_write
 .text.ps_read_nv_counter
                0x0000000000006e7c       0x16 secure_fw/partitions/protected_storage/libtfm_app_rot_partition_ps.a(ps_nv_counters.o)
                0x0000000000006e7c                ps_read_nv_counter
 .text.ps_increment_nv_counter
                0x0000000000006e92       0x12 secure_fw/partitions/protected_storage/libtfm_app_rot_partition_ps.a(ps_nv_counters.o)
                0x0000000000006e92                ps_increment_nv_counter
 .text.tfm_dp_secret_digest_req
                0x0000000000006ea4       0x68 secure_fw/partitions/dummy_partition_1/libtfm_app_rot_partition_dp.a(dummy_partition.o)
                0x0000000000006ea4                tfm_dp_secret_digest_req
 .text.tfm_dp_req_mngr_init
                0x0000000000006f0c        0x4 secure_fw/partitions/dummy_partition_1/libtfm_app_rot_partition_dp.a(dummy_partition.o)
                0x0000000000006f0c                tfm_dp_req_mngr_init
 *tfm_app_rot_partition*:*(.rodata*)
 .rodata        0x0000000000006f10       0x20 secure_fw/partitions/protected_storage/libtfm_app_rot_partition_ps.a(ps_object_table.o)
 *(TFM_*_APP-ROT_ATTR_FN)
                0x0000000000006f40                . = ALIGN (0x20)
 *fill*         0x0000000000006f30       0x10 
                0x0000000000006040                Image$$TFM_APP_ROT_LINKER$$RO$$Base = ADDR (.TFM_APP_ROT_LINKER)
                0x0000000000006f40                Image$$TFM_APP_ROT_LINKER$$RO$$Limit = (ADDR (.TFM_APP_ROT_LINKER) + SIZEOF (.TFM_APP_ROT_LINKER))
                0x0000000000006040                Image$$TFM_APP_ROT_LINKER$$Base = ADDR (.TFM_APP_ROT_LINKER)
                0x0000000000006f40                Image$$TFM_APP_ROT_LINKER$$Limit = (ADDR (.TFM_APP_ROT_LINKER) + SIZEOF (.TFM_APP_ROT_LINKER))
                0x0000000000006f40                Image$$TFM_APP_CODE_END$$Base = .

.ER_TFM_CODE    0x0000000000006f40    0x243c4
 *(.text*)
 .text          0x0000000000006f40       0x40 e:/programs/nordic/toolchains/v2.0.0/opt/zephyr-sdk/arm-zephyr-eabi/bin/../lib/gcc/arm-zephyr-eabi/10.3.0/thumb/v8-m.main/nofp/crtbegin.o
 .text          0x0000000000006f80       0x7c e:/programs/nordic/toolchains/v2.0.0/opt/zephyr-sdk/arm-zephyr-eabi/bin/../lib/gcc/arm-zephyr-eabi/10.3.0/../../../../arm-zephyr-eabi/lib/thumb/v8-m.main/nofp/crt0.o
                0x0000000000006f80                _stack_init
                0x0000000000006f88                _start
                0x0000000000006f88                _mainCRTStartup
 .text.C_HardFault_Handler
                0x0000000000006ffc        0x4 secure_fw/CMakeFiles/tfm_s.dir/__/platform/ext/common/faults.o
                0x0000000000006ffc                C_HardFault_Handler
 .text.HardFault_Handler
                0x0000000000007000        0x6 secure_fw/CMakeFiles/tfm_s.dir/__/platform/ext/common/faults.o
                0x0000000000007000                HardFault_Handler
 .text.C_MemManage_Handler
                0x0000000000007006        0x4 secure_fw/CMakeFiles/tfm_s.dir/__/platform/ext/common/faults.o
                0x0000000000007006                C_MemManage_Handler
 .text.MemManage_Handler
                0x000000000000700a        0x6 secure_fw/CMakeFiles/tfm_s.dir/__/platform/ext/common/faults.o
                0x000000000000700a                MemManage_Handler
 .text.C_BusFault_Handler
                0x0000000000007010        0x4 secure_fw/CMakeFiles/tfm_s.dir/__/platform/ext/common/faults.o
                0x0000000000007010                C_BusFault_Handler
 .text.BusFault_Handler
                0x0000000000007014        0x6 secure_fw/CMakeFiles/tfm_s.dir/__/platform/ext/common/faults.o
                0x0000000000007014                BusFault_Handler
 .text.C_SecureFault_Handler
                0x000000000000701a        0x4 secure_fw/CMakeFiles/tfm_s.dir/__/platform/ext/common/faults.o
                0x000000000000701a                C_SecureFault_Handler
 .text.SecureFault_Handler
                0x000000000000701e        0x6 secure_fw/CMakeFiles/tfm_s.dir/__/platform/ext/common/faults.o
                0x000000000000701e                SecureFault_Handler
 .text.C_UsageFault_Handler
                0x0000000000007024        0x4 secure_fw/CMakeFiles/tfm_s.dir/__/platform/ext/common/faults.o
                0x0000000000007024                C_UsageFault_Handler
 .text.UsageFault_Handler
                0x0000000000007028        0x6 secure_fw/CMakeFiles/tfm_s.dir/__/platform/ext/common/faults.o
                0x0000000000007028                UsageFault_Handler
 .text._tfm_flush_formatted_buffer
                0x000000000000702e       0x1c secure_fw/CMakeFiles/tfm_s.dir/partitions/lib/sprt/tfm_sp_log_raw.o
 .text._tfm_dec_num_output
                0x000000000000704a       0x5e secure_fw/CMakeFiles/tfm_s.dir/partitions/lib/sprt/tfm_sp_log_raw.o
 .text._tfm_hex_num_output
                0x00000000000070a8       0x3a secure_fw/CMakeFiles/tfm_s.dir/partitions/lib/sprt/tfm_sp_log_raw.o
 .text._tfm_string_output
                0x00000000000070e2       0x1a secure_fw/CMakeFiles/tfm_s.dir/partitions/lib/sprt/tfm_sp_log_raw.o
 .text.tfm_sp_log_printf
                0x00000000000070fc      0x118 secure_fw/CMakeFiles/tfm_s.dir/partitions/lib/sprt/tfm_sp_log_raw.o
                0x00000000000070fc                tfm_sp_log_printf
 .text.tfm_output_unpriv_string
                0x0000000000007214        0x4 secure_fw/CMakeFiles/tfm_s.dir/__/platform/ext/common/tfm_hal_sp_logdev_periph.o
 .text.tfm_hal_output_sp_log
                0x0000000000007218        0x4 secure_fw/CMakeFiles/tfm_s.dir/__/platform/ext/common/tfm_hal_sp_logdev_periph.o
                0x0000000000007218                tfm_hal_output_sp_log
 .text.hw_init_reset_on_boot
                0x000000000000721c       0x68 platform/libplatform_s.a(hw_init.o)
                0x000000000000721c                hw_init_reset_on_boot
 .text.nrf53_errata_42
                0x0000000000007284       0x24 platform/libplatform_s.a(system_nrf5340_application.o)
 .text.SystemCoreClockUpdate
                0x00000000000072a8       0x20 platform/libplatform_s.a(system_nrf5340_application.o)
                0x00000000000072a8                SystemCoreClockUpdate
 .text.SystemInit
                0x00000000000072c8      0x138 platform/libplatform_s.a(system_nrf5340_application.o)
                0x00000000000072c8                SystemInit
 .text.startup.main
                0x0000000000007400       0x28 secure_fw/spm/libtfm_spm.a(main.o)
                0x0000000000007400                main
 .text.c_main   0x0000000000007428       0xe4 secure_fw/spm/libtfm_spm.a(main.o)
                0x0000000000007428                c_main
 .text.jump_to_ns_code
                0x000000000000750c       0x24 secure_fw/spm/libtfm_spm.a(arch.o)
                0x000000000000750c                jump_to_ns_code
 .text.tfm_sfn_completion
                0x0000000000007530        0x8 secure_fw/spm/libtfm_spm.a(arch.o)
                0x0000000000007530                tfm_sfn_completion
 .text.tfm_arch_trigger_exc_return
                0x0000000000007538        0x2 secure_fw/spm/libtfm_spm.a(arch.o)
                0x0000000000007538                tfm_arch_trigger_exc_return
 *fill*         0x000000000000753a        0x2 
 .text.tfm_arch_set_secure_exception_priorities
                0x000000000000753c       0x28 secure_fw/spm/libtfm_spm.a(arch.o)
                0x000000000000753c                tfm_arch_set_secure_exception_priorities
 .text.tfm_arch_config_extensions
                0x0000000000007564       0x14 secure_fw/spm/libtfm_spm.a(arch.o)
                0x0000000000007564                tfm_arch_config_extensions
 .text.SVC_Handler
                0x0000000000007578       0x28 secure_fw/spm/libtfm_spm.a(arch.o)
                0x0000000000007578                SVC_Handler
 .text.tfm_core_check_sfn_parameters
                0x00000000000075a0      0x114 secure_fw/spm/libtfm_spm.a(spm_func.o)
 .text.get_partition_idx.part.0
                0x00000000000076b4       0x30 secure_fw/spm/libtfm_spm.a(spm_func.o)
 .text.get_irq_line_for_signal
                0x00000000000076e4       0x40 secure_fw/spm/libtfm_spm.a(spm_func.o)
 .text.tfm_spm_seal_psp_stacks
                0x0000000000007724       0x1c secure_fw/spm/libtfm_spm.a(spm_func.o)
                0x0000000000007724                tfm_spm_seal_psp_stacks
 .text.tfm_spm_partition_get_flags
                0x0000000000007740       0x14 secure_fw/spm/libtfm_spm.a(spm_func.o)
                0x0000000000007740                tfm_spm_partition_get_flags
 .text.tfm_spm_partition_get_partition_id
                0x0000000000007754       0x14 secure_fw/spm/libtfm_spm.a(spm_func.o)
                0x0000000000007754                tfm_spm_partition_get_partition_id
 .text.tfm_is_partition_privileged