Archive member included to satisfy reference by file (symbol)

platform/libplatform_ns.a(uart_stdout.o)
                              app/CMakeFiles/tfm_ns.dir/main_ns.o (stdio_init)
platform/libplatform_ns.a(Driver_USART.o)
                              platform/libplatform_ns.a(uart_stdout.o) (Driver_USART0)
platform/libplatform_ns.a(nrfx_uarte.o)
                              platform/libplatform_ns.a(Driver_USART.o) (nrfx_uarte_init)
platform/libplatform_ns.a(system_nrf5340_application.o)
                              platform/libplatform_ns.a(nrfx_uarte.o) (SystemCoreClock)
app/libtfm_api_ns.a(tfm_ns_interface.o)
                              app/CMakeFiles/tfm_ns.dir/main_ns.o (tfm_ns_interface_init)
ns_log/libtfm_ns_log.a(tfm_log_raw.o)
                              app/CMakeFiles/tfm_ns.dir/main_ns.o (tfm_log_printf)
E:/Programs/Nordic/v2.0.0/modules/tee/tf-m/tf-m-tests/CMSIS/RTOS2/RTX/Library/GCC/libRTX_V8MMN.a(irq_armv8mml.o)
                              app/CMakeFiles/tfm_ns.dir/E_/Programs/Nordic/v2.0.0/modules/tee/tf-m/tf-m-tests/CMSIS/RTOS2/RTX/Source/rtx_lib.o (irqRtxLib)
E:/Programs/Nordic/v2.0.0/modules/tee/tf-m/tf-m-tests/CMSIS/RTOS2/RTX/Library/GCC/libRTX_V8MMN.a(rtx_system.o)
                              E:/Programs/Nordic/v2.0.0/modules/tee/tf-m/tf-m-tests/CMSIS/RTOS2/RTX/Library/GCC/libRTX_V8MMN.a(irq_armv8mml.o) (osRtxTick_Handler)
E:/Programs/Nordic/v2.0.0/modules/tee/tf-m/tf-m-tests/CMSIS/RTOS2/RTX/Library/GCC/libRTX_V8MMN.a(rtx_msgqueue.o)
                              app/CMakeFiles/tfm_ns.dir/os_wrapper_cmsis_rtos_v2.o (osMessageQueueNew)
E:/Programs/Nordic/v2.0.0/modules/tee/tf-m/tf-m-tests/CMSIS/RTOS2/RTX/Library/GCC/libRTX_V8MMN.a(rtx_mempool.o)
                              E:/Programs/Nordic/v2.0.0/modules/tee/tf-m/tf-m-tests/CMSIS/RTOS2/RTX/Library/GCC/libRTX_V8MMN.a(rtx_msgqueue.o) (osRtxMemoryPoolInit)
E:/Programs/Nordic/v2.0.0/modules/tee/tf-m/tf-m-tests/CMSIS/RTOS2/RTX/Library/GCC/libRTX_V8MMN.a(rtx_memory.o)
                              E:/Programs/Nordic/v2.0.0/modules/tee/tf-m/tf-m-tests/CMSIS/RTOS2/RTX/Library/GCC/libRTX_V8MMN.a(rtx_msgqueue.o) (osRtxMemoryAlloc)
E:/Programs/Nordic/v2.0.0/modules/tee/tf-m/tf-m-tests/CMSIS/RTOS2/RTX/Library/GCC/libRTX_V8MMN.a(rtx_semaphore.o)
                              app/CMakeFiles/tfm_ns.dir/os_wrapper_cmsis_rtos_v2.o (osSemaphoreNew)
E:/Programs/Nordic/v2.0.0/modules/tee/tf-m/tf-m-tests/CMSIS/RTOS2/RTX/Library/GCC/libRTX_V8MMN.a(rtx_mutex.o)
                              app/CMakeFiles/tfm_ns.dir/os_wrapper_cmsis_rtos_v2.o (osMutexNew)
E:/Programs/Nordic/v2.0.0/modules/tee/tf-m/tf-m-tests/CMSIS/RTOS2/RTX/Library/GCC/libRTX_V8MMN.a(rtx_thread.o)
                              app/CMakeFiles/tfm_ns.dir/os_wrapper_cmsis_rtos_v2.o (osThreadExit)
E:/Programs/Nordic/v2.0.0/modules/tee/tf-m/tf-m-tests/CMSIS/RTOS2/RTX/Library/GCC/libRTX_V8MMN.a(rtx_kernel.o)
                              app/CMakeFiles/tfm_ns.dir/main_ns.o (osKernelInitialize)
E:/Programs/Nordic/v2.0.0/modules/tee/tf-m/tf-m-tests/CMSIS/RTOS2/RTX/Library/GCC/libRTX_V8MMN.a(os_systick.o)
                              E:/Programs/Nordic/v2.0.0/modules/tee/tf-m/tf-m-tests/CMSIS/RTOS2/RTX/Library/GCC/libRTX_V8MMN.a(rtx_kernel.o) (OS_Tick_Setup)
E:/Programs/Nordic/v2.0.0/modules/tee/tf-m/tf-m-tests/CMSIS/RTOS2/RTX/Library/GCC/libRTX_V8MMN.a(rtx_timer.o)
                              E:/Programs/Nordic/v2.0.0/modules/tee/tf-m/tf-m-tests/CMSIS/RTOS2/RTX/Library/GCC/libRTX_V8MMN.a(rtx_thread.o) (osRtxTimerThread)
e:/programs/nordic/toolchains/v2.0.0/opt/zephyr-sdk/arm-zephyr-eabi/bin/../lib/gcc/arm-zephyr-eabi/10.3.0/../../../../arm-zephyr-eabi/lib/thumb/v8-m.main/nofp\libc_nano.a(lib_a-exit.o)
                              e:/programs/nordic/toolchains/v2.0.0/opt/zephyr-sdk/arm-zephyr-eabi/bin/../lib/gcc/arm-zephyr-eabi/10.3.0/../../../../arm-zephyr-eabi/lib/thumb/v8-m.main/nofp/crt0.o (exit)
e:/programs/nordic/toolchains/v2.0.0/opt/zephyr-sdk/arm-zephyr-eabi/bin/../lib/gcc/arm-zephyr-eabi/10.3.0/../../../../arm-zephyr-eabi/lib/thumb/v8-m.main/nofp\libc_nano.a(lib_a-impure.o)
                              e:/programs/nordic/toolchains/v2.0.0/opt/zephyr-sdk/arm-zephyr-eabi/bin/../lib/gcc/arm-zephyr-eabi/10.3.0/../../../../arm-zephyr-eabi/lib/thumb/v8-m.main/nofp\libc_nano.a(lib_a-exit.o) (_global_impure_ptr)
e:/programs/nordic/toolchains/v2.0.0/opt/zephyr-sdk/arm-zephyr-eabi/bin/../lib/gcc/arm-zephyr-eabi/10.3.0/../../../../arm-zephyr-eabi/lib/thumb/v8-m.main/nofp\libc_nano.a(lib_a-init.o)
                              e:/programs/nordic/toolchains/v2.0.0/opt/zephyr-sdk/arm-zephyr-eabi/bin/../lib/gcc/arm-zephyr-eabi/10.3.0/../../../../arm-zephyr-eabi/lib/thumb/v8-m.main/nofp/crt0.o (__libc_init_array)
e:/programs/nordic/toolchains/v2.0.0/opt/zephyr-sdk/arm-zephyr-eabi/bin/../lib/gcc/arm-zephyr-eabi/10.3.0/../../../../arm-zephyr-eabi/lib/thumb/v8-m.main/nofp\libc_nano.a(lib_a-memcpy-stub.o)
                              platform/libplatform_ns.a(Driver_USART.o) (memcpy)
[...]
Memory Configuration

Name             Origin             Length             Attributes
FLASH            0x0000000000040000 0x00000000000b8000 xr
RAM              0x0000000020040000 0x0000000000040000 xrw
*default*        0x0000000000000000 0xffffffffffffffff

Linker script and memory map

LOAD e:/programs/nordic/toolchains/v2.0.0/opt/zephyr-sdk/arm-zephyr-eabi/bin/../lib/gcc/arm-zephyr-eabi/10.3.0/thumb/v8-m.main/nofp/crti.o
LOAD e:/programs/nordic/toolchains/v2.0.0/opt/zephyr-sdk/arm-zephyr-eabi/bin/../lib/gcc/arm-zephyr-eabi/10.3.0/thumb/v8-m.main/nofp/crtbegin.o
LOAD e:/programs/nordic/toolchains/v2.0.0/opt/zephyr-sdk/arm-zephyr-eabi/bin/../lib/gcc/arm-zephyr-eabi/10.3.0/../../../../arm-zephyr-eabi/lib/thumb/v8-m.main/nofp/crt0.o
LOAD app/CMakeFiles/tfm_ns.dir/main_ns.o
LOAD app/CMakeFiles/tfm_ns.dir/E_/Programs/Nordic/v2.0.0/modules/tee/tf-m/trusted-firmware-m/platform/ext/target/nordic_nrf/common/nrf5340/gcc/startup_nrf5340_ns.o
LOAD app/CMakeFiles/tfm_ns.dir/E_/Programs/Nordic/v2.0.0/modules/tee/tf-m/tf-m-tests/ns_interface/ns_client_ext/tz_shim_layer.o
LOAD app/CMakeFiles/tfm_ns.dir/E_/Programs/Nordic/v2.0.0/modules/tee/tf-m/tf-m-tests/CMSIS/RTOS2/RTX/Config/RTX_Config.o
LOAD app/CMakeFiles/tfm_ns.dir/E_/Programs/Nordic/v2.0.0/modules/tee/tf-m/tf-m-tests/CMSIS/RTOS2/RTX/Source/rtx_lib.o
LOAD app/CMakeFiles/tfm_ns.dir/os_wrapper_cmsis_rtos_v2.o
LOAD platform/libplatform_ns.a
LOAD app/libtfm_api_ns.a
LOAD ns_log/libtfm_ns_log.a
LOAD E:/Programs/Nordic/v2.0.0/modules/tee/tf-m/tf-m-tests/CMSIS/RTOS2/RTX/Library/GCC/libRTX_V8MMN.a
LOAD secure_fw/libtfm_s_veneers.a
LOAD platform/libplatform_ns.a
START GROUP
LOAD e:/programs/nordic/toolchains/v2.0.0/opt/zephyr-sdk/arm-zephyr-eabi/bin/../lib/gcc/arm-zephyr-eabi/10.3.0/thumb/v8-m.main/nofp\libgcc.a
LOAD e:/programs/nordic/toolchains/v2.0.0/opt/zephyr-sdk/arm-zephyr-eabi/bin/../lib/gcc/arm-zephyr-eabi/10.3.0/../../../../arm-zephyr-eabi/lib/thumb/v8-m.main/nofp\libc_nano.a
END GROUP
START GROUP
LOAD e:/programs/nordic/toolchains/v2.0.0/opt/zephyr-sdk/arm-zephyr-eabi/bin/../lib/gcc/arm-zephyr-eabi/10.3.0/thumb/v8-m.main/nofp\libgcc.a
LOAD e:/programs/nordic/toolchains/v2.0.0/opt/zephyr-sdk/arm-zephyr-eabi/bin/../lib/gcc/arm-zephyr-eabi/10.3.0/../../../../arm-zephyr-eabi/lib/thumb/v8-m.main/nofp\libc_nano.a
END GROUP
LOAD e:/programs/nordic/toolchains/v2.0.0/opt/zephyr-sdk/arm-zephyr-eabi/bin/../lib/gcc/arm-zephyr-eabi/10.3.0/thumb/v8-m.main/nofp/crtend.o
LOAD e:/programs/nordic/toolchains/v2.0.0/opt/zephyr-sdk/arm-zephyr-eabi/bin/../lib/gcc/arm-zephyr-eabi/10.3.0/thumb/v8-m.main/nofp/crtn.o
                0x0000000000001000                __heap_size__ = 0x1000
                0x0000000000000140                __psp_stack_size__ = 0x140
                0x00000000000000a0                __msp_stack_size__ = 0xa0
START GROUP
LOAD e:/programs/nordic/toolchains/v2.0.0/opt/zephyr-sdk/arm-zephyr-eabi/bin/../lib/gcc/arm-zephyr-eabi/10.3.0/thumb/v8-m.main/nofp\libgcc.a
LOAD e:/programs/nordic/toolchains/v2.0.0/opt/zephyr-sdk/arm-zephyr-eabi/bin/../lib/gcc/arm-zephyr-eabi/10.3.0/../../../../arm-zephyr-eabi/lib/thumb/v8-m.main/nofp\libc.a
LOAD e:/programs/nordic/toolchains/v2.0.0/opt/zephyr-sdk/arm-zephyr-eabi/bin/../lib/gcc/arm-zephyr-eabi/10.3.0/../../../../arm-zephyr-eabi/lib/thumb/v8-m.main/nofp\libm.a
LOAD e:/programs/nordic/toolchains/v2.0.0/opt/zephyr-sdk/arm-zephyr-eabi/bin/../lib/gcc/arm-zephyr-eabi/10.3.0/../../../../arm-zephyr-eabi/lib/thumb/v8-m.main/nofp\libnosys.a
END GROUP

.text           0x0000000000040000     0x2a20
 *(.vectors)
 .vectors       0x0000000000040000      0x154 app/CMakeFiles/tfm_ns.dir/E_/Programs/Nordic/v2.0.0/modules/tee/tf-m/trusted-firmware-m/platform/ext/target/nordic_nrf/common/nrf5340/gcc/startup_nrf5340_ns.o
                0x0000000000040000                __Vectors
                0x0000000000040154                __Vectors_End = .
                0x0000000000040154                __Vectors_Size = (__Vectors_End - __Vectors)
                0x0000000020042700                __end__ = .
 *(.text*)
 .text          0x0000000000040154       0x40 e:/programs/nordic/toolchains/v2.0.0/opt/zephyr-sdk/arm-zephyr-eabi/bin/../lib/gcc/arm-zephyr-eabi/10.3.0/thumb/v8-m.main/nofp/crtbegin.o
 .text          0x0000000000040194       0x7c e:/programs/nordic/toolchains/v2.0.0/opt/zephyr-sdk/arm-zephyr-eabi/bin/../lib/gcc/arm-zephyr-eabi/10.3.0/../../../../arm-zephyr-eabi/lib/thumb/v8-m.main/nofp/crt0.o
                0x0000000000040194                _stack_init
                0x000000000004019c                _start
                0x000000000004019c                _mainCRTStartup
 .text.tfm_ns_platform_init
                0x0000000000040210        0xa app/CMakeFiles/tfm_ns.dir/main_ns.o
                0x0000000000040210                tfm_ns_platform_init
 *fill*         0x000000000004021a        0x2 
 .text.startup.main
                0x000000000004021c       0x24 app/CMakeFiles/tfm_ns.dir/main_ns.o
                0x000000000004021c                main
 .text          0x0000000000040240       0xf8 app/CMakeFiles/tfm_ns.dir/E_/Programs/Nordic/v2.0.0/modules/tee/tf-m/trusted-firmware-m/platform/ext/target/nordic_nrf/common/nrf5340/gcc/startup_nrf5340_ns.o
                0x0000000000040240                Reset_Handler
                0x000000000004027c                Default_Handler
                0x000000000004027e                NMI_Handler
                0x0000000000040282                HardFault_Handler
                0x0000000000040286                MemManage_Handler
                0x000000000004028a                BusFault_Handler
                0x000000000004028e                UsageFault_Handler
                0x0000000000040296                DebugMon_Handler
                0x00000000000402a2                FPU_IRQHandler
                0x00000000000402a6                CLOCK_POWER_IRQHandler
                0x00000000000402aa                SERIAL0_IRQHandler
                0x00000000000402ae                SERIAL1_IRQHandler
                0x00000000000402b2                SPIM4_IRQHandler
                0x00000000000402b6                SERIAL2_IRQHandler
                0x00000000000402ba                SERIAL3_IRQHandler
                0x00000000000402be                SAADC_IRQHandler
                0x00000000000402c2                TIMER0_IRQHandler
                0x00000000000402c6                TIMER1_Handler
                0x00000000000402ca                TIMER2_IRQHandler
                0x00000000000402ce                RTC0_IRQHandler
                0x00000000000402d2                RTC1_IRQHandler
                0x00000000000402d6                WDT0_IRQHandler
                0x00000000000402da                WDT1_IRQHandler
                0x00000000000402de                COMP_LPCOMP_IRQHandler
                0x00000000000402e2                EGU0_IRQHandler
                0x00000000000402e6                EGU1_IRQHandler
                0x00000000000402ea                EGU2_IRQHandler
                0x00000000000402ee                EGU3_IRQHandler
                0x00000000000402f2                EGU4_IRQHandler
                0x00000000000402f6                EGU5_IRQHandler
                0x00000000000402fa                PWM0_IRQHandler
                0x00000000000402fe                PWM1_IRQHandler
                0x0000000000040302                PWM2_IRQHandler
                0x0000000000040306                PWM3_IRQHandler
                0x000000000004030a                PDM0_IRQHandler
                0x000000000004030e                I2S0_IRQHandler
                0x0000000000040312                IPC_IRQHandler
                0x0000000000040316                QSPI_IRQHandler
                0x000000000004031a                NFCT_IRQHandler
                0x000000000004031e                GPIOTE1_IRQHandler
                0x0000000000040322                QDEC0_IRQHandler
                0x0000000000040326                QDEC1_IRQHandler
                0x000000000004032a                USBD_IRQHandler
                0x000000000004032e                USBREGULATOR_IRQHandler
                0x0000000000040332                KMU_IRQHandler
 .text.TZ_InitContextSystem_S
                0x0000000000040338        0x4 app/CMakeFiles/tfm_ns.dir/E_/Programs/Nordic/v2.0.0/modules/tee/tf-m/tf-m-tests/ns_interface/ns_client_ext/tz_shim_layer.o
                0x0000000000040338                TZ_InitContextSystem_S
 .text.TZ_AllocModuleContext_S
                0x000000000004033c        0x4 app/CMakeFiles/tfm_ns.dir/E_/Programs/Nordic/v2.0.0/modules/tee/tf-m/tf-m-tests/ns_interface/ns_client_ext/tz_shim_layer.o
                0x000000000004033c                TZ_AllocModuleContext_S
 .text.TZ_FreeModuleContext_S
                0x0000000000040340        0x4 app/CMakeFiles/tfm_ns.dir/E_/Programs/Nordic/v2.0.0/modules/tee/tf-m/tf-m-tests/ns_interface/ns_client_ext/tz_shim_layer.o
                0x0000000000040340                TZ_FreeModuleContext_S
 .text.TZ_LoadContext_S
                0x0000000000040344        0x4 app/CMakeFiles/tfm_ns.dir/E_/Programs/Nordic/v2.0.0/modules/tee/tf-m/tf-m-tests/ns_interface/ns_client_ext/tz_shim_layer.o
                0x0000000000040344                TZ_LoadContext_S
 .text.TZ_StoreContext_S
                0x0000000000040348        0x4 app/CMakeFiles/tfm_ns.dir/E_/Programs/Nordic/v2.0.0/modules/tee/tf-m/tf-m-tests/ns_interface/ns_client_ext/tz_shim_layer.o
                0x0000000000040348                TZ_StoreContext_S
 .text.osRtxIdleThread
                0x000000000004034c        0x2 app/CMakeFiles/tfm_ns.dir/E_/Programs/Nordic/v2.0.0/modules/tee/tf-m/tf-m-tests/CMSIS/RTOS2/RTX/Config/RTX_Config.o
                0x000000000004034c                osRtxIdleThread
 .text.osRtxErrorNotify
                0x000000000004034e        0x2 app/CMakeFiles/tfm_ns.dir/E_/Programs/Nordic/v2.0.0/modules/tee/tf-m/tf-m-tests/CMSIS/RTOS2/RTX/Config/RTX_Config.o
                0x000000000004034e                osRtxErrorNotify
 .text.software_init_hook
                0x0000000000040350        0x4 app/CMakeFiles/tfm_ns.dir/E_/Programs/Nordic/v2.0.0/modules/tee/tf-m/tf-m-tests/CMSIS/RTOS2/RTX/Source/rtx_lib.o
                0x0000000000040350                software_init_hook
 .text.os_wrapper_mutex_create
                0x0000000000040354       0x1a app/CMakeFiles/tfm_ns.dir/os_wrapper_cmsis_rtos_v2.o
                0x0000000000040354                os_wrapper_mutex_create
 *fill*         0x000000000004036e        0x2 
 .text.stdio_output_string
                0x0000000000040370       0x28 platform/libplatform_ns.a(uart_stdout.o)
                0x0000000000040370                stdio_output_string
 .text.stdio_init
                0x0000000000040398       0x2c platform/libplatform_ns.a(uart_stdout.o)
                0x0000000000040398                stdio_init
 .text.ARM_USART_GetVersion
                0x00000000000403c4       0x20 platform/libplatform_ns.a(Driver_USART.o)
 .text.ARM_USART_GetCapabilities
                0x00000000000403e4        0x4 platform/libplatform_ns.a(Driver_USART.o)
 .text.ARM_USART_Transfer
                0x00000000000403e8        0x6 platform/libplatform_ns.a(Driver_USART.o)
 *fill*         0x00000000000403ee        0x2 
 .text.ARM_USARTx_Control
                0x00000000000403f0      0x190 platform/libplatform_ns.a(Driver_USART.o)
 .text.ARM_USART_GetStatus
                0x0000000000040580        0xc platform/libplatform_ns.a(Driver_USART.o)
 .text.ARM_USART_SetModemControl
                0x000000000004058c        0x6 platform/libplatform_ns.a(Driver_USART.o)
 .text.ARM_USART_GetModemStatus
                0x0000000000040592        0xc platform/libplatform_ns.a(Driver_USART.o)
 .text.ARM_USART0_PowerControl
                0x000000000004059e        0xc platform/libplatform_ns.a(Driver_USART.o)
 *fill*         0x00000000000405aa        0x2 
 .text.ARM_USART0_GetTxCount
                0x00000000000405ac        0xc platform/libplatform_ns.a(Driver_USART.o)
 .text.ARM_USART0_GetRxCount
                0x00000000000405b8        0xc platform/libplatform_ns.a(Driver_USART.o)
 .text.ARM_USART0_Control
                0x00000000000405c4        0xc platform/libplatform_ns.a(Driver_USART.o)
 .text.ARM_USART0_Receive
                0x00000000000405d0       0x3c platform/libplatform_ns.a(Driver_USART.o)
 .text.ARM_USART0_Uninitialize
                0x000000000004060c       0x18 platform/libplatform_ns.a(Driver_USART.o)
 .text.ARM_USARTx_Send
                0x0000000000040624       0x80 platform/libplatform_ns.a(Driver_USART.o)
 .text.ARM_USART0_Send
                0x00000000000406a4        0xc platform/libplatform_ns.a(Driver_USART.o)
 .text.ARM_USARTx_Initialize.constprop.0
                0x00000000000406b0       0x3c platform/libplatform_ns.a(Driver_USART.o)
 .text.ARM_USART0_Initialize
                0x00000000000406ec        0xc platform/libplatform_ns.a(Driver_USART.o)
 .text.nrf_gpio_cfg_input.constprop.0
                0x00000000000406f8       0x2c platform/libplatform_ns.a(nrfx_uarte.o)
 .text.nrf_gpio_pin_set
                0x0000000000040724       0x20 platform/libplatform_ns.a(nrfx_uarte.o)
 .text.nrf_gpio_cfg_output
                0x0000000000040744       0x30 platform/libplatform_ns.a(nrfx_uarte.o)
 .text.nrf_gpio_cfg_default
                0x0000000000040774       0x30 platform/libplatform_ns.a(nrfx_uarte.o)
 .text.nrfx_uarte_init
                0x00000000000407a4      0x1dc platform/libplatform_ns.a(nrfx_uarte.o)
                0x00000000000407a4                nrfx_uarte_init
 .text.nrfx_uarte_uninit
                0x0000000000040980      0x144 platform/libplatform_ns.a(nrfx_uarte.o)
                0x0000000000040980                nrfx_uarte_uninit
 .text.nrfx_uarte_tx_in_progress
                0x0000000000040ac4       0x18 platform/libplatform_ns.a(nrfx_uarte.o)
                0x0000000000040ac4                nrfx_uarte_tx_in_progress
 .text.nrfx_uarte_tx
                0x0000000000040adc       0xa4 platform/libplatform_ns.a(nrfx_uarte.o)
                0x0000000000040adc                nrfx_uarte_tx
 .text.nrfx_uarte_rx
                0x0000000000040b80       0xe8 platform/libplatform_ns.a(nrfx_uarte.o)
                0x0000000000040b80                nrfx_uarte_rx
 .text.tfm_ns_interface_init
                0x0000000000040c68       0x1c app/libtfm_api_ns.a(tfm_ns_interface.o)
                0x0000000000040c68                tfm_ns_interface_init
 .text._tfm_flush_formatted_buffer
                0x0000000000040c84       0x1c ns_log/libtfm_ns_log.a(tfm_log_raw.o)
 .text._tfm_dec_num_output
                0x0000000000040ca0       0x5e ns_log/libtfm_ns_log.a(tfm_log_raw.o)
 .text._tfm_hex_num_output
                0x0000000000040cfe       0x3a ns_log/libtfm_ns_log.a(tfm_log_raw.o)
 .text._tfm_string_output
                0x0000000000040d38       0x1a ns_log/libtfm_ns_log.a(tfm_log_raw.o)
 *fill*         0x0000000000040d52        0x2 
 .text.tfm_log_printf
                0x0000000000040d54      0x110 ns_log/libtfm_ns_log.a(tfm_log_raw.o)
                0x0000000000040d54                tfm_log_printf
 .text          0x0000000000040e64      0x124 E:/Programs/Nordic/v2.0.0/modules/tee/tf-m/tf-m-tests/CMSIS/RTOS2/RTX/Library/GCC/libRTX_V8MMN.a(irq_armv8mml.o)
                0x0000000000040e64                SVC_Handler
                0x0000000000040f00                PendSV_Handler
                0x0000000000040f0e                SysTick_Handler
                0x0000000000040f1c                Sys_Context
 .text.osRtxTick_Handler
                0x0000000000040f88       0x74 E:/Programs/Nordic/v2.0.0/modules/tee/tf-m/tf-m-tests/CMSIS/RTOS2/RTX/Library/GCC/libRTX_V8MMN.a(rtx_system.o)
                0x0000000000040f88                osRtxTick_Handler
 .text.osRtxPendSV_Handler
                0x0000000000040ffc       0xa8 E:/Programs/Nordic/v2.0.0/modules/tee/tf-m/tf-m-tests/CMSIS/RTOS2/RTX/Library/GCC/libRTX_V8MMN.a(rtx_system.o)
                0x0000000000040ffc                osRtxPendSV_Handler
 .text.osRtxPostProcess
                0x00000000000410a4       0x74 E:/Programs/Nordic/v2.0.0/modules/tee/tf-m/tf-m-tests/CMSIS/RTOS2/RTX/Library/GCC/libRTX_V8MMN.a(rtx_system.o)
                0x00000000000410a4                osRtxPostProcess
 .text.svcRtxMessageQueueNew
                0x0000000000041118      0x16c E:/Programs/Nordic/v2.0.0/modules/tee/tf-m/tf-m-tests/CMSIS/RTOS2/RTX/Library/GCC/libRTX_V8MMN.a(rtx_msgqueue.o)
 .text.svcRtxMessageQueueGet
                0x0000000000041284      0x188 E:/Programs/Nordic/v2.0.0/modules/tee/tf-m/tf-m-tests/CMSIS/RTOS2/RTX/Library/GCC/libRTX_V8MMN.a(rtx_msgqueue.o)
 .text.svcRtxMessageQueuePut
                0x000000000004140c      0x108 E:/Programs/Nordic/v2.0.0/modules/tee/tf-m/tf-m-tests/CMSIS/RTOS2/RTX/Library/GCC/libRTX_V8MMN.a(rtx_msgqueue.o)
 .text.osRtxMessageQueuePostProcess
                0x0000000000041514      0x154 E:/Programs/Nordic/v2.0.0/modules/tee/tf-m/tf-m-tests/CMSIS/RTOS2/RTX/Library/GCC/libRTX_V8MMN.a(rtx_msgqueue.o)
 .text.osMessageQueueNew
                0x0000000000041668       0x24 E:/Programs/Nordic/v2.0.0/modules/tee/tf-m/tf-m-tests/CMSIS/RTOS2/RTX/Library/GCC/libRTX_V8MMN.a(rtx_msgqueue.o)
                0x0000000000041668                osMessageQueueNew
 .text.osMessageQueuePut
                0x000000000004168c       0x7c E:/Programs/Nordic/v2.0.0/modules/tee/tf-m/tf-m-tests/CMSIS/RTOS2/RTX/Library/GCC/libRTX_V8MMN.a(rtx_msgqueue.o)
                0x000000000004168c                osMessageQueuePut
 .text.osMessageQueueGet
                0x0000000000041708       0xbc E:/Programs/Nordic/v2.0.0/modules/tee/tf-m/tf-m-tests/CMSIS/RTOS2/RTX/Library/GCC/libRTX_V8MMN.a(rtx_msgqueue.o)
                0x0000000000041708                osMessageQueueGet
 .text.osRtxMemoryPoolInit
                0x00000000000417c4       0x48 E:/Programs/Nordic/v2.0.0/modules/tee/tf-m/tf-m-tests/CMSIS/RTOS2/RTX/Library/GCC/libRTX_V8MMN.a(rtx_mempool.o)
                0x00000000000417c4                osRtxMemoryPoolInit
 .text.osRtxMemoryPoolAlloc
                0x000000000004180c       0x38 E:/Programs/Nordic/v2.0.0/modules/tee/tf-m/tf-m-tests/CMSIS/RTOS2/RTX/Library/GCC/libRTX_V8MMN.a(rtx_mempool.o)
                0x000000000004180c                osRtxMemoryPoolAlloc
 .text.osRtxMemoryPoolFree
                0x0000000000041844       0x4c E:/Programs/Nordic/v2.0.0/modules/tee/tf-m/tf-m-tests/CMSIS/RTOS2/RTX/Library/GCC/libRTX_V8MMN.a(rtx_mempool.o)
                0x0000000000041844                osRtxMemoryPoolFree
 .text.osRtxMemoryInit
                0x0000000000041890       0x3c E:/Programs/Nordic/v2.0.0/modules/tee/tf-m/tf-m-tests/CMSIS/RTOS2/RTX/Library/GCC/libRTX_V8MMN.a(rtx_memory.o)
                0x0000000000041890                osRtxMemoryInit
 .text.osRtxMemoryAlloc
                0x00000000000418cc       0x7c E:/Programs/Nordic/v2.0.0/modules/tee/tf-m/tf-m-tests/CMSIS/RTOS2/RTX/Library/GCC/libRTX_V8MMN.a(rtx_memory.o)
                0x00000000000418cc                osRtxMemoryAlloc
 .text.osRtxMemoryFree
                0x0000000000041948       0x78 E:/Programs/Nordic/v2.0.0/modules/tee/tf-m/tf-m-tests/CMSIS/RTOS2/RTX/Library/GCC/libRTX_V8MMN.a(rtx_memory.o)
                0x0000000000041948                osRtxMemoryFree
 .text.svcRtxMutexNew
                0x00000000000419c0       0x6c E:/Programs/Nordic/v2.0.0/modules/tee/tf-m/tf-m-tests/CMSIS/RTOS2/RTX/Library/GCC/libRTX_V8MMN.a(rtx_mutex.o)
 .text.osRtxMutexOwnerRelease
                0x0000000000041a2c       0x44 E:/Programs/Nordic/v2.0.0/modules/tee/tf-m/tf-m-tests/CMSIS/RTOS2/RTX/Library/GCC/libRTX_V8MMN.a(rtx_mutex.o)
                0x0000000000041a2c                osRtxMutexOwnerRelease
 .text.osMutexNew
                0x0000000000041a70       0x24 E:/Programs/Nordic/v2.0.0/modules/tee/tf-m/tf-m-tests/CMSIS/RTOS2/RTX/Library/GCC/libRTX_V8MMN.a(rtx_mutex.o)
                0x0000000000041a70                osMutexNew
 .text.osThreadExit
                0x0000000000041a94        0xc E:/Programs/Nordic/v2.0.0/modules/tee/tf-m/tf-m-tests/CMSIS/RTOS2/RTX/Library/GCC/libRTX_V8MMN.a(rtx_thread.o)
                0x0000000000041a94                osThreadExit
 .text.osRtxThreadFree
                0x0000000000041aa0       0x60 E:/Programs/Nordic/v2.0.0/modules/tee/tf-m/tf-m-tests/CMSIS/RTOS2/RTX/Library/GCC/libRTX_V8MMN.a(rtx_thread.o)
 .text.osRtxThreadPostProcess
                0x0000000000041b00      0x100 E:/Programs/Nordic/v2.0.0/modules/tee/tf-m/tf-m-tests/CMSIS/RTOS2/RTX/Library/GCC/libRTX_V8MMN.a(rtx_thread.o)
 .text.osRtxThreadListPut
                0x0000000000041c00       0x44 E:/Programs/Nordic/v2.0.0/modules/tee/tf-m/tf-m-tests/CMSIS/RTOS2/RTX/Library/GCC/libRTX_V8MMN.a(rtx_thread.o)
                0x0000000000041c00                osRtxThreadListPut
 .text.osRtxThreadListGet
                0x0000000000041c44       0x14 E:/Programs/Nordic/v2.0.0/modules/tee/tf-m/tf-m-tests/CMSIS/RTOS2/RTX/Library/GCC/libRTX_V8MMN.a(rtx_thread.o)
                0x0000000000041c44                osRtxThreadListGet
 .text.osRtxThreadListRemove
                0x0000000000041c58       0x14 E:/Programs/Nordic/v2.0.0/modules/tee/tf-m/tf-m-tests/CMSIS/RTOS2/RTX/Library/GCC/libRTX_V8MMN.a(rtx_thread.o)
                0x0000000000041c58                osRtxThreadListRemove
 .text.osRtxThreadReadyPut
                0x0000000000041c6c       0x54 E:/Programs/Nordic/v2.0.0/modules/tee/tf-m/tf-m-tests/CMSIS/RTOS2/RTX/Library/GCC/libRTX_V8MMN.a(rtx_thread.o)
                0x0000000000041c6c                osRtxThreadReadyPut
 .text.osRtxThreadDelayTick
                0x0000000000041cc0       0x78 E:/Programs/Nordic/v2.0.0/modules/tee/tf-m/tf-m-tests/CMSIS/RTOS2/RTX/Library/GCC/libRTX_V8MMN.a(rtx_thread.o)
                0x0000000000041cc0                osRtxThreadDelayTick
 .text.osRtxThreadRegPtr
                0x0000000000041d38        0x8 E:/Programs/Nordic/v2.0.0/modules/tee/tf-m/tf-m-tests/CMSIS/RTOS2/RTX/Library/GCC/libRTX_V8MMN.a(rtx_thread.o)
                0x0000000000041d38                osRtxThreadRegPtr
 .text.osRtxThreadStackCheck
                0x0000000000041d40       0x28 E:/Programs/Nordic/v2.0.0/modules/tee/tf-m/tf-m-tests/CMSIS/RTOS2/RTX/Library/GCC/libRTX_V8MMN.a(rtx_thread.o)
                0x0000000000041d40                osRtxThreadStackCheck
 .text.osRtxThreadSwitch
                0x0000000000041d68       0x14 E:/Programs/Nordic/v2.0.0/modules/tee/tf-m/tf-m-tests/CMSIS/RTOS2/RTX/Library/GCC/libRTX_V8MMN.a(rtx_thread.o)
                0x0000000000041d68                osRtxThreadSwitch
 .text.osRtxThreadDispatch
                0x0000000000041d7c      0x120 E:/Programs/Nordic/v2.0.0/modules/tee/tf-m/tf-m-tests/CMSIS/RTOS2/RTX/Library/GCC/libRTX_V8MMN.a(rtx_thread.o)
                0x0000000000041d7c                osRtxThreadDispatch
 .text.osRtxThreadWaitExit
                0x0000000000041e9c       0x98 E:/Programs/Nordic/v2.0.0/modules/tee/tf-m/tf-m-tests/CMSIS/RTOS2/RTX/Library/GCC/libRTX_V8MMN.a(rtx_thread.o)
                0x0000000000041e9c                osRtxThreadWaitExit
 .text.svcRtxThreadNew
                0x0000000000041f34      0x2b0 E:/Programs/Nordic/v2.0.0/modules/tee/tf-m/tf-m-tests/CMSIS/RTOS2/RTX/Library/GCC/libRTX_V8MMN.a(rtx_thread.o)
 .text.svcRtxThreadExit
                0x00000000000421e4       0xf0 E:/Programs/Nordic/v2.0.0/modules/tee/tf-m/tf-m-tests/CMSIS/RTOS2/RTX/Library/GCC/libRTX_V8MMN.a(rtx_thread.o)
 .text.osRtxThreadWaitEnter
                0x00000000000422d4       0xb4 E:/Programs/Nordic/v2.0.0/modules/tee/tf-m/tf-m-tests/CMSIS/RTOS2/RTX/Library/GCC/libRTX_V8MMN.a(rtx_thread.o)
                0x00000000000422d4                osRtxThreadWaitEnter
 .text.osRtxThreadStartup
                0x0000000000042388       0x40 E:/Programs/Nordic/v2.0.0/modules/tee/tf-m/tf-m-tests/CMSIS/RTOS2/RTX/Library/GCC/libRTX_V8MMN.a(rtx_thread.o)
                0x0000000000042388                osRtxThreadStartup
 .text.svcRtxKernelInitialize
                0x00000000000423c8      0x16c E:/Programs/Nordic/v2.0.0/modules/tee/tf-m/tf-m-tests/CMSIS/RTOS2/RTX/Library/GCC/libRTX_V8MMN.a(rtx_kernel.o)
 .text.svcRtxKernelStart
                0x0000000000042534       0xa0 E:/Programs/Nordic/v2.0.0/modules/tee/tf-m/tf-m-tests/CMSIS/RTOS2/RTX/Library/GCC/libRTX_V8MMN.a(rtx_kernel.o)
 .text.osRtxKernelPreInit
                0x00000000000425d4        0x4 E:/Programs/Nordic/v2.0.0/modules/tee/tf-m/tf-m-tests/CMSIS/RTOS2/RTX/Library/GCC/libRTX_V8MMN.a(rtx_kernel.o)
                0x00000000000425d4                osRtxKernelPreInit
 .text.osKernelInitialize
                0x00000000000425d8       0x2c E:/Programs/Nordic/v2.0.0/modules/tee/tf-m/tf-m-tests/CMSIS/RTOS2/RTX/Library/GCC/libRTX_V8MMN.a(rtx_kernel.o)
                0x00000000000425d8                osKernelInitialize
 .text.osKernelStart
                0x0000000000042604       0x24 E:/Programs/Nordic/v2.0.0/modules/tee/tf-m/tf-m-tests/CMSIS/RTOS2/RTX/Library/GCC/libRTX_V8MMN.a(rtx_kernel.o)
                0x0000000000042604                osKernelStart
 .text.OS_Tick_Setup
                0x0000000000042628       0x48 E:/Programs/Nordic/v2.0.0/modules/tee/tf-m/tf-m-tests/CMSIS/RTOS2/RTX/Library/GCC/libRTX_V8MMN.a(os_systick.o)
                0x0000000000042628                OS_Tick_Setup
 .text.OS_Tick_Enable
                0x0000000000042670       0x2c E:/Programs/Nordic/v2.0.0/modules/tee/tf-m/tf-m-tests/CMSIS/RTOS2/RTX/Library/GCC/libRTX_V8MMN.a(os_systick.o)
                0x0000000000042670                OS_Tick_Enable
 .text.OS_Tick_AcknowledgeIRQ
                0x000000000004269c        0xc E:/Programs/Nordic/v2.0.0/modules/tee/tf-m/tf-m-tests/CMSIS/RTOS2/RTX/Library/GCC/libRTX_V8MMN.a(os_systick.o)
                0x000000000004269c                OS_Tick_AcknowledgeIRQ
 .text.OS_Tick_GetIRQn
                0x00000000000426a8        0x8 E:/Programs/Nordic/v2.0.0/modules/tee/tf-m/tf-m-tests/CMSIS/RTOS2/RTX/Library/GCC/libRTX_V8MMN.a(os_systick.o)
                0x00000000000426a8                OS_Tick_GetIRQn
 .text.osRtxTimerTick
                0x00000000000426b0       0xc8 E:/Programs/Nordic/v2.0.0/modules/tee/tf-m/tf-m-tests/CMSIS/RTOS2/RTX/Library/GCC/libRTX_V8MMN.a(rtx_timer.o)
 .text.osRtxTimerThread
                0x0000000000042778       0x3c E:/Programs/Nordic/v2.0.0/modules/tee/tf-m/tf-m-tests/CMSIS/RTOS2/RTX/Library/GCC/libRTX_V8MMN.a(rtx_timer.o)
                0x0000000000042778                osRtxTimerThread
 .text.exit     0x00000000000427b4       0x28 e:/programs/nordic/toolchains/v2.0.0/opt/zephyr-sdk/arm-zephyr-eabi/bin/../lib/gcc/arm-zephyr-eabi/10.3.0/../../../../arm-zephyr-eabi/lib/thumb/v8-m.main/nofp\libc_nano.a(lib_a-exit.o)
                0x00000000000427b4                exit
 .text.__libc_init_array
                0x00000000000427dc       0x48 e:/programs/nordic/toolchains/v2.0.0/opt/zephyr-sdk/arm-zephyr-eabi/bin/../lib/gcc/arm-zephyr-eabi/10.3.0/../../../../arm-zephyr-eabi/lib/thumb/v8-m.main/nofp\libc_nano.a(lib_a-init.o)
                0x00000000000427dc                __libc_init_array
 .text.memcpy   0x0000000000042824       0x1a e:/programs/nordic/toolchains/v2.0.0/opt/zephyr-sdk/arm-zephyr-eabi/bin/../lib/gcc/arm-zephyr-eabi/10.3.0/../../../../arm-zephyr-eabi/lib/thumb/v8-m.main/nofp\libc_nano.a(lib_a-memcpy-stub.o)
                0x0000000000042824                memcpy
 .text.memset   0x000000000004283e       0x10 e:/programs/nordic/toolchains/v2.0.0/opt/zephyr-sdk/arm-zephyr-eabi/bin/../lib/gcc/arm-zephyr-eabi/10.3.0/../../../../arm-zephyr-eabi/lib/thumb/v8-m.main/nofp\libc_nano.a(lib_a-memset.o)
                0x000000000004283e                memset
 *fill*         0x000000000004284e        0x2 
 .text._exit    0x0000000000042850        0x4 e:/programs/nordic/toolchains/v2.0.0/opt/zephyr-sdk/arm-zephyr-eabi/bin/../lib/gcc/arm-zephyr-eabi/10.3.0/../../../../arm-zephyr-eabi/lib/thumb/v8-m.main/nofp\libnosys.a(_exit.o)
                0x0000000000042850                _exit
 *(.init)
 .init          0x0000000000042854        0x4 e:/programs/nordic/toolchains/v2.0.0/opt/zephyr-sdk/arm-zephyr-eabi/bin/../lib/gcc/arm-zephyr-eabi/10.3.0/thumb/v8-m.main/nofp/crti.o
                0x0000000000042854                _init
 .init          0x0000000000042858        0x8 e:/programs/nordic/toolchains/v2.0.0/opt/zephyr-sdk/arm-zephyr-eabi/bin/../lib/gcc/arm-zephyr-eabi/10.3.0/thumb/v8-m.main/nofp/crtn.o
 *(.fini)
 .fini          0x0000000000042860        0x4 e:/programs/nordic/toolchains/v2.0.0/opt/zephyr-sdk/arm-zephyr-eabi/bin/../lib/gcc/arm-zephyr-eabi/10.3.0/thumb/v8-m.main/nofp/crti.o
                0x0000000000042860                _fini
 .fini          0x0000000000042864        0x8 e:/programs/nordic/toolchains/v2.0.0/opt/zephyr-sdk/arm-zephyr-eabi/bin/../lib/gcc/arm-zephyr-eabi/10.3.0/thumb/v8-m.main/nofp/crtn.o
 *crtbegin.o(.ctors)
 *crtbegin?.o(.ctors)
 *(EXCLUDE_FILE(*crtend.o *crtend?.o) .ctors)
 *(SORT_BY_NAME(.ctors.*))
 *(.ctors)
 *crtbegin.o(.dtors)
 *crtbegin?.o(.dtors)
 *(EXCLUDE_FILE(*crtend.o *crtend?.o) .dtors)
 *(SORT_BY_NAME(.dtors.*))
 *(.dtors)
 *(.rodata*)
 .rodata.main.str1.1
                0x000000000004286c       0x20 app/CMakeFiles/tfm_ns.dir/main_ns.o
 .rodata        0x000000000004288c       0xa0 app/CMakeFiles/tfm_ns.dir/E_/Programs/Nordic/v2.0.0/modules/tee/tf-m/tf-m-tests/CMSIS/RTOS2/RTX/Source/rtx_lib.o
                0x000000000004288c                os_cb_sections
                0x00000000000428c4                osRtxConfig
 .rodata.osRtxUserSVC
                0x000000000004292c        0x4 app/CMakeFiles/tfm_ns.dir/E_/Programs/Nordic/v2.0.0/modules/tee/tf-m/tf-m-tests/CMSIS/RTOS2/RTX/Source/rtx_lib.o
                0x000000000004292c                osRtxUserSVC
 .rodata.os_idle_thread_attr
                0x0000000000042930       0x24 app/CMakeFiles/tfm_ns.dir/E_/Programs/Nordic/v2.0.0/modules/tee/tf-m/tf-m-tests/CMSIS/RTOS2/RTX/Source/rtx_lib.o
 .rodata.os_timer_mq_attr
                0x0000000000042954       0x18 app/CMakeFiles/tfm_ns.dir/E_/Programs/Nordic/v2.0.0/modules/tee/tf-m/tf-m-tests/CMSIS/RTOS2/RTX/Source/rtx_lib.o
 .rodata.os_timer_thread_attr
                0x000000000004296c       0x24 app/CMakeFiles/tfm_ns.dir/E_/Programs/Nordic/v2.0.0/modules/tee/tf-m/tf-m-tests/CMSIS/RTOS2/RTX/Source/rtx_lib.o
 .rodata.DriverVersion
                0x0000000000042990        0x4 platform/libplatform_ns.a(Driver_USART.o)
 .rodata.Driver_USART0
                0x0000000000042994       0x38 platform/libplatform_ns.a(Driver_USART.o)
                0x0000000000042994                Driver_USART0
 *fill*         0x00000000000429cc        0x4 
 .rodata.delay_machine_code.0
                0x00000000000429d0        0x6 platform/libplatform_ns.a(nrfx_uarte.o)
 .rodata.tfm_log_printf.str1.1
                0x00000000000429d6       0x15 ns_log/libtfm_ns_log.a(tfm_log_raw.o)
 .rodata.hex_digits_lo
                0x00000000000429eb       0x10 ns_log/libtfm_ns_log.a(tfm_log_raw.o)
                0x00000000000429eb                hex_digits_lo
 .rodata.hex_digits_up
                0x00000000000429fb       0x10 ns_log/libtfm_ns_log.a(tfm_log_raw.o)
                0x00000000000429fb                hex_digits_up
 *fill*         0x0000000000042a0b        0x1 
 .rodata.str1.4
                0x0000000000042a0c        0xb E:/Programs/Nordic/v2.0.0/modules/tee/tf-m/tf-m-tests/CMSIS/RTOS2/RTX/Library/GCC/libRTX_V8MMN.a(rtx_kernel.o)
 *fill*         0x0000000000042a17        0x1 
 .rodata._global_impure_ptr
                0x0000000000042a18        0x4 e:/programs/nordic/toolchains/v2.0.0/opt/zephyr-sdk/arm-zephyr-eabi/bin/../lib/gcc/arm-zephyr-eabi/10.3.0/../../../../arm-zephyr-eabi/lib/thumb/v8-m.main/nofp\libc_nano.a(lib_a-impure.o)
                0x0000000000042a18                _global_impure_ptr
 *(.eh_frame*)
 .eh_frame      0x0000000000042a1c        0x0 e:/programs/nordic/toolchains/v2.0.0/opt/zephyr-sdk/arm-zephyr-eabi/bin/../lib/gcc/arm-zephyr-eabi/10.3.0/thumb/v8-m.main/nofp/crtbegin.o
 .eh_frame      0x0000000000042a1c        0x4 e:/programs/nordic/toolchains/v2.0.0/opt/zephyr-sdk/arm-zephyr-eabi/bin/../lib/gcc/arm-zephyr-eabi/10.3.0/thumb/v8-m.main/nofp/crtend.o

.glue_7         0x0000000000042a20        0x0
 .glue_7        0x0000000000042a20        0x0 linker stubs

.glue_7t        0x0000000000042a20        0x0
 .glue_7t       0x0000000000042a20        0x0 linker stubs

.vfp11_veneer   0x0000000000042a20        0x0
 .vfp11_veneer  0x0000000000042a20        0x0 linker stubs

.v4_bx          0x0000000000042a20        0x0
 .v4_bx         0x0000000000042a20        0x0 linker stubs

.iplt           0x0000000000042a20        0x0
 .iplt          0x0000000000042a20        0x0 e:/programs/nordic/toolchains/v2.0.0/opt/zephyr-sdk/arm-zephyr-eabi/bin/../lib/gcc/arm-zephyr-eabi/10.3.0/thumb/v8-m.main/nofp/crtbegin.o

.ARM.extab
 *(.ARM.extab* .gnu.linkonce.armextab.*)
                0x0000000000042a20                __exidx_start = .

.ARM.exidx      0x0000000000042a20        0x8
 *(.ARM.exidx* .gnu.linkonce.armexidx.*)
 .ARM.exidx     0x0000000000042a20        0x8 e:/programs/nordic/toolchains/v2.0.0/opt/zephyr-sdk/arm-zephyr-eabi/bin/../lib/gcc/arm-zephyr-eabi/10.3.0/../../../../arm-zephyr-eabi/lib/thumb/v8-m.main/nofp/crt0.o
                                         0x10 (size before relaxing)
 .ARM.exidx     0x0000000000042a28        0x0 E:/Programs/Nordic/v2.0.0/modules/tee/tf-m/tf-m-tests/CMSIS/RTOS2/RTX/Library/GCC/libRTX_V8MMN.a(irq_armv8mml.o)
                                         0x20 (size before relaxing)
                0x0000000000042a28                __exidx_end = .

.rel.dyn        0x0000000000042a28        0x0
 .rel.iplt      0x0000000000042a28        0x0 e:/programs/nordic/toolchains/v2.0.0/opt/zephyr-sdk/arm-zephyr-eabi/bin/../lib/gcc/arm-zephyr-eabi/10.3.0/thumb/v8-m.main/nofp/crtbegin.o

.copy.table     0x0000000000042a28       0x18
                0x0000000000042a28                . = ALIGN (0x4)
                0x0000000000042a28                __copy_table_start__ = .
                0x0000000000042a28        0x4 LONG 0x42a50 __etext
                0x0000000000042a2c        0x4 LONG 0x20040000 __data_start__
                0x0000000000042a30        0x4 LONG 0x158 (__data_end__ - __data_start__)
                0x0000000000042a34        0x4 LONG 0x0 DEFINED (__etext2)?__etext2:0x0
                0x0000000000042a38        0x4 LONG 0x0 DEFINED (__data2_start__)?__data2_start__:0x0
                0x0000000000042a3c        0x4 LONG 0x0 DEFINED (__data2_start__)?(__data2_end__ - __data2_start__):0x0
                0x0000000000042a40                __copy_table_end__ = .

.zero.table     0x0000000000042a40       0x10
                0x0000000000042a40                . = ALIGN (0x4)
                0x0000000000042a40                __zero_table_start__ = .
                0x0000000000042a40        0x4 LONG 0x20040158 __bss_start__
                0x0000000000042a44        0x4 LONG 0x23c0 (__bss_end__ - __bss_start__)
                0x0000000000042a48        0x4 LONG 0x0 DEFINED (__bss2_start__)?__bss2_start__:0x0
                0x0000000000042a4c        0x4 LONG 0x0 DEFINED (__bss2_start__)?(__bss2_end__ - __bss2_start__):0x0
                0x0000000000042a50                __zero_table_end__ = .
                0x0000000000042a50                __etext = .

.data           0x0000000020040000      0x158 load address 0x0000000000042a50
                0x0000000020040000                __data_start__ = .
 *(vtable)
 *(.data*)
 .data.UART0_Resources
                0x0000000020040000       0x24 platform/libplatform_ns.a(Driver_USART.o)
 .data.UART0_initial_config
                0x0000000020040024       0x24 platform/libplatform_ns.a(Driver_USART.o)
 .data.SystemCoreClock
                0x0000000020040048        0x4 platform/libplatform_ns.a(system_nrf5340_application.o)
                0x0000000020040048                SystemCoreClock
 .data.os       0x000000002004004c       0xa4 E:/Programs/Nordic/v2.0.0/modules/tee/tf-m/tf-m-tests/CMSIS/RTOS2/RTX/Library/GCC/libRTX_V8MMN.a(rtx_kernel.o)
                0x000000002004004c                osRtxInfo
 .data.impure_data
                0x00000000200400f0       0x60 e:/programs/nordic/toolchains/v2.0.0/opt/zephyr-sdk/arm-zephyr-eabi/bin/../lib/gcc/arm-zephyr-eabi/10.3.0/../../../../arm-zephyr-eabi/lib/thumb/v8-m.main/nofp\libc_nano.a(lib_a-impure.o)
                0x0000000020040150                . = ALIGN (0x4)
                0x0000000020040150                PROVIDE (__preinit_array_start = .)
 *(.preinit_array)
                0x0000000020040150                PROVIDE (__preinit_array_end = .)
                0x0000000020040150                . = ALIGN (0x4)
                0x0000000020040150                PROVIDE (__init_array_start = .)
 *(SORT_BY_NAME(.init_array.*))
 *(.init_array)
 .init_array    0x0000000020040150        0x4 e:/programs/nordic/toolchains/v2.0.0/opt/zephyr-sdk/arm-zephyr-eabi/bin/../lib/gcc/arm-zephyr-eabi/10.3.0/thumb/v8-m.main/nofp/crtbegin.o
                0x0000000020040154                PROVIDE (__init_array_end = .)
                0x0000000020040154                . = ALIGN (0x4)
                [!provide]                        PROVIDE (__fini_array_start = .)
 *(SORT_BY_NAME(.fini_array.*))
 *(.fini_array)
 .fini_array    0x0000000020040154        0x4 e:/programs/nordic/toolchains/v2.0.0/opt/zephyr-sdk/arm-zephyr-eabi/bin/../lib/gcc/arm-zephyr-eabi/10.3.0/thumb/v8-m.main/nofp/crtbegin.o
                [!provide]                        PROVIDE (__fini_array_end = .)
 *(.jcr*)
                0x0000000020040158                . = ALIGN (0x4)
                0x0000000020040158                __data_end__ = .

.igot.plt       0x0000000020040158        0x0 load address 0x0000000000042ba8
 .igot.plt      0x0000000020040158        0x0 e:/programs/nordic/toolchains/v2.0.0/opt/zephyr-sdk/arm-zephyr-eabi/bin/../lib/gcc/arm-zephyr-eabi/10.3.0/thumb/v8-m.main/nofp/crtbegin.o

.bss            0x0000000020040158     0x23c0 load address 0x0000000000042ba8
                0x0000000020040158                . = ALIGN (0x4)
                0x0000000020040158                __bss_start__ = .
 *(.bss*)
 .bss           0x0000000020040158       0x1c e:/programs/nordic/toolchains/v2.0.0/opt/zephyr-sdk/arm-zephyr-eabi/bin/../lib/gcc/arm-zephyr-eabi/10.3.0/thumb/v8-m.main/nofp/crtbegin.o
 *fill*         0x0000000020040174        0x4 
 .bss.os        0x0000000020040178     0x2040 app/CMakeFiles/tfm_ns.dir/E_/Programs/Nordic/v2.0.0/modules/tee/tf-m/tf-m-tests/CMSIS/RTOS2/RTX/Source/rtx_lib.o
 .bss.os.msgqueue.cb
                0x00000000200421b8       0x34 app/CMakeFiles/tfm_ns.dir/E_/Programs/Nordic/v2.0.0/modules/tee/tf-m/tf-m-tests/CMSIS/RTOS2/RTX/Source/rtx_lib.o
 .bss.os.msgqueue.mem
                0x00000000200421ec       0x50 app/CMakeFiles/tfm_ns.dir/E_/Programs/Nordic/v2.0.0/modules/tee/tf-m/tf-m-tests/CMSIS/RTOS2/RTX/Source/rtx_lib.o
 .bss.os.thread.cb
                0x000000002004223c       0x88 app/CMakeFiles/tfm_ns.dir/E_/Programs/Nordic/v2.0.0/modules/tee/tf-m/tf-m-tests/CMSIS/RTOS2/RTX/Source/rtx_lib.o
 *fill*         0x00000000200422c4        0x4 
 .bss.os.thread.stack
                0x00000000200422c8      0x200 app/CMakeFiles/tfm_ns.dir/E_/Programs/Nordic/v2.0.0/modules/tee/tf-m/tf-m-tests/CMSIS/RTOS2/RTX/Source/rtx_lib.o
 .bss.m_cb      0x00000000200424c8       0x48 platform/libplatform_ns.a(nrfx_uarte.o)
 .bss.ns_lock_handle
                0x0000000020042510        0x4 app/libtfm_api_ns.a(tfm_ns_interface.o)
 .bss           0x0000000020042514        0x1 E:/Programs/Nordic/v2.0.0/modules/tee/tf-m/tf-m-tests/CMSIS/RTOS2/RTX/Library/GCC/libRTX_V8MMN.a(os_systick.o)
 *(COMMON)
                0x0000000020042518                . = ALIGN (0x4)
 *fill*         0x0000000020042515        0x3 
                0x0000000020042518                __bss_end__ = .
                0x00000000000023c0                bss_size = (__bss_end__ - __bss_start__)

.msp_stack      0x0000000020042520       0xa0 load address 0x0000000000044f80
                0x00000000200425c0                . = (. + __msp_stack_size__)
 *fill*         0x0000000020042520       0xa0 
                0x0000000020042520                Image$$ARM_LIB_STACK_MSP$$ZI$$Base = ADDR (.msp_stack)
                0x00000000200425c0                Image$$ARM_LIB_STACK_MSP$$ZI$$Limit = (ADDR (.msp_stack) + SIZEOF (.msp_stack))

.psp_stack      0x00000000200425c0      0x140 load address 0x0000000000045020
                0x0000000020042700                . = (. + __psp_stack_size__)
 *fill*         0x00000000200425c0      0x140 
                0x00000000200425c0                Image$$ARM_LIB_STACK$$ZI$$Base = ADDR (.psp_stack)
                0x0000000020042700                Image$$ARM_LIB_STACK$$ZI$$Limit = (ADDR (.psp_stack) + SIZEOF (.psp_stack))

.heap           0x0000000020042700     0x1000 load address 0x0000000000045160
                0x0000000020042700                __end__ = .
                [!provide]                        PROVIDE (end = .)
                0x0000000020042700                __HeapBase = .
                0x0000000020043700                . = (. + __heap_size__)
 *fill*         0x0000000020042700     0x1000 
                0x0000000020043700                __HeapLimit = .
                0x0000000020043700                __heap_limit = .
                0x0000000020042700                PROVIDE (__stack = Image$$ARM_LIB_STACK$$ZI$$Limit)
OUTPUT(bin\tfm_ns.axf elf32-littlearm)
LOAD linker stubs

.ARM.attributes
                0x0000000000000000       0x2e
 .ARM.attributes
                0x0000000000000000       0x22 e:/programs/nordic/toolchains/v2.0.0/opt/zephyr-sdk/arm-zephyr-eabi/bin/../lib/gcc/arm-zephyr-eabi/10.3.0/thumb/v8-m.main/nofp/crti.o
 .ARM.attributes
                0x0000000000000022       0x32 e:/programs/nordic/toolchains/v2.0.0/opt/zephyr-sdk/arm-zephyr-eabi/bin/../lib/gcc/arm-zephyr-eabi/10.3.0/thumb/v8-m.main/nofp/crtbegin.o
 .ARM.attributes
                0x0000000000000054       0x20 e:/programs/nordic/toolchains/v2.0.0/opt/zephyr-sdk/arm-zephyr-eabi/bin/../lib/gcc/arm-zephyr-eabi/10.3.0/../../../../arm-zephyr-eabi/lib/thumb/v8-m.main/nofp/crt0.o
 .ARM.attributes
                0x0000000000000074       0x32 app/CMakeFiles/tfm_ns.dir/main_ns.o
 .ARM.attributes
                0x00000000000000a6       0x20 app/CMakeFiles/tfm_ns.dir/E_/Programs/Nordic/v2.0.0/modules/tee/tf-m/trusted-firmware-m/platform/ext/target/nordic_nrf/common/nrf5340/gcc/startup_nrf5340_ns.o
 .ARM.attributes
                0x00000000000000c6       0x32 app/CMakeFiles/tfm_ns.dir/E_/Programs/Nordic/v2.0.0/modules/tee/tf-m/tf-m-tests/ns_interface/ns_client_ext/tz_shim_layer.o
 .ARM.attributes
                0x00000000000000f8       0x32 app/CMakeFiles/tfm_ns.dir/E_/Programs/Nordic/v2.0.0/modules/tee/tf-m/tf-m-tests/CMSIS/RTOS2/RTX/Config/RTX_Config.o
 .ARM.attributes
                0x000000000000012a       0x32 app/CMakeFiles/tfm_ns.dir/E_/Programs/Nordic/v2.0.0/modules/tee/tf-m/tf-m-tests/CMSIS/RTOS2/RTX/Source/rtx_lib.o
 .ARM.attributes
                0x000000000000015c       0x32 app/CMakeFiles/tfm_ns.dir/os_wrapper_cmsis_rtos_v2.o
 .ARM.attributes
                0x000000000000018e       0x32 platform/libplatform_ns.a(uart_stdout.o)
 .ARM.attributes
                0x00000000000001c0       0x32 platform/libplatform_ns.a(Driver_USART.o)
 .ARM.attributes
                0x00000000000001f2       0x32 platform/libplatform_ns.a(nrfx_uarte.o)
 .ARM.attributes
                0x0000000000000224       0x32 platform/libplatform_ns.a(system_nrf5340_application.o)
 .ARM.attributes
                0x0000000000000256       0x32 app/libtfm_api_ns.a(tfm_ns_interface.o)
 .ARM.attributes
                0x0000000000000288       0x32 ns_log/libtfm_ns_log.a(tfm_log_raw.o)
 .ARM.attributes
                0x00000000000002ba       0x20 E:/Programs/Nordic/v2.0.0/modules/tee/tf-m/tf-m-tests/CMSIS/RTOS2/RTX/Library/GCC/libRTX_V8MMN.a(irq_armv8mml.o)
 .ARM.attributes
                0x00000000000002da       0x32 E:/Programs/Nordic/v2.0.0/modules/tee/tf-m/tf-m-tests/CMSIS/RTOS2/RTX/Library/GCC/libRTX_V8MMN.a(rtx_system.o)
 .ARM.attributes
                0x000000000000030c       0x32 E:/Programs/Nordic/v2.0.0/modules/tee/tf-m/tf-m-tests/CMSIS/RTOS2/RTX/Library/GCC/libRTX_V8MMN.a(rtx_msgqueue.o)
 .ARM.attributes
                0x000000000000033e       0x32 E:/Programs/Nordic/v2.0.0/modules/tee/tf-m/tf-m-tests/CMSIS/RTOS2/RTX/Library/GCC/libRTX_V8MMN.a(rtx_mempool.o)
 .ARM.attributes
                0x0000000000000370       0x32 E:/Programs/Nordic/v2.0.0/modules/tee/tf-m/tf-m-tests/CMSIS/RTOS2/RTX/Library/GCC/libRTX_V8MMN.a(rtx_memory.o)
 .ARM.attributes
                0x00000000000003a2       0x32 E:/Programs/Nordic/v2.0.0/modules/tee/tf-m/tf-m-tests/CMSIS/RTOS2/RTX/Library/GCC/libRTX_V8MMN.a(rtx_mutex.o)
 .ARM.attributes
                0x00000000000003d4       0x32 E:/Programs/Nordic/v2.0.0/modules/tee/tf-m/tf-m-tests/CMSIS/RTOS2/RTX/Library/GCC/libRTX_V8MMN.a(rtx_thread.o)
 .ARM.attributes
                0x0000000000000406       0x32 E:/Programs/Nordic/v2.0.0/modules/tee/tf-m/tf-m-tests/CMSIS/RTOS2/RTX/Library/GCC/libRTX_V8MMN.a(rtx_kernel.o)
 .ARM.attributes
                0x0000000000000438       0x32 E:/Programs/Nordic/v2.0.0/modules/tee/tf-m/tf-m-tests/CMSIS/RTOS2/RTX/Library/GCC/libRTX_V8MMN.a(os_systick.o)
 .ARM.attributes
                0x000000000000046a       0x32 E:/Programs/Nordic/v2.0.0/modules/tee/tf-m/tf-m-tests/CMSIS/RTOS2/RTX/Library/GCC/libRTX_V8MMN.a(rtx_timer.o)
 .ARM.attributes
                0x000000000000049c       0x32 e:/programs/nordic/toolchains/v2.0.0/opt/zephyr-sdk/arm-zephyr-eabi/bin/../lib/gcc/arm-zephyr-eabi/10.3.0/../../../../arm-zephyr-eabi/lib/thumb/v8-m.main/nofp\libc_nano.a(lib_a-exit.o)
 .ARM.attributes
                0x00000000000004ce       0x32 e:/programs/nordic/toolchains/v2.0.0/opt/zephyr-sdk/arm-zephyr-eabi/bin/../lib/gcc/arm-zephyr-eabi/10.3.0/../../../../arm-zephyr-eabi/lib/thumb/v8-m.main/nofp\libc_nano.a(lib_a-impure.o)
 .ARM.attributes
                0x0000000000000500       0x32 e:/programs/nordic/toolchains/v2.0.0/opt/zephyr-sdk/arm-zephyr-eabi/bin/../lib/gcc/arm-zephyr-eabi/10.3.0/../../../../arm-zephyr-eabi/lib/thumb/v8-m.main/nofp\libc_nano.a(lib_a-init.o)
 .ARM.attributes
                0x0000000000000532       0x32 e:/programs/nordic/toolchains/v2.0.0/opt/zephyr-sdk/arm-zephyr-eabi/bin/../lib/gcc/arm-zephyr-eabi/10.3.0/../../../../arm-zephyr-eabi/lib/thumb/v8-m.main/nofp\libc_nano.a(lib_a-memcpy-stub.o)
 .ARM.attributes
                0x0000000000000564       0x32 e:/programs/nordic/toolchains/v2.0.0/opt/zephyr-sdk/arm-zephyr-eabi/bin/../lib/gcc/arm-zephyr-eabi/10.3.0/../../../../arm-zephyr-eabi/lib/thumb/v8-m.main/nofp\libc_nano.a(lib_a-memset.o)
 .ARM.attributes
                0x0000000000000596       0x32 e:/programs/nordic/toolchains/v2.0.0/opt/zephyr-sdk/arm-zephyr-eabi/bin/../lib/gcc/arm-zephyr-eabi/10.3.0/thumb/v8-m.main/nofp/crtend.o
 .ARM.attributes
                0x00000000000005c8       0x22 e:/programs/nordic/toolchains/v2.0.0/opt/zephyr-sdk/arm-zephyr-eabi/bin/../lib/gcc/arm-zephyr-eabi/10.3.0/thumb/v8-m.main/nofp/crtn.o
 .ARM.attributes
                0x00000000000005ea       0x32 e:/programs/nordic/toolchains/v2.0.0/opt/zephyr-sdk/arm-zephyr-eabi/bin/../lib/gcc/arm-zephyr-eabi/10.3.0/../../../../arm-zephyr-eabi/lib/thumb/v8-m.main/nofp\libnosys.a(_exit.o)

.comment        0x0000000000000000       0x95
 .comment       0x0000000000000000       0x20 app/CMakeFiles/tfm_ns.dir/main_ns.o
                                         0x21 (size before relaxing)
 .comment       0x0000000000000020       0x21 app/CMakeFiles/tfm_ns.dir/E_/Programs/Nordic/v2.0.0/modules/tee/tf-m/tf-m-tests/ns_interface/ns_client_ext/tz_shim_layer.o
 .comment       0x0000000000000020       0x21 app/CMakeFiles/tfm_ns.dir/E_/Programs/Nordic/v2.0.0/modules/tee/tf-m/tf-m-tests/CMSIS/RTOS2/RTX/Config/RTX_Config.o
 .comment       0x0000000000000020       0x21 app/CMakeFiles/tfm_ns.dir/E_/Programs/Nordic/v2.0.0/modules/tee/tf-m/tf-m-tests/CMSIS/RTOS2/RTX/Source/rtx_lib.o
 .comment       0x0000000000000020       0x21 app/CMakeFiles/tfm_ns.dir/os_wrapper_cmsis_rtos_v2.o
 .comment       0x0000000000000020       0x21 platform/libplatform_ns.a(uart_stdout.o)
 .comment       0x0000000000000020       0x21 platform/libplatform_ns.a(Driver_USART.o)
 .comment       0x0000000000000020       0x21 platform/libplatform_ns.a(nrfx_uarte.o)
 .comment       0x0000000000000020       0x21 platform/libplatform_ns.a(system_nrf5340_application.o)
 .comment       0x0000000000000020       0x21 app/libtfm_api_ns.a(tfm_ns_interface.o)
 .comment       0x0000000000000020       0x21 ns_log/libtfm_ns_log.a(tfm_log_raw.o)
 .comment       0x0000000000000020       0x75 E:/Programs/Nordic/v2.0.0/modules/tee/tf-m/tf-m-tests/CMSIS/RTOS2/RTX/Library/GCC/libRTX_V8MMN.a(rtx_system.o)
                                         0x76 (size before relaxing)
 .comment       0x0000000000000095       0x76 E:/Programs/Nordic/v2.0.0/modules/tee/tf-m/tf-m-tests/CMSIS/RTOS2/RTX/Library/GCC/libRTX_V8MMN.a(rtx_msgqueue.o)
 .comment       0x0000000000000095       0x76 E:/Programs/Nordic/v2.0.0/modules/tee/tf-m/tf-m-tests/CMSIS/RTOS2/RTX/Library/GCC/libRTX_V8MMN.a(rtx_mempool.o)
 .comment       0x0000000000000095       0x76 E:/Programs/Nordic/v2.0.0/modules/tee/tf-m/tf-m-tests/CMSIS/RTOS2/RTX/Library/GCC/libRTX_V8MMN.a(rtx_memory.o)
 .comment       0x0000000000000095       0x76 E:/Programs/Nordic/v2.0.0/modules/tee/tf-m/tf-m-tests/CMSIS/RTOS2/RTX/Library/GCC/libRTX_V8MMN.a(rtx_mutex.o)
 .comment       0x0000000000000095       0x76 E:/Programs/Nordic/v2.0.0/modules/tee/tf-m/tf-m-tests/CMSIS/RTOS2/RTX/Library/GCC/libRTX_V8MMN.a(rtx_thread.o)
 .comment       0x0000000000000095       0x76 E:/Programs/Nordic/v2.0.0/modules/tee/tf-m/tf-m-tests/CMSIS/RTOS2/RTX/Library/GCC/libRTX_V8MMN.a(rtx_kernel.o)
 .comment       0x0000000000000095       0x76 E:/Programs/Nordic/v2.0.0/modules/tee/tf-m/tf-m-tests/CMSIS/RTOS2/RTX/Library/GCC/libRTX_V8MMN.a(os_systick.o)
 .comment       0x0000000000000095       0x76 E:/Programs/Nordic/v2.0.0/modules/tee/tf-m/tf-m-tests/CMSIS/RTOS2/RTX/Library/GCC/libRTX_V8MMN.a(rtx_timer.o)

.debug_info     0x0000000000000000    0x26567
 .debug_info    0x0000000000000000      0x173 app/CMakeFiles/tfm_ns.dir/main_ns.o
 .debug_info    0x0000000000000173       0x26 app/CMakeFiles/tfm_ns.dir/E_/Programs/Nordic/v2.0.0/modules/tee/tf-m/trusted-firmware-m/platform/ext/target/nordic_nrf/common/nrf5340/gcc/startup_nrf5340_ns.o
 .debug_info    0x0000000000000199      0x141 app/CMakeFiles/tfm_ns.dir/E_/Programs/Nordic/v2.0.0/modules/tee/tf-m/tf-m-tests/ns_interface/ns_client_ext/tz_shim_layer.o
 .debug_info    0x00000000000002da       0xf7 app/CMakeFiles/tfm_ns.dir/E_/Programs/Nordic/v2.0.0/modules/tee/tf-m/tf-m-tests/CMSIS/RTOS2/RTX/Config/RTX_Config.o
 .debug_info    0x00000000000003d1      0xba5 app/CMakeFiles/tfm_ns.dir/E_/Programs/Nordic/v2.0.0/modules/tee/tf-m/tf-m-tests/CMSIS/RTOS2/RTX/Source/rtx_lib.o
 .debug_info    0x0000000000000f76      0xbf9 app/CMakeFiles/tfm_ns.dir/os_wrapper_cmsis_rtos_v2.o
 .debug_info    0x0000000000001b6f      0x7d8 platform/libplatform_ns.a(uart_stdout.o)
 .debug_info    0x0000000000002347     0x1bd7 platform/libplatform_ns.a(Driver_USART.o)
 .debug_info    0x0000000000003f1e     0x3c2c platform/libplatform_ns.a(nrfx_uarte.o)
 .debug_info    0x0000000000007b4a      0xdf9 platform/libplatform_ns.a(system_nrf5340_application.o)
 .debug_info    0x0000000000008943      0x20e app/libtfm_api_ns.a(tfm_ns_interface.o)
 .debug_info    0x0000000000008b51      0x583 ns_log/libtfm_ns_log.a(tfm_log_raw.o)
 .debug_info    0x00000000000090d4       0x26 E:/Programs/Nordic/v2.0.0/modules/tee/tf-m/tf-m-tests/CMSIS/RTOS2/RTX/Library/GCC/libRTX_V8MMN.a(irq_armv8mml.o)
 .debug_info    0x00000000000090fa     0x2487 E:/Programs/Nordic/v2.0.0/modules/tee/tf-m/tf-m-tests/CMSIS/RTOS2/RTX/Library/GCC/libRTX_V8MMN.a(rtx_system.o)
 .debug_info    0x000000000000b581     0x442b E:/Programs/Nordic/v2.0.0/modules/tee/tf-m/tf-m-tests/CMSIS/RTOS2/RTX/Library/GCC/libRTX_V8MMN.a(rtx_msgqueue.o)
 .debug_info    0x000000000000f9ac     0x3fb7 E:/Programs/Nordic/v2.0.0/modules/tee/tf-m/tf-m-tests/CMSIS/RTOS2/RTX/Library/GCC/libRTX_V8MMN.a(rtx_mempool.o)
 .debug_info    0x0000000000013963     0x1ffe E:/Programs/Nordic/v2.0.0/modules/tee/tf-m/tf-m-tests/CMSIS/RTOS2/RTX/Library/GCC/libRTX_V8MMN.a(rtx_memory.o)
 .debug_info    0x0000000000015961     0x2b74 E:/Programs/Nordic/v2.0.0/modules/tee/tf-m/tf-m-tests/CMSIS/RTOS2/RTX/Library/GCC/libRTX_V8MMN.a(rtx_mutex.o)
 .debug_info    0x00000000000184d5     0x6ec8 E:/Programs/Nordic/v2.0.0/modules/tee/tf-m/tf-m-tests/CMSIS/RTOS2/RTX/Library/GCC/libRTX_V8MMN.a(rtx_thread.o)
 .debug_info    0x000000000001f39d     0x3ed0 E:/Programs/Nordic/v2.0.0/modules/tee/tf-m/tf-m-tests/CMSIS/RTOS2/RTX/Library/GCC/libRTX_V8MMN.a(rtx_kernel.o)
 .debug_info    0x000000000002326d      0x688 E:/Programs/Nordic/v2.0.0/modules/tee/tf-m/tf-m-tests/CMSIS/RTOS2/RTX/Library/GCC/libRTX_V8MMN.a(os_systick.o)
 .debug_info    0x00000000000238f5     0x2c72 E:/Programs/Nordic/v2.0.0/modules/tee/tf-m/tf-m-tests/CMSIS/RTOS2/RTX/Library/GCC/libRTX_V8MMN.a(rtx_timer.o)

.debug_abbrev   0x0000000000000000     0x40a5
 .debug_abbrev  0x0000000000000000       0xa1 app/CMakeFiles/tfm_ns.dir/main_ns.o
 .debug_abbrev  0x00000000000000a1       0x14 app/CMakeFiles/tfm_ns.dir/E_/Programs/Nordic/v2.0.0/modules/tee/tf-m/trusted-firmware-m/platform/ext/target/nordic_nrf/common/nrf5340/gcc/startup_nrf5340_ns.o
 .debug_abbrev  0x00000000000000b5       0xbb app/CMakeFiles/tfm_ns.dir/E_/Programs/Nordic/v2.0.0/modules/tee/tf-m/tf-m-tests/ns_interface/ns_client_ext/tz_shim_layer.o
 .debug_abbrev  0x0000000000000170       0x8f app/CMakeFiles/tfm_ns.dir/E_/Programs/Nordic/v2.0.0/modules/tee/tf-m/tf-m-tests/CMSIS/RTOS2/RTX/Config/RTX_Config.o
 .debug_abbrev  0x00000000000001ff      0x1b7 app/CMakeFiles/tfm_ns.dir/E_/Programs/Nordic/v2.0.0/modules/tee/tf-m/tf-m-tests/CMSIS/RTOS2/RTX/Source/rtx_lib.o
 .debug_abbrev  0x00000000000003b6      0x23f app/CMakeFiles/tfm_ns.dir/os_wrapper_cmsis_rtos_v2.o
 .debug_abbrev  0x00000000000005f5      0x27d platform/libplatform_ns.a(uart_stdout.o)
 .debug_abbrev  0x0000000000000872      0x4dd platform/libplatform_ns.a(Driver_USART.o)
 .debug_abbrev  0x0000000000000d4f      0x4e1 platform/libplatform_ns.a(nrfx_uarte.o)
 .debug_abbrev  0x0000000000001230      0x1c6 platform/libplatform_ns.a(system_nrf5340_application.o)
 .debug_abbrev  0x00000000000013f6      0x108 app/libtfm_api_ns.a(tfm_ns_interface.o)
 .debug_abbrev  0x00000000000014fe      0x273 ns_log/libtfm_ns_log.a(tfm_log_raw.o)
 .debug_abbrev  0x0000000000001771       0x14 E:/Programs/Nordic/v2.0.0/modules/tee/tf-m/tf-m-tests/CMSIS/RTOS2/RTX/Library/GCC/libRTX_V8MMN.a(irq_armv8mml.o)
 .debug_abbrev  0x0000000000001785      0x3f1 E:/Programs/Nordic/v2.0.0/modules/tee/tf-m/tf-m-tests/CMSIS/RTOS2/RTX/Library/GCC/libRTX_V8MMN.a(rtx_system.o)
 .debug_abbrev  0x0000000000001b76      0x578 E:/Programs/Nordic/v2.0.0/modules/tee/tf-m/tf-m-tests/CMSIS/RTOS2/RTX/Library/GCC/libRTX_V8MMN.a(rtx_msgqueue.o)
 .debug_abbrev  0x00000000000020ee      0x572 E:/Programs/Nordic/v2.0.0/modules/tee/tf-m/tf-m-tests/CMSIS/RTOS2/RTX/Library/GCC/libRTX_V8MMN.a(rtx_mempool.o)
 .debug_abbrev  0x0000000000002660      0x33d E:/Programs/Nordic/v2.0.0/modules/tee/tf-m/tf-m-tests/CMSIS/RTOS2/RTX/Library/GCC/libRTX_V8MMN.a(rtx_memory.o)
 .debug_abbrev  0x000000000000299d      0x48a E:/Programs/Nordic/v2.0.0/modules/tee/tf-m/tf-m-tests/CMSIS/RTOS2/RTX/Library/GCC/libRTX_V8MMN.a(rtx_mutex.o)
 .debug_abbrev  0x0000000000002e27      0x5de E:/Programs/Nordic/v2.0.0/modules/tee/tf-m/tf-m-tests/CMSIS/RTOS2/RTX/Library/GCC/libRTX_V8MMN.a(rtx_thread.o)
 .debug_abbrev  0x0000000000003405      0x5cb E:/Programs/Nordic/v2.0.0/modules/tee/tf-m/tf-m-tests/CMSIS/RTOS2/RTX/Library/GCC/libRTX_V8MMN.a(rtx_kernel.o)
 .debug_abbrev  0x00000000000039d0      0x1b0 E:/Programs/Nordic/v2.0.0/modules/tee/tf-m/tf-m-tests/CMSIS/RTOS2/RTX/Library/GCC/libRTX_V8MMN.a(os_systick.o)
 .debug_abbrev  0x0000000000003b80      0x525 E:/Programs/Nordic/v2.0.0/modules/tee/tf-m/tf-m-tests/CMSIS/RTOS2/RTX/Library/GCC/libRTX_V8MMN.a(rtx_timer.o)

.debug_aranges  0x0000000000000000      0x9f8
 .debug_aranges
                0x0000000000000000       0x30 app/CMakeFiles/tfm_ns.dir/main_ns.o
 .debug_aranges
                0x0000000000000030       0x20 app/CMakeFiles/tfm_ns.dir/E_/Programs/Nordic/v2.0.0/modules/tee/tf-m/trusted-firmware-m/platform/ext/target/nordic_nrf/common/nrf5340/gcc/startup_nrf5340_ns.o
 .debug_aranges
                0x0000000000000050       0x28 app/CMakeFiles/tfm_ns.dir/E_/Programs/Nordic/v2.0.0/modules/tee/tf-m/tf-m-tests/ns_interface/ns_client_ext/tz_shim_layer.o
 .debug_aranges
                0x0000000000000078       0x28 app/CMakeFiles/tfm_ns.dir/E_/Programs/Nordic/v2.0.0/modules/tee/tf-m/tf-m-tests/CMSIS/RTOS2/RTX/Config/RTX_Config.o
 .debug_aranges
                0x00000000000000a0       0x20 app/CMakeFiles/tfm_ns.dir/E_/Programs/Nordic/v2.0.0/modules/tee/tf-m/tf-m-tests/CMSIS/RTOS2/RTX/Source/rtx_lib.o
 .debug_aranges
                0x00000000000000c0       0xa8 app/CMakeFiles/tfm_ns.dir/os_wrapper_cmsis_rtos_v2.o
 .debug_aranges
                0x0000000000000168       0x38 platform/libplatform_ns.a(uart_stdout.o)
 .debug_aranges
                0x00000000000001a0       0xd8 platform/libplatform_ns.a(Driver_USART.o)
 .debug_aranges
                0x0000000000000278       0xa0 platform/libplatform_ns.a(nrfx_uarte.o)
 .debug_aranges
                0x0000000000000318       0x38 platform/libplatform_ns.a(system_nrf5340_application.o)
 .debug_aranges
                0x0000000000000350       0x28 app/libtfm_api_ns.a(tfm_ns_interface.o)
 .debug_aranges
                0x0000000000000378       0x40 ns_log/libtfm_ns_log.a(tfm_log_raw.o)
 .debug_aranges
                0x00000000000003b8       0x20 E:/Programs/Nordic/v2.0.0/modules/tee/tf-m/tf-m-tests/CMSIS/RTOS2/RTX/Library/GCC/libRTX_V8MMN.a(irq_armv8mml.o)
 .debug_aranges
                0x00000000000003d8       0x30 E:/Programs/Nordic/v2.0.0/modules/tee/tf-m/tf-m-tests/CMSIS/RTOS2/RTX/Library/GCC/libRTX_V8MMN.a(rtx_system.o)
 .debug_aranges
                0x0000000000000408       0xc0 E:/Programs/Nordic/v2.0.0/modules/tee/tf-m/tf-m-tests/CMSIS/RTOS2/RTX/Library/GCC/libRTX_V8MMN.a(rtx_msgqueue.o)
 .debug_aranges
                0x00000000000004c8       0xc8 E:/Programs/Nordic/v2.0.0/modules/tee/tf-m/tf-m-tests/CMSIS/RTOS2/RTX/Library/GCC/libRTX_V8MMN.a(rtx_mempool.o)
 .debug_aranges
                0x0000000000000590       0x30 E:/Programs/Nordic/v2.0.0/modules/tee/tf-m/tf-m-tests/CMSIS/RTOS2/RTX/Library/GCC/libRTX_V8MMN.a(rtx_memory.o)
 .debug_aranges
                0x00000000000005c0       0x80 E:/Programs/Nordic/v2.0.0/modules/tee/tf-m/tf-m-tests/CMSIS/RTOS2/RTX/Library/GCC/libRTX_V8MMN.a(rtx_mutex.o)
 .debug_aranges
                0x0000000000000640      0x1e0 E:/Programs/Nordic/v2.0.0/modules/tee/tf-m/tf-m-tests/CMSIS/RTOS2/RTX/Library/GCC/libRTX_V8MMN.a(rtx_thread.o)
 .debug_aranges
                0x0000000000000820       0xf0 E:/Programs/Nordic/v2.0.0/modules/tee/tf-m/tf-m-tests/CMSIS/RTOS2/RTX/Library/GCC/libRTX_V8MMN.a(rtx_kernel.o)
 .debug_aranges
                0x0000000000000910       0x60 E:/Programs/Nordic/v2.0.0/modules/tee/tf-m/tf-m-tests/CMSIS/RTOS2/RTX/Library/GCC/libRTX_V8MMN.a(os_systick.o)
 .debug_aranges
                0x0000000000000970       0x88 E:/Programs/Nordic/v2.0.0/modules/tee/tf-m/tf-m-tests/CMSIS/RTOS2/RTX/Library/GCC/libRTX_V8MMN.a(rtx_timer.o)

.debug_ranges   0x0000000000000000     0x2e20
 .debug_ranges  0x0000000000000000       0x20 app/CMakeFiles/tfm_ns.dir/main_ns.o
 .debug_ranges  0x0000000000000020       0x18 app/CMakeFiles/tfm_ns.dir/E_/Programs/Nordic/v2.0.0/modules/tee/tf-m/tf-m-tests/ns_interface/ns_client_ext/tz_shim_layer.o
 .debug_ranges  0x0000000000000038       0x18 app/CMakeFiles/tfm_ns.dir/E_/Programs/Nordic/v2.0.0/modules/tee/tf-m/tf-m-tests/CMSIS/RTOS2/RTX/Config/RTX_Config.o
 .debug_ranges  0x0000000000000050       0x10 app/CMakeFiles/tfm_ns.dir/E_/Programs/Nordic/v2.0.0/modules/tee/tf-m/tf-m-tests/CMSIS/RTOS2/RTX/Source/rtx_lib.o
 .debug_ranges  0x0000000000000060       0x98 app/CMakeFiles/tfm_ns.dir/os_wrapper_cmsis_rtos_v2.o
 .debug_ranges  0x00000000000000f8       0x40 platform/libplatform_ns.a(uart_stdout.o)
 .debug_ranges  0x0000000000000138      0x1e8 platform/libplatform_ns.a(Driver_USART.o)
 .debug_ranges  0x0000000000000320      0x530 platform/libplatform_ns.a(nrfx_uarte.o)
 .debug_ranges  0x0000000000000850       0x28 platform/libplatform_ns.a(system_nrf5340_application.o)
 .debug_ranges  0x0000000000000878       0x18 app/libtfm_api_ns.a(tfm_ns_interface.o)
 .debug_ranges  0x0000000000000890       0x60 ns_log/libtfm_ns_log.a(tfm_log_raw.o)
 .debug_ranges  0x00000000000008f0       0xe8 E:/Programs/Nordic/v2.0.0/modules/tee/tf-m/tf-m-tests/CMSIS/RTOS2/RTX/Library/GCC/libRTX_V8MMN.a(rtx_system.o)
 .debug_ranges  0x00000000000009d8      0x5f8 E:/Programs/Nordic/v2.0.0/modules/tee/tf-m/tf-m-tests/CMSIS/RTOS2/RTX/Library/GCC/libRTX_V8MMN.a(rtx_msgqueue.o)
 .debug_ranges  0x0000000000000fd0      0x5a8 E:/Programs/Nordic/v2.0.0/modules/tee/tf-m/tf-m-tests/CMSIS/RTOS2/RTX/Library/GCC/libRTX_V8MMN.a(rtx_mempool.o)
 .debug_ranges  0x0000000000001578       0xa0 E:/Programs/Nordic/v2.0.0/modules/tee/tf-m/tf-m-tests/CMSIS/RTOS2/RTX/Library/GCC/libRTX_V8MMN.a(rtx_memory.o)
 .debug_ranges  0x0000000000001618      0x180 E:/Programs/Nordic/v2.0.0/modules/tee/tf-m/tf-m-tests/CMSIS/RTOS2/RTX/Library/GCC/libRTX_V8MMN.a(rtx_mutex.o)
 .debug_ranges  0x0000000000001798     0x1048 E:/Programs/Nordic/v2.0.0/modules/tee/tf-m/tf-m-tests/CMSIS/RTOS2/RTX/Library/GCC/libRTX_V8MMN.a(rtx_thread.o)
 .debug_ranges  0x00000000000027e0      0x3f0 E:/Programs/Nordic/v2.0.0/modules/tee/tf-m/tf-m-tests/CMSIS/RTOS2/RTX/Library/GCC/libRTX_V8MMN.a(rtx_kernel.o)
 .debug_ranges  0x0000000000002bd0       0x50 E:/Programs/Nordic/v2.0.0/modules/tee/tf-m/tf-m-tests/CMSIS/RTOS2/RTX/Library/GCC/libRTX_V8MMN.a(os_systick.o)
 .debug_ranges  0x0000000000002c20      0x200 E:/Programs/Nordic/v2.0.0/modules/tee/tf-m/tf-m-tests/CMSIS/RTOS2/RTX/Library/GCC/libRTX_V8MMN.a(rtx_timer.o)

.debug_line     0x0000000000000000     0xe762
 .debug_line    0x0000000000000000      0x2f8 app/CMakeFiles/tfm_ns.dir/main_ns.o
 .debug_line    0x00000000000002f8      0x101 app/CMakeFiles/tfm_ns.dir/E_/Programs/Nordic/v2.0.0/modules/tee/tf-m/trusted-firmware-m/platform/ext/target/nordic_nrf/common/nrf5340/gcc/startup_nrf5340_ns.o
 .debug_line    0x00000000000003f9      0x202 app/CMakeFiles/tfm_ns.dir/E_/Programs/Nordic/v2.0.0/modules/tee/tf-m/tf-m-tests/ns_interface/ns_client_ext/tz_shim_layer.o
 .debug_line    0x00000000000005fb      0x1ba app/CMakeFiles/tfm_ns.dir/E_/Programs/Nordic/v2.0.0/modules/tee/tf-m/tf-m-tests/CMSIS/RTOS2/RTX/Config/RTX_Config.o
 .debug_line    0x00000000000007b5      0x230 app/CMakeFiles/tfm_ns.dir/E_/Programs/Nordic/v2.0.0/modules/tee/tf-m/tf-m-tests/CMSIS/RTOS2/RTX/Source/rtx_lib.o
 .debug_line    0x00000000000009e5      0x5ba app/CMakeFiles/tfm_ns.dir/os_wrapper_cmsis_rtos_v2.o
 .debug_line    0x0000000000000f9f      0x2bf platform/libplatform_ns.a(uart_stdout.o)
 .debug_line    0x000000000000125e      0x9d6 platform/libplatform_ns.a(Driver_USART.o)
 .debug_line    0x0000000000001c34     0x188c platform/libplatform_ns.a(nrfx_uarte.o)
 .debug_line    0x00000000000034c0      0x243 platform/libplatform_ns.a(system_nrf5340_application.o)
 .debug_line    0x0000000000003703      0x2c1 app/libtfm_api_ns.a(tfm_ns_interface.o)
 .debug_line    0x00000000000039c4      0x540 ns_log/libtfm_ns_log.a(tfm_log_raw.o)
 .debug_line    0x0000000000003f04       0xc2 E:/Programs/Nordic/v2.0.0/modules/tee/tf-m/tf-m-tests/CMSIS/RTOS2/RTX/Library/GCC/libRTX_V8MMN.a(irq_armv8mml.o)
 .debug_line    0x0000000000003fc6      0x57a E:/Programs/Nordic/v2.0.0/modules/tee/tf-m/tf-m-tests/CMSIS/RTOS2/RTX/Library/GCC/libRTX_V8MMN.a(rtx_system.o)
 .debug_line    0x0000000000004540     0x1b10 E:/Programs/Nordic/v2.0.0/modules/tee/tf-m/tf-m-tests/CMSIS/RTOS2/RTX/Library/GCC/libRTX_V8MMN.a(rtx_msgqueue.o)
 .debug_line    0x0000000000006050     0x1564 E:/Programs/Nordic/v2.0.0/modules/tee/tf-m/tf-m-tests/CMSIS/RTOS2/RTX/Library/GCC/libRTX_V8MMN.a(rtx_mempool.o)
 .debug_line    0x00000000000075b4      0x5b1 E:/Programs/Nordic/v2.0.0/modules/tee/tf-m/tf-m-tests/CMSIS/RTOS2/RTX/Library/GCC/libRTX_V8MMN.a(rtx_memory.o)
 .debug_line    0x0000000000007b65      0xc29 E:/Programs/Nordic/v2.0.0/modules/tee/tf-m/tf-m-tests/CMSIS/RTOS2/RTX/Library/GCC/libRTX_V8MMN.a(rtx_mutex.o)
 .debug_line    0x000000000000878e     0x3c28 E:/Programs/Nordic/v2.0.0/modules/tee/tf-m/tf-m-tests/CMSIS/RTOS2/RTX/Library/GCC/libRTX_V8MMN.a(rtx_thread.o)
 .debug_line    0x000000000000c3b6     0x138b E:/Programs/Nordic/v2.0.0/modules/tee/tf-m/tf-m-tests/CMSIS/RTOS2/RTX/Library/GCC/libRTX_V8MMN.a(rtx_kernel.o)
 .debug_line    0x000000000000d741      0x376 E:/Programs/Nordic/v2.0.0/modules/tee/tf-m/tf-m-tests/CMSIS/RTOS2/RTX/Library/GCC/libRTX_V8MMN.a(os_systick.o)
 .debug_line    0x000000000000dab7      0xcab E:/Programs/Nordic/v2.0.0/modules/tee/tf-m/tf-m-tests/CMSIS/RTOS2/RTX/Library/GCC/libRTX_V8MMN.a(rtx_timer.o)

.debug_str      0x0000000000000000     0x5cbc
 .debug_str     0x0000000000000000      0x202 app/CMakeFiles/tfm_ns.dir/main_ns.o
                                        0x243 (size before relaxing)
 .debug_str     0x0000000000000202       0x93 app/CMakeFiles/tfm_ns.dir/E_/Programs/Nordic/v2.0.0/modules/tee/tf-m/trusted-firmware-m/platform/ext/target/nordic_nrf/common/nrf5340/gcc/startup_nrf5340_ns.o
                                         0xb1 (size before relaxing)
 .debug_str     0x0000000000000295       0xf1 app/CMakeFiles/tfm_ns.dir/E_/Programs/Nordic/v2.0.0/modules/tee/tf-m/tf-m-tests/ns_interface/ns_client_ext/tz_shim_layer.o
                                        0x25a (size before relaxing)
 .debug_str     0x0000000000000386       0x8e app/CMakeFiles/tfm_ns.dir/E_/Programs/Nordic/v2.0.0/modules/tee/tf-m/tf-m-tests/CMSIS/RTOS2/RTX/Config/RTX_Config.o
                                        0x205 (size before relaxing)
 .debug_str     0x0000000000000414      0x9c3 app/CMakeFiles/tfm_ns.dir/E_/Programs/Nordic/v2.0.0/modules/tee/tf-m/tf-m-tests/CMSIS/RTOS2/RTX/Source/rtx_lib.o
                                        0xbf8 (size before relaxing)
 .debug_str     0x0000000000000dd7      0x4c5 app/CMakeFiles/tfm_ns.dir/os_wrapper_cmsis_rtos_v2.o
                                        0xaf3 (size before relaxing)
 .debug_str     0x000000000000129c      0x2c8 platform/libplatform_ns.a(uart_stdout.o)
                                        0x5a9 (size before relaxing)
 .debug_str     0x0000000000001564      0xd5e platform/libplatform_ns.a(Driver_USART.o)
                                       0x12bb (size before relaxing)
 .debug_str     0x00000000000022c2     0x1089 platform/libplatform_ns.a(nrfx_uarte.o)
                                       0x1bf7 (size before relaxing)
 .debug_str     0x000000000000334b      0x69b platform/libplatform_ns.a(system_nrf5340_application.o)
                                        0x8eb (size before relaxing)
 .debug_str     0x00000000000039e6       0x94 app/libtfm_api_ns.a(tfm_ns_interface.o)
                                        0x281 (size before relaxing)
 .debug_str     0x0000000000003a7a      0x11b ns_log/libtfm_ns_log.a(tfm_log_raw.o)
                                        0x2fa (size before relaxing)
 .debug_str     0x0000000000003b95       0x6e E:/Programs/Nordic/v2.0.0/modules/tee/tf-m/tf-m-tests/CMSIS/RTOS2/RTX/Library/GCC/libRTX_V8MMN.a(irq_armv8mml.o)
 .debug_str     0x0000000000003c03      0x865 E:/Programs/Nordic/v2.0.0/modules/tee/tf-m/tf-m-tests/CMSIS/RTOS2/RTX/Library/GCC/libRTX_V8MMN.a(rtx_system.o)
                                       0x12ca (size before relaxing)
 .debug_str     0x0000000000004468      0x534 E:/Programs/Nordic/v2.0.0/modules/tee/tf-m/tf-m-tests/CMSIS/RTOS2/RTX/Library/GCC/libRTX_V8MMN.a(rtx_msgqueue.o)
                                       0x1620 (size before relaxing)
 .debug_str     0x000000000000499c      0x36e E:/Programs/Nordic/v2.0.0/modules/tee/tf-m/tf-m-tests/CMSIS/RTOS2/RTX/Library/GCC/libRTX_V8MMN.a(rtx_mempool.o)
                                       0x159d (size before relaxing)
 .debug_str     0x0000000000004d0a       0x83 E:/Programs/Nordic/v2.0.0/modules/tee/tf-m/tf-m-tests/CMSIS/RTOS2/RTX/Library/GCC/libRTX_V8MMN.a(rtx_memory.o)
                                       0x104a (size before relaxing)
 .debug_str     0x0000000000004d8d      0x171 E:/Programs/Nordic/v2.0.0/modules/tee/tf-m/tf-m-tests/CMSIS/RTOS2/RTX/Library/GCC/libRTX_V8MMN.a(rtx_mutex.o)
                                       0x1370 (size before relaxing)
 .debug_str     0x0000000000004efe      0x683 E:/Programs/Nordic/v2.0.0/modules/tee/tf-m/tf-m-tests/CMSIS/RTOS2/RTX/Library/GCC/libRTX_V8MMN.a(rtx_thread.o)
                                       0x1a88 (size before relaxing)
 .debug_str     0x0000000000005581      0x46a E:/Programs/Nordic/v2.0.0/modules/tee/tf-m/tf-m-tests/CMSIS/RTOS2/RTX/Library/GCC/libRTX_V8MMN.a(rtx_kernel.o)
                                       0x1785 (size before relaxing)
 .debug_str     0x00000000000059eb       0xec E:/Programs/Nordic/v2.0.0/modules/tee/tf-m/tf-m-tests/CMSIS/RTOS2/RTX/Library/GCC/libRTX_V8MMN.a(os_systick.o)
                                        0x507 (size before relaxing)
 .debug_str     0x0000000000005ad7      0x1e5 E:/Programs/Nordic/v2.0.0/modules/tee/tf-m/tf-m-tests/CMSIS/RTOS2/RTX/Library/GCC/libRTX_V8MMN.a(rtx_timer.o)
                                       0x1316 (size before relaxing)

.debug_frame    0x0000000000000000     0x18fc
 .debug_frame   0x0000000000000000       0x58 app/CMakeFiles/tfm_ns.dir/main_ns.o
 .debug_frame   0x0000000000000058       0x60 app/CMakeFiles/tfm_ns.dir/E_/Programs/Nordic/v2.0.0/modules/tee/tf-m/tf-m-tests/ns_interface/ns_client_ext/tz_shim_layer.o
 .debug_frame   0x00000000000000b8       0x30 app/CMakeFiles/tfm_ns.dir/E_/Programs/Nordic/v2.0.0/modules/tee/tf-m/tf-m-tests/CMSIS/RTOS2/RTX/Config/RTX_Config.o
 .debug_frame   0x00000000000000e8       0x20 app/CMakeFiles/tfm_ns.dir/E_/Programs/Nordic/v2.0.0/modules/tee/tf-m/tf-m-tests/CMSIS/RTOS2/RTX/Source/rtx_lib.o
 .debug_frame   0x0000000000000108      0x1c4 app/CMakeFiles/tfm_ns.dir/os_wrapper_cmsis_rtos_v2.o
 .debug_frame   0x00000000000002cc       0x80 platform/libplatform_ns.a(uart_stdout.o)
 .debug_frame   0x000000000000034c      0x20c platform/libplatform_ns.a(Driver_USART.o)
 .debug_frame   0x0000000000000558      0x190 platform/libplatform_ns.a(nrfx_uarte.o)
 .debug_frame   0x00000000000006e8       0x50 platform/libplatform_ns.a(system_nrf5340_application.o)
 .debug_frame   0x0000000000000738       0x48 app/libtfm_api_ns.a(tfm_ns_interface.o)
 .debug_frame   0x0000000000000780       0xd0 ns_log/libtfm_ns_log.a(tfm_log_raw.o)
 .debug_frame   0x0000000000000850       0x84 E:/Programs/Nordic/v2.0.0/modules/tee/tf-m/tf-m-tests/CMSIS/RTOS2/RTX/Library/GCC/libRTX_V8MMN.a(rtx_system.o)
 .debug_frame   0x00000000000008d4      0x204 E:/Programs/Nordic/v2.0.0/modules/tee/tf-m/tf-m-tests/CMSIS/RTOS2/RTX/Library/GCC/libRTX_V8MMN.a(rtx_msgqueue.o)
 .debug_frame   0x0000000000000ad8      0x21c E:/Programs/Nordic/v2.0.0/modules/tee/tf-m/tf-m-tests/CMSIS/RTOS2/RTX/Library/GCC/libRTX_V8MMN.a(rtx_mempool.o)
 .debug_frame   0x0000000000000cf4       0xa4 E:/Programs/Nordic/v2.0.0/modules/tee/tf-m/tf-m-tests/CMSIS/RTOS2/RTX/Library/GCC/libRTX_V8MMN.a(rtx_memory.o)
 .debug_frame   0x0000000000000d98      0x134 E:/Programs/Nordic/v2.0.0/modules/tee/tf-m/tf-m-tests/CMSIS/RTOS2/RTX/Library/GCC/libRTX_V8MMN.a(rtx_mutex.o)
 .debug_frame   0x0000000000000ecc      0x54c E:/Programs/Nordic/v2.0.0/modules/tee/tf-m/tf-m-tests/CMSIS/RTOS2/RTX/Library/GCC/libRTX_V8MMN.a(rtx_thread.o)
 .debug_frame   0x0000000000001418      0x234 E:/Programs/Nordic/v2.0.0/modules/tee/tf-m/tf-m-tests/CMSIS/RTOS2/RTX/Library/GCC/libRTX_V8MMN.a(rtx_kernel.o)
 .debug_frame   0x000000000000164c       0xb0 E:/Programs/Nordic/v2.0.0/modules/tee/tf-m/tf-m-tests/CMSIS/RTOS2/RTX/Library/GCC/libRTX_V8MMN.a(os_systick.o)
 .debug_frame   0x00000000000016fc      0x164 E:/Programs/Nordic/v2.0.0/modules/tee/tf-m/tf-m-tests/CMSIS/RTOS2/RTX/Library/GCC/libRTX_V8MMN.a(rtx_timer.o)
 .debug_frame   0x0000000000001860       0x28 e:/programs/nordic/toolchains/v2.0.0/opt/zephyr-sdk/arm-zephyr-eabi/bin/../lib/gcc/arm-zephyr-eabi/10.3.0/../../../../arm-zephyr-eabi/lib/thumb/v8-m.main/nofp\libc_nano.a(lib_a-exit.o)
 .debug_frame   0x0000000000001888       0x2c e:/programs/nordic/toolchains/v2.0.0/opt/zephyr-sdk/arm-zephyr-eabi/bin/../lib/gcc/arm-zephyr-eabi/10.3.0/../../../../arm-zephyr-eabi/lib/thumb/v8-m.main/nofp\libc_nano.a(lib_a-init.o)
 .debug_frame   0x00000000000018b4       0x28 e:/programs/nordic/toolchains/v2.0.0/opt/zephyr-sdk/arm-zephyr-eabi/bin/../lib/gcc/arm-zephyr-eabi/10.3.0/../../../../arm-zephyr-eabi/lib/thumb/v8-m.main/nofp\libc_nano.a(lib_a-memcpy-stub.o)
 .debug_frame   0x00000000000018dc       0x20 e:/programs/nordic/toolchains/v2.0.0/opt/zephyr-sdk/arm-zephyr-eabi/bin/../lib/gcc/arm-zephyr-eabi/10.3.0/../../../../arm-zephyr-eabi/lib/thumb/v8-m.main/nofp\libc_nano.a(lib_a-memset.o)

.debug_loc      0x0000000000000000    0x10fae
 .debug_loc     0x0000000000000000       0x25 app/CMakeFiles/tfm_ns.dir/E_/Programs/Nordic/v2.0.0/modules/tee/tf-m/tf-m-tests/ns_interface/ns_client_ext/tz_shim_layer.o
 .debug_loc     0x0000000000000025       0x3f app/CMakeFiles/tfm_ns.dir/E_/Programs/Nordic/v2.0.0/modules/tee/tf-m/tf-m-tests/CMSIS/RTOS2/RTX/Config/RTX_Config.o
 .debug_loc     0x0000000000000064      0x5ae app/CMakeFiles/tfm_ns.dir/os_wrapper_cmsis_rtos_v2.o
 .debug_loc     0x0000000000000612       0xe8 platform/libplatform_ns.a(uart_stdout.o)
 .debug_loc     0x00000000000006fa      0xa8f platform/libplatform_ns.a(Driver_USART.o)
 .debug_loc     0x0000000000001189     0x1dd6 platform/libplatform_ns.a(nrfx_uarte.o)
 .debug_loc     0x0000000000002f5f       0x61 platform/libplatform_ns.a(system_nrf5340_application.o)
 .debug_loc     0x0000000000002fc0      0x13d app/libtfm_api_ns.a(tfm_ns_interface.o)
 .debug_loc     0x00000000000030fd      0x4bf ns_log/libtfm_ns_log.a(tfm_log_raw.o)
 .debug_loc     0x00000000000035bc      0x2cd E:/Programs/Nordic/v2.0.0/modules/tee/tf-m/tf-m-tests/CMSIS/RTOS2/RTX/Library/GCC/libRTX_V8MMN.a(rtx_system.o)
 .debug_loc     0x0000000000003889     0x2a23 E:/Programs/Nordic/v2.0.0/modules/tee/tf-m/tf-m-tests/CMSIS/RTOS2/RTX/Library/GCC/libRTX_V8MMN.a(rtx_msgqueue.o)
 .debug_loc     0x00000000000062ac     0x2201 E:/Programs/Nordic/v2.0.0/modules/tee/tf-m/tf-m-tests/CMSIS/RTOS2/RTX/Library/GCC/libRTX_V8MMN.a(rtx_mempool.o)
 .debug_loc     0x00000000000084ad      0x842 E:/Programs/Nordic/v2.0.0/modules/tee/tf-m/tf-m-tests/CMSIS/RTOS2/RTX/Library/GCC/libRTX_V8MMN.a(rtx_memory.o)
 .debug_loc     0x0000000000008cef      0xbc3 E:/Programs/Nordic/v2.0.0/modules/tee/tf-m/tf-m-tests/CMSIS/RTOS2/RTX/Library/GCC/libRTX_V8MMN.a(rtx_mutex.o)
 .debug_loc     0x00000000000098b2     0x585e E:/Programs/Nordic/v2.0.0/modules/tee/tf-m/tf-m-tests/CMSIS/RTOS2/RTX/Library/GCC/libRTX_V8MMN.a(rtx_thread.o)
 .debug_loc     0x000000000000f110      0xe75 E:/Programs/Nordic/v2.0.0/modules/tee/tf-m/tf-m-tests/CMSIS/RTOS2/RTX/Library/GCC/libRTX_V8MMN.a(rtx_kernel.o)
 .debug_loc     0x000000000000ff85       0xd6 E:/Programs/Nordic/v2.0.0/modules/tee/tf-m/tf-m-tests/CMSIS/RTOS2/RTX/Library/GCC/libRTX_V8MMN.a(os_systick.o)
 .debug_loc     0x000000000001005b      0xf53 E:/Programs/Nordic/v2.0.0/modules/tee/tf-m/tf-m-tests/CMSIS/RTOS2/RTX/Library/GCC/libRTX_V8MMN.a(rtx_timer.o)
